<html>
<body>
<pre>
<h1>µVision Build Log</h1>
<h2>Tool Versions:</h2>
IDE-Version: µVision V5.24.2.0
Copyright (C) 2017 ARM Ltd and ARM Germany GmbH. All rights reserved.
License Information: Hai Chau Thanh, BKU, LIC=JDAQD-871CS-48ZFA-1PZ6W-BPK17-G2ZRR
 
Tool Versions:
Toolchain:       MDK-ARM Professional  Version: 5.24.1
Toolchain Path:  F:\Keil_v5\ARM\ARMCC\Bin
C Compiler:      Armcc.exe V5.06 update 5 (build 528)
Assembler:       Armasm.exe V5.06 update 5 (build 528)
Linker/Locator:  ArmLink.exe V5.06 update 5 (build 528)
Library Manager: ArmAr.exe V5.06 update 5 (build 528)
Hex Converter:   FromElf.exe V5.06 update 5 (build 528)
CPU DLL:         SARMCM3.DLL V5.24.1
Dialog DLL:      DCM.DLL V1.16.0.0
Target DLL:      STLink\ST-LINKIII-KEIL_SWO.dll V3.0.1.0
Dialog DLL:      TCM.DLL V1.32.0.0
 
<h2>Project:</h2>
E:\Master\VIAMLAB\AUV Project\AUV_Coding\AUV_Black_Box\AUV_Black_Box.uvprojx
Project File Date:  03/22/2020

<h2>Output:</h2>
*** Using Compiler 'V5.06 update 5 (build 528)', folder: 'F:\Keil_v5\ARM\ARMCC\Bin'
Rebuild target 'AUV_Black_Box'
compiling User_ResetHardfault.c...
compiling main.c...
compiling User_CAN.c...
User_CAN.c(40): warning:  #177-D: variable "_IDCANBUS_ARM_1"  was declared but never referenced
  static int _IDCANBUS_ARM_1 = 0x121;
User_CAN.c(41): warning:  #177-D: variable "_IDCANBUS_ARM_2"  was declared but never referenced
  static int _IDCANBUS_ARM_2 = 0x122;
User_CAN.c(42): warning:  #177-D: variable "_IDCANBUS_MASS_SHIFTER"  was declared but never referenced
  static int _IDCANBUS_MASS_SHIFTER = 0x123;
User_CAN.c(43): warning:  #177-D: variable "_IDCANBUS_PISTOL"  was declared but never referenced
  static int _IDCANBUS_PISTOL = 0x124;
User_CAN.c(44): warning:  #177-D: variable "_IDCANBUS_THRUSTER"  was declared but never referenced
  static int _IDCANBUS_THRUSTER = 0x125;
User_CAN.c(45): warning:  #177-D: variable "_IDCANBUS_EPC"  was declared but never referenced
  static int _IDCANBUS_EPC = 0x126;
User_CAN.c(46): warning:  #177-D: variable "_IDCANBUS_BLACKBOX"  was declared but never referenced
  static int _IDCANBUS_BLACKBOX = 0x127;
User_CAN.c: 7 warnings, 0 errors
compiling User_GSM.c...
User_GSM.c(169): warning:  #177-D: variable "_strtemp"  was declared but never referenced
  	char _strtemp[10];
User_GSM.c(170): warning:  #177-D: variable "i"  was declared but never referenced
  	uint8_t i = 0;
User_GSM.c(44): warning:  #177-D: variable "_flag_check"  was declared but never referenced
  static UGSM_FlagStatus _flag_check = _ERROR;
User_GSM.c: 3 warnings, 0 errors
compiling User_Delay.c...
compiling User_XBEE.c...
compiling User_RCServo.c...
compiling User_GPS_INS.c...
User_GPS_INS.c(100): warning:  #177-D: variable "DMA_InitStruct"  was declared but never referenced
  	DMA_InitTypeDef DMA_InitStruct;
User_GPS_INS.c(60): warning:  #177-D: variable "my_com_change_freq_100Hz"  was declared but never referenced
  static char my_com_change_freq_100Hz[] = "$Viam_Navi,Change_Freq_100Hz\r\n";
User_GPS_INS.c(61): warning:  #177-D: variable "my_com_change_freq_50Hz"  was declared but never referenced
  static char my_com_change_freq_50Hz[] = "$Viam_Navi,Change_Freq_50Hz\r\n";
User_GPS_INS.c(62): warning:  #177-D: variable "my_com_change_freq_25Hz"  was declared but never referenced
  static char my_com_change_freq_25Hz[] = "$Viam_Navi,Change_Freq_25Hz\r\n";
User_GPS_INS.c(63): warning:  #177-D: variable "my_com_change_freq_20Hz"  was declared but never referenced
  static char my_com_change_freq_20Hz[] = "$Viam_Navi,Change_Freq_20Hz\r\n";
User_GPS_INS.c(64): warning:  #177-D: variable "my_com_change_freq_10Hz"  was declared but never referenced
  static char my_com_change_freq_10Hz[] = "$Viam_Navi,Change_Freq_10Hz\r\n";
User_GPS_INS.c(65): warning:  #177-D: variable "my_com_change_freq_5Hz"  was declared but never referenced
  static char my_com_change_freq_5Hz[] = "$Viam_Navi,Change_Freq_5Hz\r\n";
User_GPS_INS.c(66): warning:  #177-D: variable "my_com_change_freq_4Hz"  was declared but never referenced
  static char my_com_change_freq_4Hz[] = "$Viam_Navi,Change_Freq_4Hz\r\n";
User_GPS_INS.c(67): warning:  #177-D: variable "my_com_change_freq_2Hz"  was declared but never referenced
  static char my_com_change_freq_2Hz[] = "$Viam_Navi,Change_Freq_2Hz\r\n";
User_GPS_INS.c(68): warning:  #177-D: variable "my_com_change_freq_1Hz"  was declared but never referenced
  static char my_com_change_freq_1Hz[] = "$Viam_Navi,Change_Freq_1Hz\r\n";
User_GPS_INS.c: 10 warnings, 0 errors
compiling core_cm3.c...
assembling startup_stm32f10x_md.s...
compiling stm32f10x_it.c...
CMSIS\stm32f10x_it.c(137): warning:  #223-D: function "TimingDelay_Decrement" declared implicitly
    TimingDelay_Decrement();
CMSIS\stm32f10x_it.c: 1 warning, 0 errors
compiling system_stm32f10x.c...
compiling misc.c...
compiling stm32f10x_can.c...
compiling stm32f10x_dma.c...
compiling stm32f10x_gpio.c...
compiling stm32f10x_flash.c...
compiling stm32f10x_rcc.c...
compiling stm32f10x_usart.c...
compiling stm32f10x_wwdg.c...
compiling stm32f10x_iwdg.c...
compiling stm32f10x_tim.c...
linking...
Program Size: Code=7108 RO-data=268 RW-data=532 ZI-data=1252  
FromELF: creating hex file...
".\Objects\AUV_Black_Box.axf" - 0 Error(s), 21 Warning(s).

<h2>Software Packages used:</h2>

Package Vendor: Keil
                http://www.keil.com/pack/Keil.STM32F1xx_DFP.2.2.0.pack
                Keil.STM32F1xx_DFP.2.2.0
                STMicroelectronics STM32F1 Series Device Support, Drivers and Examples

<h2>Collection of Component include folders:</h2>
  .\RTE\_AUV_Black_Box
  F:\Keil_v5\ARM\PACK\Keil\STM32F1xx_DFP\2.2.0\Device\Include

<h2>Collection of Component Files used:</h2>
Build Time Elapsed:  00:00:16
</pre>
</body>
</html>
