Component: ARM Compiler 5.06 update 6 (build 750) Tool: armlink [4d35ed]

==============================================================================

Section Cross References

    main.o(i.SystemClock_Config) refers to stm32f4xx_rcc.o(i.RCC_DeInit) for RCC_DeInit
    main.o(i.SystemClock_Config) refers to stm32f4xx_rcc.o(i.RCC_HSEConfig) for RCC_HSEConfig
    main.o(i.SystemClock_Config) refers to stm32f4xx_rcc.o(i.RCC_WaitForHSEStartUp) for RCC_WaitForHSEStartUp
    main.o(i.SystemClock_Config) refers to stm32f4xx_rcc.o(i.RCC_PLLConfig) for RCC_PLLConfig
    main.o(i.SystemClock_Config) refers to stm32f4xx_rcc.o(i.RCC_PLLCmd) for RCC_PLLCmd
    main.o(i.SystemClock_Config) refers to stm32f4xx_rcc.o(i.RCC_GetFlagStatus) for RCC_GetFlagStatus
    main.o(i.SystemClock_Config) refers to stm32f4xx_flash.o(i.FLASH_SetLatency) for FLASH_SetLatency
    main.o(i.SystemClock_Config) refers to stm32f4xx_rcc.o(i.RCC_HCLKConfig) for RCC_HCLKConfig
    main.o(i.SystemClock_Config) refers to stm32f4xx_rcc.o(i.RCC_PCLK1Config) for RCC_PCLK1Config
    main.o(i.SystemClock_Config) refers to stm32f4xx_rcc.o(i.RCC_PCLK2Config) for RCC_PCLK2Config
    main.o(i.SystemClock_Config) refers to stm32f4xx_rcc.o(i.RCC_SYSCLKConfig) for RCC_SYSCLKConfig
    main.o(i.SystemClock_Config) refers to system_stm32f4xx.o(i.SystemCoreClockUpdate) for SystemCoreClockUpdate
    main.o(i.main) refers to main.o(i.SystemClock_Config) for SystemClock_Config
    main.o(i.main) refers to stm32f4xx_rcc.o(i.RCC_GetClocksFreq) for RCC_GetClocksFreq
    main.o(i.main) refers to my_delay.o(i.UDELAY_Configuration) for UDELAY_Configuration
    main.o(i.main) refers to my_delay.o(i.UDELAY_ms) for UDELAY_ms
    main.o(i.main) refers to my_io.o(i.UIO_Configuration) for UIO_Configuration
    main.o(i.main) refers to my_can.o(i.UCAN_Configure) for UCAN_Configure
    main.o(i.main) refers to my_pistonmotor.o(i.UPIS_Configuration) for UPIS_Configuration
    main.o(i.main) refers to my_pistonmotor.o(i.UPIS_StartEncoder) for UPIS_StartEncoder
    main.o(i.main) refers to my_pistonmotor.o(i.UPIS_SetGain) for UPIS_SetGain
    main.o(i.main) refers to my_pistonmotor.o(i.UPIS_SetDesiredPosition) for UPIS_SetDesiredPosition
    main.o(i.main) refers to my_pistonmotor.o(i.UPIS_GetLPFDesiredPosition) for UPIS_GetLPFDesiredPosition
    main.o(i.main) refers to my_pistonmotor.o(i.UPIS_GetCurrentPosition) for UPIS_GetCurrentPosition
    main.o(i.main) refers to my_pistonmotor.o(i.UPIS_GetFlagUpdatePID) for UPIS_GetFlagUpdatePID
    main.o(i.main) refers to my_pistonmotor.o(i.UPIS_PIDCaculation) for UPIS_PIDCaculation
    main.o(i.main) refers to my_pistonmotor.o(i.UPIS_ResetFlagUpdatePID) for UPIS_ResetFlagUpdatePID
    main.o(i.main) refers to main.o(.bss) for RCC_Clocks
    main.o(i.main) refers to main.o(.data) for __Kd
    my_delay.o(i.UDELAY_Configuration) refers to stm32f4xx_rcc.o(i.RCC_APB1PeriphClockCmd) for RCC_APB1PeriphClockCmd
    my_delay.o(i.UDELAY_Configuration) refers to stm32f4xx_tim.o(i.TIM_TimeBaseInit) for TIM_TimeBaseInit
    my_delay.o(i.UDELAY_Configuration) refers to my_delay.o(.bss) for TIM_TimeBaseStructure
    my_delay.o(i.UDELAY_ms) refers to stm32f4xx_tim.o(i.TIM_TimeBaseInit) for TIM_TimeBaseInit
    my_delay.o(i.UDELAY_ms) refers to stm32f4xx_tim.o(i.TIM_ClearFlag) for TIM_ClearFlag
    my_delay.o(i.UDELAY_ms) refers to stm32f4xx_tim.o(i.TIM_Cmd) for TIM_Cmd
    my_delay.o(i.UDELAY_ms) refers to stm32f4xx_tim.o(i.TIM_GetFlagStatus) for TIM_GetFlagStatus
    my_delay.o(i.UDELAY_ms) refers to system_stm32f4xx.o(.data) for SystemCoreClock
    my_delay.o(i.UDELAY_ms) refers to my_delay.o(.bss) for TIM_TimeBaseStructure
    my_delay.o(i.UDELAY_us) refers to stm32f4xx_tim.o(i.TIM_TimeBaseInit) for TIM_TimeBaseInit
    my_delay.o(i.UDELAY_us) refers to stm32f4xx_tim.o(i.TIM_ClearFlag) for TIM_ClearFlag
    my_delay.o(i.UDELAY_us) refers to stm32f4xx_tim.o(i.TIM_Cmd) for TIM_Cmd
    my_delay.o(i.UDELAY_us) refers to stm32f4xx_tim.o(i.TIM_GetFlagStatus) for TIM_GetFlagStatus
    my_delay.o(i.UDELAY_us) refers to system_stm32f4xx.o(.data) for SystemCoreClock
    my_delay.o(i.UDELAY_us) refers to my_delay.o(.bss) for TIM_TimeBaseStructure
    my_camera.o(i.UCAM_AddressSet) refers to my_camera.o(i.UCAM_TransmitData) for UCAM_TransmitData
    my_camera.o(i.UCAM_AddressSet) refers to my_camera.o(.bss) for USART_DataTransmit
    my_camera.o(i.UCAM_Bright) refers to my_camera.o(i.UCAM_TransmitData) for UCAM_TransmitData
    my_camera.o(i.UCAM_Bright) refers to my_camera.o(.bss) for USART_DataTransmit
    my_camera.o(i.UCAM_Configuration) refers to stm32f4xx_rcc.o(i.RCC_AHB1PeriphClockCmd) for RCC_AHB1PeriphClockCmd
    my_camera.o(i.UCAM_Configuration) refers to stm32f4xx_gpio.o(i.GPIO_Init) for GPIO_Init
    my_camera.o(i.UCAM_Configuration) refers to stm32f4xx_gpio.o(i.GPIO_PinAFConfig) for GPIO_PinAFConfig
    my_camera.o(i.UCAM_Configuration) refers to stm32f4xx_rcc.o(i.RCC_APB1PeriphClockCmd) for RCC_APB1PeriphClockCmd
[...]
    Removing stm32f4xx_rcc.o(i.RCC_GetITStatus), (24 bytes).
    Removing stm32f4xx_rcc.o(i.RCC_GetSYSCLKSource), (16 bytes).
    Removing stm32f4xx_rcc.o(i.RCC_HSICmd), (12 bytes).
    Removing stm32f4xx_rcc.o(i.RCC_I2SCLKConfig), (12 bytes).
    Removing stm32f4xx_rcc.o(i.RCC_ITConfig), (32 bytes).
    Removing stm32f4xx_rcc.o(i.RCC_LSEConfig), (44 bytes).
    Removing stm32f4xx_rcc.o(i.RCC_LSEModeConfig), (36 bytes).
    Removing stm32f4xx_rcc.o(i.RCC_LSICmd), (12 bytes).
    Removing stm32f4xx_rcc.o(i.RCC_LTDCCLKDivConfig), (24 bytes).
    Removing stm32f4xx_rcc.o(i.RCC_MCO1Config), (28 bytes).
    Removing stm32f4xx_rcc.o(i.RCC_MCO2Config), (28 bytes).
    Removing stm32f4xx_rcc.o(i.RCC_PLLI2SCmd), (12 bytes).
    Removing stm32f4xx_rcc.o(i.RCC_PLLI2SConfig), (16 bytes).
    Removing stm32f4xx_rcc.o(i.RCC_PLLSAICmd), (12 bytes).
    Removing stm32f4xx_rcc.o(i.RCC_PLLSAIConfig), (24 bytes).
    Removing stm32f4xx_rcc.o(i.RCC_RTCCLKCmd), (12 bytes).
    Removing stm32f4xx_rcc.o(i.RCC_RTCCLKConfig), (60 bytes).
    Removing stm32f4xx_rcc.o(i.RCC_SAIBlockACLKConfig), (24 bytes).
    Removing stm32f4xx_rcc.o(i.RCC_SAIBlockBCLKConfig), (24 bytes).
    Removing stm32f4xx_rcc.o(i.RCC_SAIPLLI2SClkDivConfig), (28 bytes).
    Removing stm32f4xx_rcc.o(i.RCC_SAIPLLSAIClkDivConfig), (28 bytes).
    Removing stm32f4xx_rcc.o(i.RCC_TIMCLKPresConfig), (12 bytes).
    Removing stm32f4xx_flash.o(.rev16_text), (4 bytes).
    Removing stm32f4xx_flash.o(.revsh_text), (4 bytes).
    Removing stm32f4xx_flash.o(.rrx_text), (6 bytes).
    Removing stm32f4xx_flash.o(i.FLASH_ClearFlag), (12 bytes).
    Removing stm32f4xx_flash.o(i.FLASH_DataCacheCmd), (36 bytes).
    Removing stm32f4xx_flash.o(i.FLASH_DataCacheReset), (20 bytes).
    Removing stm32f4xx_flash.o(i.FLASH_EraseAllBank1Sectors), (108 bytes).
    Removing stm32f4xx_flash.o(i.FLASH_EraseAllBank2Sectors), (108 bytes).
    Removing stm32f4xx_flash.o(i.FLASH_EraseAllSectors), (108 bytes).
    Removing stm32f4xx_flash.o(i.FLASH_EraseSector), (136 bytes).
    Removing stm32f4xx_flash.o(i.FLASH_GetFlagStatus), (24 bytes).
    Removing stm32f4xx_flash.o(i.FLASH_GetStatus), (84 bytes).
    Removing stm32f4xx_flash.o(i.FLASH_ITConfig), (32 bytes).
    Removing stm32f4xx_flash.o(i.FLASH_InstructionCacheCmd), (36 bytes).
    Removing stm32f4xx_flash.o(i.FLASH_InstructionCacheReset), (20 bytes).
    Removing stm32f4xx_flash.o(i.FLASH_Lock), (20 bytes).
    Removing stm32f4xx_flash.o(i.FLASH_OB_BORConfig), (28 bytes).
    Removing stm32f4xx_flash.o(i.FLASH_OB_BootConfig), (28 bytes).
    Removing stm32f4xx_flash.o(i.FLASH_OB_GetBOR), (16 bytes).
    Removing stm32f4xx_flash.o(i.FLASH_OB_GetPCROP), (12 bytes).
    Removing stm32f4xx_flash.o(i.FLASH_OB_GetPCROP1), (12 bytes).
    Removing stm32f4xx_flash.o(i.FLASH_OB_GetRDP), (24 bytes).
    Removing stm32f4xx_flash.o(i.FLASH_OB_GetUser), (16 bytes).
    Removing stm32f4xx_flash.o(i.FLASH_OB_GetWRP), (12 bytes).
    Removing stm32f4xx_flash.o(i.FLASH_OB_GetWRP1), (12 bytes).
    Removing stm32f4xx_flash.o(i.FLASH_OB_Launch), (32 bytes).
    Removing stm32f4xx_flash.o(i.FLASH_OB_Lock), (20 bytes).
    Removing stm32f4xx_flash.o(i.FLASH_OB_PCROP1Config), (52 bytes).
    Removing stm32f4xx_flash.o(i.FLASH_OB_PCROPConfig), (52 bytes).
    Removing stm32f4xx_flash.o(i.FLASH_OB_PCROPSelectionConfig), (24 bytes).
    Removing stm32f4xx_flash.o(i.FLASH_OB_RDPConfig), (28 bytes).
    Removing stm32f4xx_flash.o(i.FLASH_OB_Unlock), (36 bytes).
    Removing stm32f4xx_flash.o(i.FLASH_OB_UserConfig), (48 bytes).
    Removing stm32f4xx_flash.o(i.FLASH_OB_WRP1Config), (52 bytes).
    Removing stm32f4xx_flash.o(i.FLASH_OB_WRPConfig), (52 bytes).
    Removing stm32f4xx_flash.o(i.FLASH_PrefetchBufferCmd), (36 bytes).
    Removing stm32f4xx_flash.o(i.FLASH_ProgramByte), (76 bytes).
    Removing stm32f4xx_flash.o(i.FLASH_ProgramDoubleWord), (84 bytes).
    Removing stm32f4xx_flash.o(i.FLASH_ProgramHalfWord), (80 bytes).
    Removing stm32f4xx_flash.o(i.FLASH_ProgramWord), (80 bytes).
    Removing stm32f4xx_flash.o(i.FLASH_Unlock), (36 bytes).
    Removing stm32f4xx_flash.o(i.FLASH_WaitForLastOperation), (34 bytes).
    Removing stm32f4xx_exti.o(.rev16_text), (4 bytes).
    Removing stm32f4xx_exti.o(.revsh_text), (4 bytes).
    Removing stm32f4xx_exti.o(.rrx_text), (6 bytes).
    Removing stm32f4xx_exti.o(i.EXTI_ClearFlag), (12 bytes).
    Removing stm32f4xx_exti.o(i.EXTI_DeInit), (36 bytes).
    Removing stm32f4xx_exti.o(i.EXTI_GenerateSWInterrupt), (16 bytes).
    Removing stm32f4xx_exti.o(i.EXTI_GetFlagStatus), (24 bytes).
    Removing stm32f4xx_exti.o(i.EXTI_StructInit), (16 bytes).
    Removing stm32f4xx_wwdg.o(.rev16_text), (4 bytes).
    Removing stm32f4xx_wwdg.o(.revsh_text), (4 bytes).
    Removing stm32f4xx_wwdg.o(.rrx_text), (6 bytes).
    Removing stm32f4xx_wwdg.o(i.WWDG_DeInit), (22 bytes).
    Removing stm32f4xx_wwdg.o(i.WWDG_Enable), (16 bytes).
    Removing stm32f4xx_wwdg.o(i.WWDG_EnableIT), (12 bytes).
    Removing stm32f4xx_wwdg.o(i.WWDG_GetFlagStatus), (20 bytes).
    Removing stm32f4xx_wwdg.o(i.WWDG_SetPrescaler), (24 bytes).
    Removing stm32f4xx_wwdg.o(i.WWDG_SetWindowValue), (40 bytes).
    Removing stm32f4xx_spi.o(.rev16_text), (4 bytes).
    Removing stm32f4xx_spi.o(.revsh_text), (4 bytes).
    Removing stm32f4xx_spi.o(.rrx_text), (6 bytes).
    Removing stm32f4xx_spi.o(i.I2S_Cmd), (24 bytes).
    Removing stm32f4xx_spi.o(i.I2S_FullDuplexConfig), (80 bytes).
    Removing stm32f4xx_spi.o(i.I2S_Init), (408 bytes).
    Removing stm32f4xx_spi.o(i.I2S_StructInit), (20 bytes).
    Removing stm32f4xx_spi.o(i.SPI_BiDirectionalLineConfig), (28 bytes).
    Removing stm32f4xx_spi.o(i.SPI_CalculateCRC), (24 bytes).
    Removing stm32f4xx_spi.o(i.SPI_Cmd), (24 bytes).
    Removing stm32f4xx_spi.o(i.SPI_DataSizeConfig), (18 bytes).
    Removing stm32f4xx_spi.o(i.SPI_GetCRC), (16 bytes).
    Removing stm32f4xx_spi.o(i.SPI_GetCRCPolynomial), (6 bytes).
    Removing stm32f4xx_spi.o(i.SPI_I2S_ClearFlag), (6 bytes).
    Removing stm32f4xx_spi.o(i.SPI_I2S_ClearITPendingBit), (20 bytes).
    Removing stm32f4xx_spi.o(i.SPI_I2S_DMACmd), (18 bytes).
    Removing stm32f4xx_spi.o(i.SPI_I2S_DeInit), (176 bytes).
    Removing stm32f4xx_spi.o(i.SPI_I2S_GetFlagStatus), (18 bytes).
    Removing stm32f4xx_spi.o(i.SPI_I2S_GetITStatus), (52 bytes).
    Removing stm32f4xx_spi.o(i.SPI_I2S_ITConfig), (32 bytes).
    Removing stm32f4xx_spi.o(i.SPI_I2S_ReceiveData), (6 bytes).
    Removing stm32f4xx_spi.o(i.SPI_I2S_SendData), (4 bytes).
    Removing stm32f4xx_spi.o(i.SPI_Init), (60 bytes).
    Removing stm32f4xx_spi.o(i.SPI_NSSInternalSoftwareConfig), (30 bytes).
    Removing stm32f4xx_spi.o(i.SPI_SSOutputCmd), (24 bytes).
    Removing stm32f4xx_spi.o(i.SPI_StructInit), (24 bytes).
    Removing stm32f4xx_spi.o(i.SPI_TIModeCmd), (24 bytes).
    Removing stm32f4xx_spi.o(i.SPI_TransmitCRC), (10 bytes).
    Removing stm32f4xx_adc.o(.rev16_text), (4 bytes).
    Removing stm32f4xx_adc.o(.revsh_text), (4 bytes).
    Removing stm32f4xx_adc.o(.rrx_text), (6 bytes).
    Removing stm32f4xx_adc.o(i.ADC_AnalogWatchdogCmd), (20 bytes).
    Removing stm32f4xx_adc.o(i.ADC_AnalogWatchdogSingleChannelConfig), (16 bytes).
    Removing stm32f4xx_adc.o(i.ADC_AnalogWatchdogThresholdsConfig), (6 bytes).
    Removing stm32f4xx_adc.o(i.ADC_AutoInjectedConvCmd), (22 bytes).
    Removing stm32f4xx_adc.o(i.ADC_ClearFlag), (6 bytes).
    Removing stm32f4xx_adc.o(i.ADC_ClearITPendingBit), (10 bytes).
    Removing stm32f4xx_adc.o(i.ADC_Cmd), (22 bytes).
    Removing stm32f4xx_adc.o(i.ADC_CommonInit), (48 bytes).
    Removing stm32f4xx_adc.o(i.ADC_CommonStructInit), (12 bytes).
    Removing stm32f4xx_adc.o(i.ADC_ContinuousModeCmd), (22 bytes).
    Removing stm32f4xx_adc.o(i.ADC_DMACmd), (22 bytes).
    Removing stm32f4xx_adc.o(i.ADC_DMARequestAfterLastTransferCmd), (22 bytes).
    Removing stm32f4xx_adc.o(i.ADC_DeInit), (22 bytes).
    Removing stm32f4xx_adc.o(i.ADC_DiscModeChannelCountConfig), (24 bytes).
    Removing stm32f4xx_adc.o(i.ADC_DiscModeCmd), (22 bytes).
    Removing stm32f4xx_adc.o(i.ADC_EOCOnEachRegularChannelCmd), (22 bytes).
    Removing stm32f4xx_adc.o(i.ADC_ExternalTrigInjectedConvConfig), (16 bytes).
    Removing stm32f4xx_adc.o(i.ADC_ExternalTrigInjectedConvEdgeConfig), (16 bytes).
    Removing stm32f4xx_adc.o(i.ADC_GetConversionValue), (8 bytes).
    Removing stm32f4xx_adc.o(i.ADC_GetFlagStatus), (18 bytes).
    Removing stm32f4xx_adc.o(i.ADC_GetITStatus), (38 bytes).
    Removing stm32f4xx_adc.o(i.ADC_GetInjectedConversionValue), (28 bytes).
    Removing stm32f4xx_adc.o(i.ADC_GetMultiModeConversionValue), (12 bytes).
    Removing stm32f4xx_adc.o(i.ADC_GetSoftwareStartConvStatus), (20 bytes).
    Removing stm32f4xx_adc.o(i.ADC_GetSoftwareStartInjectedConvCmdStatus), (20 bytes).
    Removing stm32f4xx_adc.o(i.ADC_ITConfig), (32 bytes).
    Removing stm32f4xx_adc.o(i.ADC_Init), (84 bytes).
    Removing stm32f4xx_adc.o(i.ADC_InjectedChannelConfig), (130 bytes).
    Removing stm32f4xx_adc.o(i.ADC_InjectedDiscModeCmd), (22 bytes).
    Removing stm32f4xx_adc.o(i.ADC_InjectedSequencerLengthConfig), (24 bytes).
    Removing stm32f4xx_adc.o(i.ADC_MultiModeDMARequestAfterLastTransferCmd), (44 bytes).
    Removing stm32f4xx_adc.o(i.ADC_RegularChannelConfig), (184 bytes).
    Removing stm32f4xx_adc.o(i.ADC_SetInjectedOffset), (20 bytes).
    Removing stm32f4xx_adc.o(i.ADC_SoftwareStartConv), (10 bytes).
    Removing stm32f4xx_adc.o(i.ADC_SoftwareStartInjectedConv), (10 bytes).
    Removing stm32f4xx_adc.o(i.ADC_StructInit), (20 bytes).
    Removing stm32f4xx_adc.o(i.ADC_TempSensorVrefintCmd), (44 bytes).
    Removing stm32f4xx_adc.o(i.ADC_VBATCmd), (44 bytes).
    Removing startup_stm32f407xx.o(HEAP), (512 bytes).
    Removing system_stm32f4xx.o(.rev16_text), (4 bytes).
    Removing system_stm32f4xx.o(.revsh_text), (4 bytes).
    Removing system_stm32f4xx.o(.rrx_text), (6 bytes).

435 unused section(s) (total 16540 bytes) removed from the image.

==============================================================================

Image Symbol Table

    Local Symbols

    Symbol Name                              Value     Ov Type        Size  Object(Section)

    ../clib/microlib/init/entry.s            0x00000000   Number         0  entry9a.o ABSOLUTE
    ../clib/microlib/init/entry.s            0x00000000   Number         0  entry11b.o ABSOLUTE
    ../clib/microlib/init/entry.s            0x00000000   Number         0  entry11a.o ABSOLUTE
    ../clib/microlib/init/entry.s            0x00000000   Number         0  entry10b.o ABSOLUTE
    ../clib/microlib/init/entry.s            0x00000000   Number         0  entry10a.o ABSOLUTE
    ../clib/microlib/init/entry.s            0x00000000   Number         0  entry9b.o ABSOLUTE
    ../clib/microlib/init/entry.s            0x00000000   Number         0  entry.o ABSOLUTE
    ../clib/microlib/init/entry.s            0x00000000   Number         0  entry8b.o ABSOLUTE
    ../clib/microlib/init/entry.s            0x00000000   Number         0  entry8a.o ABSOLUTE
    ../clib/microlib/init/entry.s            0x00000000   Number         0  entry7b.o ABSOLUTE
    ../clib/microlib/init/entry.s            0x00000000   Number         0  entry7a.o ABSOLUTE
    ../clib/microlib/init/entry.s            0x00000000   Number         0  entry5.o ABSOLUTE
    ../clib/microlib/init/entry.s            0x00000000   Number         0  entry2.o ABSOLUTE
    ../clib/microlib/longlong.c              0x00000000   Number         0  llushr.o ABSOLUTE
    ../clib/microlib/longlong.c              0x00000000   Number         0  llshl.o ABSOLUTE
    ../clib/microlib/longlong.c              0x00000000   Number         0  llsshr.o ABSOLUTE
    ../clib/microlib/stubs.s                 0x00000000   Number         0  iusefp.o ABSOLUTE
    ../fplib/microlib/d2f.c                  0x00000000   Number         0  d2f.o ABSOLUTE
    ../fplib/microlib/f2d.c                  0x00000000   Number         0  f2d.o ABSOLUTE
    ../fplib/microlib/fpadd.c                0x00000000   Number         0  dadd.o ABSOLUTE
    ../fplib/microlib/fpdiv.c                0x00000000   Number         0  ddiv.o ABSOLUTE
    ../fplib/microlib/fpepilogue.c           0x00000000   Number         0  fepilogue.o ABSOLUTE
    ../fplib/microlib/fpepilogue.c           0x00000000   Number         0  depilogue.o ABSOLUTE
    ../fplib/microlib/fpfix.c                0x00000000   Number         0  dfixui.o ABSOLUTE
    ../fplib/microlib/fpflt.c                0x00000000   Number         0  dfltui.o ABSOLUTE
    ../fplib/microlib/fpmul.c                0x00000000   Number         0  dmul.o ABSOLUTE
    ../mathlib/fabs.c                        0x00000000   Number         0  fabs.o ABSOLUTE
    CMSIS\\stm32f4xx_it.c                    0x00000000   Number         0  stm32f4xx_it.o ABSOLUTE
    CMSIS\stm32f4xx_it.c                     0x00000000   Number         0  stm32f4xx_it.o ABSOLUTE
    RTE\Device\STM32F407VGTx\startup_stm32f407xx.s 0x00000000   Number         0  startup_stm32f407xx.o ABSOLUTE
    RTE\Device\STM32F407VGTx\system_stm32f4xx.c 0x00000000   Number         0  system_stm32f4xx.o ABSOLUTE
    RTE\\Device\\STM32F407VGTx\\system_stm32f4xx.c 0x00000000   Number         0  system_stm32f4xx.o ABSOLUTE
    STM32F4xx_StdPeriph_Driver\\src\\misc.c  0x00000000   Number         0  misc.o ABSOLUTE
    STM32F4xx_StdPeriph_Driver\\src\\stm32f4xx_adc.c 0x00000000   Number         0  stm32f4xx_adc.o ABSOLUTE
    STM32F4xx_StdPeriph_Driver\\src\\stm32f4xx_can.c 0x00000000   Number         0  stm32f4xx_can.o ABSOLUTE
    STM32F4xx_StdPeriph_Driver\\src\\stm32f4xx_dma.c 0x00000000   Number         0  stm32f4xx_dma.o ABSOLUTE
    STM32F4xx_StdPeriph_Driver\\src\\stm32f4xx_exti.c 0x00000000   Number         0  stm32f4xx_exti.o ABSOLUTE
    STM32F4xx_StdPeriph_Driver\\src\\stm32f4xx_flash.c 0x00000000   Number         0  stm32f4xx_flash.o ABSOLUTE
    STM32F4xx_StdPeriph_Driver\\src\\stm32f4xx_gpio.c 0x00000000   Number         0  stm32f4xx_gpio.o ABSOLUTE
    STM32F4xx_StdPeriph_Driver\\src\\stm32f4xx_rcc.c 0x00000000   Number         0  stm32f4xx_rcc.o ABSOLUTE
    STM32F4xx_StdPeriph_Driver\\src\\stm32f4xx_spi.c 0x00000000   Number         0  stm32f4xx_spi.o ABSOLUTE
    STM32F4xx_StdPeriph_Driver\\src\\stm32f4xx_syscfg.c 0x00000000   Number         0  stm32f4xx_syscfg.o ABSOLUTE
    STM32F4xx_StdPeriph_Driver\\src\\stm32f4xx_tim.c 0x00000000   Number         0  stm32f4xx_tim.o ABSOLUTE
    STM32F4xx_StdPeriph_Driver\\src\\stm32f4xx_usart.c 0x00000000   Number         0  stm32f4xx_usart.o ABSOLUTE
    STM32F4xx_StdPeriph_Driver\\src\\stm32f4xx_wwdg.c 0x00000000   Number         0  stm32f4xx_wwdg.o ABSOLUTE
    STM32F4xx_StdPeriph_Driver\src\misc.c    0x00000000   Number         0  misc.o ABSOLUTE
    STM32F4xx_StdPeriph_Driver\src\stm32f4xx_adc.c 0x00000000   Number         0  stm32f4xx_adc.o ABSOLUTE
    STM32F4xx_StdPeriph_Driver\src\stm32f4xx_can.c 0x00000000   Number         0  stm32f4xx_can.o ABSOLUTE
    STM32F4xx_StdPeriph_Driver\src\stm32f4xx_dma.c 0x00000000   Number         0  stm32f4xx_dma.o ABSOLUTE
    STM32F4xx_StdPeriph_Driver\src\stm32f4xx_exti.c 0x00000000   Number         0  stm32f4xx_exti.o ABSOLUTE
    STM32F4xx_StdPeriph_Driver\src\stm32f4xx_flash.c 0x00000000   Number         0  stm32f4xx_flash.o ABSOLUTE
    STM32F4xx_StdPeriph_Driver\src\stm32f4xx_gpio.c 0x00000000   Number         0  stm32f4xx_gpio.o ABSOLUTE
    STM32F4xx_StdPeriph_Driver\src\stm32f4xx_rcc.c 0x00000000   Number         0  stm32f4xx_rcc.o ABSOLUTE
    STM32F4xx_StdPeriph_Driver\src\stm32f4xx_spi.c 0x00000000   Number         0  stm32f4xx_spi.o ABSOLUTE
    STM32F4xx_StdPeriph_Driver\src\stm32f4xx_syscfg.c 0x00000000   Number         0  stm32f4xx_syscfg.o ABSOLUTE
    STM32F4xx_StdPeriph_Driver\src\stm32f4xx_tim.c 0x00000000   Number         0  stm32f4xx_tim.o ABSOLUTE
    STM32F4xx_StdPeriph_Driver\src\stm32f4xx_usart.c 0x00000000   Number         0  stm32f4xx_usart.o ABSOLUTE
    STM32F4xx_StdPeriph_Driver\src\stm32f4xx_wwdg.c 0x00000000   Number         0  stm32f4xx_wwdg.o ABSOLUTE
    cdcmple.s                                0x00000000   Number         0  cdcmple.o ABSOLUTE
    cdrcmple.s                               0x00000000   Number         0  cdrcmple.o ABSOLUTE
    dc.s                                     0x00000000   Number         0  dc.o ABSOLUTE
    handlers.s                               0x00000000   Number         0  handlers.o ABSOLUTE
    init.s                                   0x00000000   Number         0  init.o ABSOLUTE
    main.c                                   0x00000000   Number         0  main.o ABSOLUTE
    main.c                                   0x00000000   Number         0  main.o ABSOLUTE
    my_altimeter.c                           0x00000000   Number         0  my_altimeter.o ABSOLUTE
    my_altimeter.c                           0x00000000   Number         0  my_altimeter.o ABSOLUTE
    my_bms24v10ah.c                          0x00000000   Number         0  my_bms24v10ah.o ABSOLUTE
    my_bms24v10ah.c                          0x00000000   Number         0  my_bms24v10ah.o ABSOLUTE
    my_bms24v40ah.c                          0x00000000   Number         0  my_bms24v40ah.o ABSOLUTE
    my_bms24v40ah.c                          0x00000000   Number         0  my_bms24v40ah.o ABSOLUTE
    my_camera.c                              0x00000000   Number         0  my_camera.o ABSOLUTE
    my_camera.c                              0x00000000   Number         0  my_camera.o ABSOLUTE
    my_can.c                                 0x00000000   Number         0  my_can.o ABSOLUTE
    my_can.c                                 0x00000000   Number         0  my_can.o ABSOLUTE
    my_delay.c                               0x00000000   Number         0  my_delay.o ABSOLUTE
    my_delay.c                               0x00000000   Number         0  my_delay.o ABSOLUTE
    my_hardwarereset.c                       0x00000000   Number         0  my_hardwarereset.o ABSOLUTE
    my_hardwarereset.c                       0x00000000   Number         0  my_hardwarereset.o ABSOLUTE
    my_io.c                                  0x00000000   Number         0  my_io.o ABSOLUTE
    my_io.c                                  0x00000000   Number         0  my_io.o ABSOLUTE
    my_pistonmotor.c                         0x00000000   Number         0  my_pistonmotor.o ABSOLUTE
    my_pistonmotor.c                         0x00000000   Number         0  my_pistonmotor.o ABSOLUTE
    my_straingauge.c                         0x00000000   Number         0  my_straingauge.o ABSOLUTE
    my_straingauge.c                         0x00000000   Number         0  my_straingauge.o ABSOLUTE
    RESET                                    0x08000000   Section      392  startup_stm32f407xx.o(RESET)
    .ARM.Collect$$$$00000000                 0x08000188   Section        0  entry.o(.ARM.Collect$$$$00000000)
    .ARM.Collect$$$$00000001                 0x08000188   Section        4  entry2.o(.ARM.Collect$$$$00000001)
    .ARM.Collect$$$$00000004                 0x0800018c   Section        4  entry5.o(.ARM.Collect$$$$00000004)
    .ARM.Collect$$$$00000008                 0x08000190   Section        0  entry7b.o(.ARM.Collect$$$$00000008)
    .ARM.Collect$$$$0000000A                 0x08000190   Section        0  entry8b.o(.ARM.Collect$$$$0000000A)
    .ARM.Collect$$$$0000000B                 0x08000190   Section        8  entry9a.o(.ARM.Collect$$$$0000000B)
    .ARM.Collect$$$$0000000D                 0x08000198   Section        0  entry10a.o(.ARM.Collect$$$$0000000D)
    .ARM.Collect$$$$0000000F                 0x08000198   Section        0  entry11a.o(.ARM.Collect$$$$0000000F)
    .ARM.Collect$$$$00002712                 0x08000198   Section        4  entry2.o(.ARM.Collect$$$$00002712)
    __lit__00000000                          0x08000198   Data           4  entry2.o(.ARM.Collect$$$$00002712)
    .text                                    0x0800019c   Section       36  startup_stm32f407xx.o(.text)
    $v0                                      0x0800019c   Number         0  startup_stm32f407xx.o(.text)
    .text                                    0x080001c0   Section        0  dadd.o(.text)
    .text                                    0x0800030e   Section        0  dmul.o(.text)
    .text                                    0x080003f2   Section        0  ddiv.o(.text)
    .text                                    0x080004d0   Section        0  dfltui.o(.text)
    .text                                    0x080004ea   Section        0  dfixui.o(.text)
    .text                                    0x0800051c   Section        0  f2d.o(.text)
    .text                                    0x08000544   Section       48  cdcmple.o(.text)
    .text                                    0x08000574   Section       48  cdrcmple.o(.text)
    .text                                    0x080005a4   Section        0  d2f.o(.text)
    .text                                    0x080005dc   Section        0  llshl.o(.text)
    .text                                    0x080005fa   Section        0  llushr.o(.text)
    .text                                    0x0800061a   Section        0  llsshr.o(.text)
    .text                                    0x0800063e   Section        0  iusefp.o(.text)
    .text                                    0x0800063e   Section        0  fepilogue.o(.text)
    .text                                    0x080006ac   Section        0  depilogue.o(.text)
    .text                                    0x08000768   Section       36  init.o(.text)
    i.BusFault_Handler                       0x0800078c   Section        0  stm32f4xx_it.o(i.BusFault_Handler)
    i.CAN1_RX0_IRQHandler                    0x08000790   Section        0  my_can.o(i.CAN1_RX0_IRQHandler)
    i.CAN_DeInit                             0x08000898   Section        0  stm32f4xx_can.o(i.CAN_DeInit)
    i.CAN_FilterInit                         0x080008d0   Section        0  stm32f4xx_can.o(i.CAN_FilterInit)
    i.CAN_ITConfig                           0x080009d8   Section        0  stm32f4xx_can.o(i.CAN_ITConfig)
    i.CAN_Init                               0x080009ea   Section        0  stm32f4xx_can.o(i.CAN_Init)
    i.CAN_Receive                            0x08000afe   Section        0  stm32f4xx_can.o(i.CAN_Receive)
    i.CAN_Transmit                           0x08000bee   Section        0  stm32f4xx_can.o(i.CAN_Transmit)
    i.CAN_TransmitStatus                     0x08000d14   Section        0  stm32f4xx_can.o(i.CAN_TransmitStatus)
    i.DMA1_Stream0_IRQHandler                0x08000db4   Section        0  my_bms24v10ah.o(i.DMA1_Stream0_IRQHandler)
    i.DMA1_Stream5_IRQHandler                0x08000e98   Section        0  my_bms24v40ah.o(i.DMA1_Stream5_IRQHandler)
    i.DMA2_Stream0_IRQHandler                0x08000f74   Section        0  my_straingauge.o(i.DMA2_Stream0_IRQHandler)
    i.DMA2_Stream5_IRQHandler                0x08001048   Section        0  my_altimeter.o(i.DMA2_Stream5_IRQHandler)
    i.DMA_ClearITPendingBit                  0x080010b8   Section        0  stm32f4xx_dma.o(i.DMA_ClearITPendingBit)
    i.DMA_GetITStatus                        0x080010ec   Section        0  stm32f4xx_dma.o(i.DMA_GetITStatus)
    i.DebugMon_Handler                       0x08001150   Section        0  stm32f4xx_it.o(i.DebugMon_Handler)
    i.EXTI15_10_IRQHandler                   0x08001154   Section        0  my_io.o(i.EXTI15_10_IRQHandler)
    i.EXTI2_IRQHandler                       0x080011d4   Section        0  my_io.o(i.EXTI2_IRQHandler)
    i.EXTI3_IRQHandler                       0x08001208   Section        0  my_io.o(i.EXTI3_IRQHandler)
    i.EXTI4_IRQHandler                       0x0800123c   Section        0  my_io.o(i.EXTI4_IRQHandler)
    i.EXTI9_5_IRQHandler                     0x08001270   Section        0  my_io.o(i.EXTI9_5_IRQHandler)
    i.EXTI_ClearITPendingBit                 0x080012a4   Section        0  stm32f4xx_exti.o(i.EXTI_ClearITPendingBit)
    i.EXTI_GetITStatus                       0x080012b0   Section        0  stm32f4xx_exti.o(i.EXTI_GetITStatus)
    i.EXTI_Init                              0x080012c8   Section        0  stm32f4xx_exti.o(i.EXTI_Init)
    i.FLASH_SetLatency                       0x0800135c   Section        0  stm32f4xx_flash.o(i.FLASH_SetLatency)
    i.GPIO_Init                              0x08001368   Section        0  stm32f4xx_gpio.o(i.GPIO_Init)
    i.GPIO_PinAFConfig                       0x080013f8   Section        0  stm32f4xx_gpio.o(i.GPIO_PinAFConfig)
    i.GPIO_ResetBits                         0x0800143e   Section        0  stm32f4xx_gpio.o(i.GPIO_ResetBits)
    i.GPIO_SetBits                           0x08001442   Section        0  stm32f4xx_gpio.o(i.GPIO_SetBits)
    i.HardFault_Handler                      0x08001446   Section        0  stm32f4xx_it.o(i.HardFault_Handler)
    i.MemManage_Handler                      0x0800144a   Section        0  stm32f4xx_it.o(i.MemManage_Handler)
    i.NMI_Handler                            0x0800144e   Section        0  stm32f4xx_it.o(i.NMI_Handler)
    i.NVIC_Init                              0x08001450   Section        0  misc.o(i.NVIC_Init)
    i.PendSV_Handler                         0x080014c8   Section        0  stm32f4xx_it.o(i.PendSV_Handler)
    i.RCC_AHB1PeriphClockCmd                 0x080014cc   Section        0  stm32f4xx_rcc.o(i.RCC_AHB1PeriphClockCmd)
    i.RCC_APB1PeriphClockCmd                 0x080014ec   Section        0  stm32f4xx_rcc.o(i.RCC_APB1PeriphClockCmd)
    i.RCC_APB1PeriphResetCmd                 0x0800150c   Section        0  stm32f4xx_rcc.o(i.RCC_APB1PeriphResetCmd)
    i.RCC_APB2PeriphClockCmd                 0x0800152c   Section        0  stm32f4xx_rcc.o(i.RCC_APB2PeriphClockCmd)
    i.RCC_DeInit                             0x0800154c   Section        0  stm32f4xx_rcc.o(i.RCC_DeInit)
    i.RCC_GetClocksFreq                      0x080015b0   Section        0  stm32f4xx_rcc.o(i.RCC_GetClocksFreq)
    i.RCC_GetFlagStatus                      0x08001698   Section        0  stm32f4xx_rcc.o(i.RCC_GetFlagStatus)
    i.RCC_HCLKConfig                         0x080016d8   Section        0  stm32f4xx_rcc.o(i.RCC_HCLKConfig)
    i.RCC_HSEConfig                          0x080016f0   Section        0  stm32f4xx_rcc.o(i.RCC_HSEConfig)
    i.RCC_PCLK1Config                        0x08001700   Section        0  stm32f4xx_rcc.o(i.RCC_PCLK1Config)
    i.RCC_PCLK2Config                        0x08001718   Section        0  stm32f4xx_rcc.o(i.RCC_PCLK2Config)
    i.RCC_PLLCmd                             0x08001730   Section        0  stm32f4xx_rcc.o(i.RCC_PLLCmd)
    i.RCC_PLLConfig                          0x0800173c   Section        0  stm32f4xx_rcc.o(i.RCC_PLLConfig)
    i.RCC_SYSCLKConfig                       0x08001760   Section        0  stm32f4xx_rcc.o(i.RCC_SYSCLKConfig)
    i.RCC_WaitForHSEStartUp                  0x08001778   Section        0  stm32f4xx_rcc.o(i.RCC_WaitForHSEStartUp)
    i.SVC_Handler                            0x080017b0   Section        0  stm32f4xx_it.o(i.SVC_Handler)
    i.SYSCFG_EXTILineConfig                  0x080017b4   Section        0  stm32f4xx_syscfg.o(i.SYSCFG_EXTILineConfig)
    i.SystemClock_Config                     0x080017f4   Section        0  main.o(i.SystemClock_Config)
    SystemClock_Config                       0x080017f5   Thumb Code   104  main.o(i.SystemClock_Config)
    i.SystemCoreClockUpdate                  0x0800185c   Section        0  system_stm32f4xx.o(i.SystemCoreClockUpdate)
    i.SystemInit                             0x0800191c   Section        0  system_stm32f4xx.o(i.SystemInit)
    i.TI1_Config                             0x08001980   Section        0  stm32f4xx_tim.o(i.TI1_Config)
    TI1_Config                               0x08001981   Thumb Code    58  stm32f4xx_tim.o(i.TI1_Config)
    i.TI2_Config                             0x080019ba   Section        0  stm32f4xx_tim.o(i.TI2_Config)
    TI2_Config                               0x080019bb   Thumb Code    80  stm32f4xx_tim.o(i.TI2_Config)
    i.TI3_Config                             0x08001a0a   Section        0  stm32f4xx_tim.o(i.TI3_Config)
    TI3_Config                               0x08001a0b   Thumb Code    72  stm32f4xx_tim.o(i.TI3_Config)
    i.TI4_Config                             0x08001a52   Section        0  stm32f4xx_tim.o(i.TI4_Config)
    TI4_Config                               0x08001a53   Thumb Code    80  stm32f4xx_tim.o(i.TI4_Config)
    i.TIM7_IRQHandler                        0x08001aa4   Section        0  my_pistonmotor.o(i.TIM7_IRQHandler)
    i.TIM_ARRPreloadConfig                   0x08001b9c   Section        0  stm32f4xx_tim.o(i.TIM_ARRPreloadConfig)
    i.TIM_CCxCmd                             0x08001bb4   Section        0  stm32f4xx_tim.o(i.TIM_CCxCmd)
    i.TIM_ClearFlag                          0x08001bd2   Section        0  stm32f4xx_tim.o(i.TIM_ClearFlag)
    i.TIM_ClearITPendingBit                  0x08001bd8   Section        0  stm32f4xx_tim.o(i.TIM_ClearITPendingBit)
    i.TIM_Cmd                                0x08001bde   Section        0  stm32f4xx_tim.o(i.TIM_Cmd)
    i.TIM_CtrlPWMOutputs                     0x08001bf6   Section        0  stm32f4xx_tim.o(i.TIM_CtrlPWMOutputs)
    i.TIM_EncoderInterfaceConfig             0x08001c14   Section        0  stm32f4xx_tim.o(i.TIM_EncoderInterfaceConfig)
    i.TIM_GetCounter                         0x08001c56   Section        0  stm32f4xx_tim.o(i.TIM_GetCounter)
    i.TIM_GetFlagStatus                      0x08001c5c   Section        0  stm32f4xx_tim.o(i.TIM_GetFlagStatus)
    i.TIM_GetITStatus                        0x08001c6e   Section        0  stm32f4xx_tim.o(i.TIM_GetITStatus)
    i.TIM_ICInit                             0x08001c90   Section        0  stm32f4xx_tim.o(i.TIM_ICInit)
    i.TIM_ICStructInit                       0x08001cfe   Section        0  stm32f4xx_tim.o(i.TIM_ICStructInit)
    i.TIM_ITConfig                           0x08001d10   Section        0  stm32f4xx_tim.o(i.TIM_ITConfig)
    i.TIM_OC2Init                            0x08001d24   Section        0  stm32f4xx_tim.o(i.TIM_OC2Init)
    i.TIM_OC2PreloadConfig                   0x08001dc8   Section        0  stm32f4xx_tim.o(i.TIM_OC2PreloadConfig)
    i.TIM_SetCompare2                        0x08001de2   Section        0  stm32f4xx_tim.o(i.TIM_SetCompare2)
    i.TIM_SetCounter                         0x08001de6   Section        0  stm32f4xx_tim.o(i.TIM_SetCounter)
    i.TIM_SetIC1Prescaler                    0x08001dea   Section        0  stm32f4xx_tim.o(i.TIM_SetIC1Prescaler)
    i.TIM_SetIC2Prescaler                    0x08001dfc   Section        0  stm32f4xx_tim.o(i.TIM_SetIC2Prescaler)
    i.TIM_SetIC3Prescaler                    0x08001e16   Section        0  stm32f4xx_tim.o(i.TIM_SetIC3Prescaler)
    i.TIM_SetIC4Prescaler                    0x08001e28   Section        0  stm32f4xx_tim.o(i.TIM_SetIC4Prescaler)
    i.TIM_TimeBaseInit                       0x08001e44   Section        0  stm32f4xx_tim.o(i.TIM_TimeBaseInit)
    i.TIM_TimeBaseStructInit                 0x08001ec8   Section        0  stm32f4xx_tim.o(i.TIM_TimeBaseStructInit)
    i.UALTI_ArrangeData                      0x08001eda   Section        0  my_altimeter.o(i.UALTI_ArrangeData)
    i.UALTI_Checksum                         0x08001f16   Section        0  my_altimeter.o(i.UALTI_Checksum)
    i.UALTI_Convert2Int                      0x08001f4e   Section        0  my_altimeter.o(i.UALTI_Convert2Int)
    i.UALTI_ConvertData                      0x08001f88   Section        0  my_altimeter.o(i.UALTI_ConvertData)
    i.UBMS10_Checksum                        0x08002284   Section        0  my_bms24v10ah.o(i.UBMS10_Checksum)
    i.UBMS10_Convert_Bytes_to_Float          0x080022a2   Section        0  my_bms24v10ah.o(i.UBMS10_Convert_Bytes_to_Float)
    UBMS10_Convert_Bytes_to_Float            0x080022a3   Thumb Code    32  my_bms24v10ah.o(i.UBMS10_Convert_Bytes_to_Float)
    i.UBMS40_ArrangeData                     0x080022c2   Section        0  my_bms24v40ah.o(i.UBMS40_ArrangeData)
    i.UBMS40_Checksum                        0x0800233a   Section        0  my_bms24v40ah.o(i.UBMS40_Checksum)
    i.UBMS40_Convert_Bytes_to_Float          0x08002358   Section        0  my_bms24v40ah.o(i.UBMS40_Convert_Bytes_to_Float)
    UBMS40_Convert_Bytes_to_Float            0x08002359   Thumb Code    32  my_bms24v40ah.o(i.UBMS40_Convert_Bytes_to_Float)
    i.UCAN_Checksum                          0x08002378   Section        0  my_can.o(i.UCAN_Checksum)
    i.UCAN_Configure                         0x08002398   Section        0  my_can.o(i.UCAN_Configure)
    i.UCAN_Convert_Float_to_Bytes            0x080024ec   Section        0  my_can.o(i.UCAN_Convert_Float_to_Bytes)
    i.UCAN_Mass_OLoop_Duty                   0x0800250c   Section        0  my_can.o(i.UCAN_Mass_OLoop_Duty)
    i.UCAN_Pistol_OLoop_Duty                 0x08002554   Section        0  my_can.o(i.UCAN_Pistol_OLoop_Duty)
    i.UCAN_Transmit                          0x0800259c   Section        0  my_can.o(i.UCAN_Transmit)
    i.UDELAY_Configuration                   0x08002604   Section        0  my_delay.o(i.UDELAY_Configuration)
    i.UDELAY_ms                              0x08002624   Section        0  my_delay.o(i.UDELAY_ms)
    i.UDELAY_us                              0x0800268c   Section        0  my_delay.o(i.UDELAY_us)
    i.UHRST_ResetCNT                         0x080026f4   Section        0  my_hardwarereset.o(i.UHRST_ResetCNT)
    i.UIO_Configuration                      0x08002700   Section        0  my_io.o(i.UIO_Configuration)
    i.UIO_Emergency24V10Ah                   0x080029f8   Section        0  my_io.o(i.UIO_Emergency24V10Ah)
    i.UIO_Emergency24V40Ah                   0x08002a18   Section        0  my_io.o(i.UIO_Emergency24V40Ah)
    i.UIO_Light_Cmd                          0x08002a38   Section        0  my_io.o(i.UIO_Light_Cmd)
    i.UPIS_Configuration                     0x08002a5c   Section        0  my_pistonmotor.o(i.UPIS_Configuration)
    i.UPIS_GetCurrentPosition                0x08002dc0   Section        0  my_pistonmotor.o(i.UPIS_GetCurrentPosition)
    i.UPIS_GetFlagUpdatePID                  0x08002dcc   Section        0  my_pistonmotor.o(i.UPIS_GetFlagUpdatePID)
    i.UPIS_GetLPFDesiredPosition             0x08002dd8   Section        0  my_pistonmotor.o(i.UPIS_GetLPFDesiredPosition)
    i.UPIS_PIDCaculation                     0x08002de4   Section        0  my_pistonmotor.o(i.UPIS_PIDCaculation)
    i.UPIS_ResetFlagUpdatePID                0x080031c4   Section        0  my_pistonmotor.o(i.UPIS_ResetFlagUpdatePID)
    i.UPIS_SetDesiredPosition                0x080031d0   Section        0  my_pistonmotor.o(i.UPIS_SetDesiredPosition)
    i.UPIS_SetDuty                           0x080031dc   Section        0  my_pistonmotor.o(i.UPIS_SetDuty)
    i.UPIS_SetGain                           0x08003314   Section        0  my_pistonmotor.o(i.UPIS_SetGain)
    i.UPIS_StartEncoder                      0x08003334   Section        0  my_pistonmotor.o(i.UPIS_StartEncoder)
    i.UsageFault_Handler                     0x08003364   Section        0  stm32f4xx_it.o(i.UsageFault_Handler)
    i.WWDG_ClearFlag                         0x08003368   Section        0  stm32f4xx_wwdg.o(i.WWDG_ClearFlag)
    i.WWDG_IRQHandler                        0x08003374   Section        0  my_hardwarereset.o(i.WWDG_IRQHandler)
    i.WWDG_SetCounter                        0x08003380   Section        0  stm32f4xx_wwdg.o(i.WWDG_SetCounter)
    i.__hardfp_fabs                          0x08003390   Section        0  fabs.o(i.__hardfp_fabs)
    i.__scatterload_copy                     0x080033a4   Section       14  handlers.o(i.__scatterload_copy)
    i.__scatterload_null                     0x080033b2   Section        2  handlers.o(i.__scatterload_null)
    i.__scatterload_zeroinit                 0x080033b4   Section       14  handlers.o(i.__scatterload_zeroinit)
    i.main                                   0x080033c4   Section        0  main.o(i.main)
    .constdata                               0x0800346c   Section       24  system_stm32f4xx.o(.constdata)
    .data                                    0x20000000   Section       40  main.o(.data)
    uwTimingDelay                            0x20000000   Data           4  main.o(.data)
    Motors_Start_Up                          0x20000004   Data           1  main.o(.data)
    .data                                    0x20000028   Section       44  my_can.o(.data)
    _need_respond_data                       0x20000028   Data           1  my_can.o(.data)
    _system_ready                            0x20000029   Data           1  my_can.o(.data)
    _need_system_ready                       0x2000002a   Data           1  my_can.o(.data)
    _IDCANBUS_ARM_1                          0x2000002c   Data           4  my_can.o(.data)
    _IDCANBUS_ARM_2                          0x20000030   Data           4  my_can.o(.data)
    _IDCANBUS_MASS_SHIFTER                   0x20000034   Data           4  my_can.o(.data)
    _IDCANBUS_PISTOL                         0x20000038   Data           4  my_can.o(.data)
    _IDCANBUS_THRUSTER                       0x2000003c   Data           4  my_can.o(.data)
    _IDCANBUS_EPC                            0x20000040   Data           4  my_can.o(.data)
    .data                                    0x20000054   Section       12  my_altimeter.o(.data)
    UALTI_in_feet                            0x20000054   Data           4  my_altimeter.o(.data)
    UALTI_in_metres                          0x20000058   Data           4  my_altimeter.o(.data)
    UALTI_in_fathoms                         0x2000005c   Data           4  my_altimeter.o(.data)
    .data                                    0x20000060   Section        1  my_io.o(.data)
    _leak_position                           0x20000060   Data           1  my_io.o(.data)
    .data                                    0x20000064   Section      104  my_pistonmotor.o(.data)
    encp_mod_count                           0x20000064   Data           4  my_pistonmotor.o(.data)
    encp_tim_cnt                             0x20000068   Data           2  my_pistonmotor.o(.data)
    encp_tim_precnt                          0x2000006a   Data           2  my_pistonmotor.o(.data)
    revolution                               0x2000006c   Data           4  my_pistonmotor.o(.data)
    piston_position                          0x20000070   Data           4  my_pistonmotor.o(.data)
    motor_direction                          0x20000074   Data           1  my_pistonmotor.o(.data)
    update_PID                               0x20000075   Data           1  my_pistonmotor.o(.data)
    Desired_Position                         0x20000078   Data           4  my_pistonmotor.o(.data)
    Desired_Position_LPF                     0x2000007c   Data           4  my_pistonmotor.o(.data)
    LPF_Beta_DPosition                       0x20000080   Data           4  my_pistonmotor.o(.data)
    Kp                                       0x20000084   Data           4  my_pistonmotor.o(.data)
    Ki                                       0x20000088   Data           4  my_pistonmotor.o(.data)
    Kd                                       0x2000008c   Data           4  my_pistonmotor.o(.data)
    Deadband                                 0x20000090   Data           4  my_pistonmotor.o(.data)
    e0                                       0x20000094   Data           4  my_pistonmotor.o(.data)
    e1                                       0x20000098   Data           4  my_pistonmotor.o(.data)
    e2                                       0x2000009c   Data           4  my_pistonmotor.o(.data)
    u0                                       0x200000a0   Data           4  my_pistonmotor.o(.data)
    u1                                       0x200000a4   Data           4  my_pistonmotor.o(.data)
    u2                                       0x200000a8   Data           4  my_pistonmotor.o(.data)
    Ts                                       0x200000ac   Data           4  my_pistonmotor.o(.data)
    N                                        0x200000b0   Data           4  my_pistonmotor.o(.data)
    B0                                       0x200000b4   Data           4  my_pistonmotor.o(.data)
    B1                                       0x200000b8   Data           4  my_pistonmotor.o(.data)
    B2                                       0x200000bc   Data           4  my_pistonmotor.o(.data)
    A0                                       0x200000c0   Data           4  my_pistonmotor.o(.data)
    A1                                       0x200000c4   Data           4  my_pistonmotor.o(.data)
    A2                                       0x200000c8   Data           4  my_pistonmotor.o(.data)
    .data                                    0x200000cc   Section       16  stm32f4xx_rcc.o(.data)
    APBAHBPrescTable                         0x200000cc   Data          16  stm32f4xx_rcc.o(.data)
    .data                                    0x200000dc   Section        4  system_stm32f4xx.o(.data)
    .bss                                     0x200000e0   Section      132  main.o(.bss)
    .bss                                     0x20000164   Section       12  my_delay.o(.bss)
    TIM_TimeBaseStructure                    0x20000164   Data          12  my_delay.o(.bss)
    .bss                                     0x20000170   Section       20  my_can.o(.bss)
    .bss                                     0x20000184   Section       76  my_altimeter.o(.bss)
    UALTI_DMABuffer                          0x20000184   Data          38  my_altimeter.o(.bss)
    UALTI_DataBuffer                         0x200001aa   Data          38  my_altimeter.o(.bss)
    .bss                                     0x200001d0   Section       68  my_bms24v10ah.o(.bss)
    UBMS10_DMABuffer                         0x200001d0   Data          38  my_bms24v10ah.o(.bss)
    .bss                                     0x20000214   Section       96  my_bms24v40ah.o(.bss)
    UBMS40_DMABuffer                         0x20000214   Data          36  my_bms24v40ah.o(.bss)
    UBMS40_DataBuffer                        0x20000238   Data          36  my_bms24v40ah.o(.bss)
    .bss                                     0x20000274   Section       92  my_straingauge.o(.bss)
    ADCxConvertedValue                       0x20000274   Data          60  my_straingauge.o(.bss)
    _strain_gauge_status                     0x200002b0   Data          32  my_straingauge.o(.bss)
    STACK                                    0x200002d0   Section     1024  startup_stm32f407xx.o(STACK)

    Global Symbols

    Symbol Name                              Value     Ov Type        Size  Object(Section)

    BuildAttributes$$THM_ISAv4$E$P$D$K$B$S$7EM$VFPi3$EXTD16$VFPS$VFMA$PE$A:L22UL41UL21$X:L11$S22US41US21$IEEE1$IW$USESV6$~STKCKD$USESV7$~SHL$OTIME$ROPI$IEEEJ$EBA8$MICROLIB$REQ8$PRES8$EABIv2 0x00000000   Number         0  anon$$obj.o ABSOLUTE
    __ARM_use_no_argv                        0x00000000   Number         0  main.o ABSOLUTE
    __cpp_initialize__aeabi_                  - Undefined Weak Reference
    __cxa_finalize                            - Undefined Weak Reference
    __decompress                              - Undefined Weak Reference
    _clock_init                               - Undefined Weak Reference
    _microlib_exit                            - Undefined Weak Reference
    __Vectors_Size                           0x00000188   Number         0  startup_stm32f407xx.o ABSOLUTE
    __Vectors                                0x08000000   Data           4  startup_stm32f407xx.o(RESET)
    __Vectors_End                            0x08000188   Data           0  startup_stm32f407xx.o(RESET)
    __main                                   0x08000189   Thumb Code     0  entry.o(.ARM.Collect$$$$00000000)
    _main_stk                                0x08000189   Thumb Code     0  entry2.o(.ARM.Collect$$$$00000001)
    _main_scatterload                        0x0800018d   Thumb Code     0  entry5.o(.ARM.Collect$$$$00000004)
    __main_after_scatterload                 0x08000191   Thumb Code     0  entry5.o(.ARM.Collect$$$$00000004)
    _main_clock                              0x08000191   Thumb Code     0  entry7b.o(.ARM.Collect$$$$00000008)
    _main_cpp_init                           0x08000191   Thumb Code     0  entry8b.o(.ARM.Collect$$$$0000000A)
    _main_init                               0x08000191   Thumb Code     0  entry9a.o(.ARM.Collect$$$$0000000B)
    __rt_final_cpp                           0x08000199   Thumb Code     0  entry10a.o(.ARM.Collect$$$$0000000D)
    __rt_final_exit                          0x08000199   Thumb Code     0  entry11a.o(.ARM.Collect$$$$0000000F)
    Reset_Handler                            0x0800019d   Thumb Code     8  startup_stm32f407xx.o(.text)
    SysTick_Handler                          0x080001b5   Thumb Code     2  startup_stm32f407xx.o(.text)
    ADC_IRQHandler                           0x080001b7   Thumb Code     0  startup_stm32f407xx.o(.text)
    CAN1_RX1_IRQHandler                      0x080001b7   Thumb Code     0  startup_stm32f407xx.o(.text)
    CAN1_SCE_IRQHandler                      0x080001b7   Thumb Code     0  startup_stm32f407xx.o(.text)
    CAN1_TX_IRQHandler                       0x080001b7   Thumb Code     0  startup_stm32f407xx.o(.text)
    CAN2_RX0_IRQHandler                      0x080001b7   Thumb Code     0  startup_stm32f407xx.o(.text)
    CAN2_RX1_IRQHandler                      0x080001b7   Thumb Code     0  startup_stm32f407xx.o(.text)
    CAN2_SCE_IRQHandler                      0x080001b7   Thumb Code     0  startup_stm32f407xx.o(.text)
    CAN2_TX_IRQHandler                       0x080001b7   Thumb Code     0  startup_stm32f407xx.o(.text)
    DCMI_IRQHandler                          0x080001b7   Thumb Code     0  startup_stm32f407xx.o(.text)
    DMA1_Stream1_IRQHandler                  0x080001b7   Thumb Code     0  startup_stm32f407xx.o(.text)
    DMA1_Stream2_IRQHandler                  0x080001b7   Thumb Code     0  startup_stm32f407xx.o(.text)
    DMA1_Stream3_IRQHandler                  0x080001b7   Thumb Code     0  startup_stm32f407xx.o(.text)
    DMA1_Stream4_IRQHandler                  0x080001b7   Thumb Code     0  startup_stm32f407xx.o(.text)
    DMA1_Stream6_IRQHandler                  0x080001b7   Thumb Code     0  startup_stm32f407xx.o(.text)
    DMA1_Stream7_IRQHandler                  0x080001b7   Thumb Code     0  startup_stm32f407xx.o(.text)
    DMA2_Stream1_IRQHandler                  0x080001b7   Thumb Code     0  startup_stm32f407xx.o(.text)
    DMA2_Stream2_IRQHandler                  0x080001b7   Thumb Code     0  startup_stm32f407xx.o(.text)
    DMA2_Stream3_IRQHandler                  0x080001b7   Thumb Code     0  startup_stm32f407xx.o(.text)
    DMA2_Stream4_IRQHandler                  0x080001b7   Thumb Code     0  startup_stm32f407xx.o(.text)
    DMA2_Stream6_IRQHandler                  0x080001b7   Thumb Code     0  startup_stm32f407xx.o(.text)
    DMA2_Stream7_IRQHandler                  0x080001b7   Thumb Code     0  startup_stm32f407xx.o(.text)
    ETH_IRQHandler                           0x080001b7   Thumb Code     0  startup_stm32f407xx.o(.text)
    ETH_WKUP_IRQHandler                      0x080001b7   Thumb Code     0  startup_stm32f407xx.o(.text)
    EXTI0_IRQHandler                         0x080001b7   Thumb Code     0  startup_stm32f407xx.o(.text)
    EXTI1_IRQHandler                         0x080001b7   Thumb Code     0  startup_stm32f407xx.o(.text)
    FLASH_IRQHandler                         0x080001b7   Thumb Code     0  startup_stm32f407xx.o(.text)
    FMC_IRQHandler                           0x080001b7   Thumb Code     0  startup_stm32f407xx.o(.text)
    FPU_IRQHandler                           0x080001b7   Thumb Code     0  startup_stm32f407xx.o(.text)
    HASH_RNG_IRQHandler                      0x080001b7   Thumb Code     0  startup_stm32f407xx.o(.text)
    I2C1_ER_IRQHandler                       0x080001b7   Thumb Code     0  startup_stm32f407xx.o(.text)
    I2C1_EV_IRQHandler                       0x080001b7   Thumb Code     0  startup_stm32f407xx.o(.text)
    I2C2_ER_IRQHandler                       0x080001b7   Thumb Code     0  startup_stm32f407xx.o(.text)
    I2C2_EV_IRQHandler                       0x080001b7   Thumb Code     0  startup_stm32f407xx.o(.text)
    I2C3_ER_IRQHandler                       0x080001b7   Thumb Code     0  startup_stm32f407xx.o(.text)
    I2C3_EV_IRQHandler                       0x080001b7   Thumb Code     0  startup_stm32f407xx.o(.text)
    OTG_FS_IRQHandler                        0x080001b7   Thumb Code     0  startup_stm32f407xx.o(.text)
    OTG_FS_WKUP_IRQHandler                   0x080001b7   Thumb Code     0  startup_stm32f407xx.o(.text)
    OTG_HS_EP1_IN_IRQHandler                 0x080001b7   Thumb Code     0  startup_stm32f407xx.o(.text)
    OTG_HS_EP1_OUT_IRQHandler                0x080001b7   Thumb Code     0  startup_stm32f407xx.o(.text)
    OTG_HS_IRQHandler                        0x080001b7   Thumb Code     0  startup_stm32f407xx.o(.text)
    OTG_HS_WKUP_IRQHandler                   0x080001b7   Thumb Code     0  startup_stm32f407xx.o(.text)
    PVD_IRQHandler                           0x080001b7   Thumb Code     0  startup_stm32f407xx.o(.text)
    RCC_IRQHandler                           0x080001b7   Thumb Code     0  startup_stm32f407xx.o(.text)
    RTC_Alarm_IRQHandler                     0x080001b7   Thumb Code     0  startup_stm32f407xx.o(.text)
    RTC_WKUP_IRQHandler                      0x080001b7   Thumb Code     0  startup_stm32f407xx.o(.text)
    SDIO_IRQHandler                          0x080001b7   Thumb Code     0  startup_stm32f407xx.o(.text)
    SPI1_IRQHandler                          0x080001b7   Thumb Code     0  startup_stm32f407xx.o(.text)
    SPI2_IRQHandler                          0x080001b7   Thumb Code     0  startup_stm32f407xx.o(.text)
    SPI3_IRQHandler                          0x080001b7   Thumb Code     0  startup_stm32f407xx.o(.text)
    TAMP_STAMP_IRQHandler                    0x080001b7   Thumb Code     0  startup_stm32f407xx.o(.text)
    TIM1_BRK_TIM9_IRQHandler                 0x080001b7   Thumb Code     0  startup_stm32f407xx.o(.text)
    TIM1_CC_IRQHandler                       0x080001b7   Thumb Code     0  startup_stm32f407xx.o(.text)
    TIM1_TRG_COM_TIM11_IRQHandler            0x080001b7   Thumb Code     0  startup_stm32f407xx.o(.text)
    TIM1_UP_TIM10_IRQHandler                 0x080001b7   Thumb Code     0  startup_stm32f407xx.o(.text)
    TIM2_IRQHandler                          0x080001b7   Thumb Code     0  startup_stm32f407xx.o(.text)
    TIM3_IRQHandler                          0x080001b7   Thumb Code     0  startup_stm32f407xx.o(.text)
    TIM4_IRQHandler                          0x080001b7   Thumb Code     0  startup_stm32f407xx.o(.text)
    TIM5_IRQHandler                          0x080001b7   Thumb Code     0  startup_stm32f407xx.o(.text)
    TIM6_DAC_IRQHandler                      0x080001b7   Thumb Code     0  startup_stm32f407xx.o(.text)
    TIM8_BRK_TIM12_IRQHandler                0x080001b7   Thumb Code     0  startup_stm32f407xx.o(.text)
    TIM8_CC_IRQHandler                       0x080001b7   Thumb Code     0  startup_stm32f407xx.o(.text)
    TIM8_TRG_COM_TIM14_IRQHandler            0x080001b7   Thumb Code     0  startup_stm32f407xx.o(.text)
    TIM8_UP_TIM13_IRQHandler                 0x080001b7   Thumb Code     0  startup_stm32f407xx.o(.text)
    UART4_IRQHandler                         0x080001b7   Thumb Code     0  startup_stm32f407xx.o(.text)
    UART5_IRQHandler                         0x080001b7   Thumb Code     0  startup_stm32f407xx.o(.text)
    USART1_IRQHandler                        0x080001b7   Thumb Code     0  startup_stm32f407xx.o(.text)
    USART2_IRQHandler                        0x080001b7   Thumb Code     0  startup_stm32f407xx.o(.text)
    USART3_IRQHandler                        0x080001b7   Thumb Code     0  startup_stm32f407xx.o(.text)
    USART6_IRQHandler                        0x080001b7   Thumb Code     0  startup_stm32f407xx.o(.text)
    __aeabi_dadd                             0x080001c1   Thumb Code   322  dadd.o(.text)
    __aeabi_dsub                             0x08000303   Thumb Code     6  dadd.o(.text)
    __aeabi_drsub                            0x08000309   Thumb Code     6  dadd.o(.text)
    __aeabi_dmul                             0x0800030f   Thumb Code   228  dmul.o(.text)
    __aeabi_ddiv                             0x080003f3   Thumb Code   222  ddiv.o(.text)
    __aeabi_ui2d                             0x080004d1   Thumb Code    26  dfltui.o(.text)
    __aeabi_d2uiz                            0x080004eb   Thumb Code    50  dfixui.o(.text)
    __aeabi_f2d                              0x0800051d   Thumb Code    38  f2d.o(.text)
    __aeabi_cdcmpeq                          0x08000545   Thumb Code     0  cdcmple.o(.text)
    __aeabi_cdcmple                          0x08000545   Thumb Code    48  cdcmple.o(.text)
    __aeabi_cdrcmple                         0x08000575   Thumb Code    48  cdrcmple.o(.text)
    __aeabi_d2f                              0x080005a5   Thumb Code    56  d2f.o(.text)
    __aeabi_llsl                             0x080005dd   Thumb Code    30  llshl.o(.text)
    _ll_shift_l                              0x080005dd   Thumb Code     0  llshl.o(.text)
    __aeabi_llsr                             0x080005fb   Thumb Code    32  llushr.o(.text)
    _ll_ushift_r                             0x080005fb   Thumb Code     0  llushr.o(.text)
    __aeabi_lasr                             0x0800061b   Thumb Code    36  llsshr.o(.text)
    _ll_sshift_r                             0x0800061b   Thumb Code     0  llsshr.o(.text)
    __I$use$fp                               0x0800063f   Thumb Code     0  iusefp.o(.text)
    _float_round                             0x0800063f   Thumb Code    18  fepilogue.o(.text)
    _float_epilogue                          0x08000651   Thumb Code    92  fepilogue.o(.text)
    _double_round                            0x080006ad   Thumb Code    30  depilogue.o(.text)
    _double_epilogue                         0x080006cb   Thumb Code   156  depilogue.o(.text)
    __scatterload                            0x08000769   Thumb Code    28  init.o(.text)
    __scatterload_rt2                        0x08000769   Thumb Code     0  init.o(.text)
    BusFault_Handler                         0x0800078d   Thumb Code     4  stm32f4xx_it.o(i.BusFault_Handler)
    CAN1_RX0_IRQHandler                      0x08000791   Thumb Code   242  my_can.o(i.CAN1_RX0_IRQHandler)
    CAN_DeInit                               0x08000899   Thumb Code    50  stm32f4xx_can.o(i.CAN_DeInit)
    CAN_FilterInit                           0x080008d1   Thumb Code   258  stm32f4xx_can.o(i.CAN_FilterInit)
    CAN_ITConfig                             0x080009d9   Thumb Code    18  stm32f4xx_can.o(i.CAN_ITConfig)
    CAN_Init                                 0x080009eb   Thumb Code   276  stm32f4xx_can.o(i.CAN_Init)
    CAN_Receive                              0x08000aff   Thumb Code   240  stm32f4xx_can.o(i.CAN_Receive)
    CAN_Transmit                             0x08000bef   Thumb Code   294  stm32f4xx_can.o(i.CAN_Transmit)
    CAN_TransmitStatus                       0x08000d15   Thumb Code   138  stm32f4xx_can.o(i.CAN_TransmitStatus)
    DMA1_Stream0_IRQHandler                  0x08000db5   Thumb Code   208  my_bms24v10ah.o(i.DMA1_Stream0_IRQHandler)
    DMA1_Stream5_IRQHandler                  0x08000e99   Thumb Code   196  my_bms24v40ah.o(i.DMA1_Stream5_IRQHandler)
    DMA2_Stream0_IRQHandler                  0x08000f75   Thumb Code   188  my_straingauge.o(i.DMA2_Stream0_IRQHandler)
    DMA2_Stream5_IRQHandler                  0x08001049   Thumb Code    80  my_altimeter.o(i.DMA2_Stream5_IRQHandler)
    DMA_ClearITPendingBit                    0x080010b9   Thumb Code    38  stm32f4xx_dma.o(i.DMA_ClearITPendingBit)
    DMA_GetITStatus                          0x080010ed   Thumb Code    82  stm32f4xx_dma.o(i.DMA_GetITStatus)
    DebugMon_Handler                         0x08001151   Thumb Code     2  stm32f4xx_it.o(i.DebugMon_Handler)
    EXTI15_10_IRQHandler                     0x08001155   Thumb Code   124  my_io.o(i.EXTI15_10_IRQHandler)
    EXTI2_IRQHandler                         0x080011d5   Thumb Code    46  my_io.o(i.EXTI2_IRQHandler)
    EXTI3_IRQHandler                         0x08001209   Thumb Code    46  my_io.o(i.EXTI3_IRQHandler)
    EXTI4_IRQHandler                         0x0800123d   Thumb Code    46  my_io.o(i.EXTI4_IRQHandler)
    EXTI9_5_IRQHandler                       0x08001271   Thumb Code    46  my_io.o(i.EXTI9_5_IRQHandler)
    EXTI_ClearITPendingBit                   0x080012a5   Thumb Code     6  stm32f4xx_exti.o(i.EXTI_ClearITPendingBit)
    EXTI_GetITStatus                         0x080012b1   Thumb Code    20  stm32f4xx_exti.o(i.EXTI_GetITStatus)
    EXTI_Init                                0x080012c9   Thumb Code   142  stm32f4xx_exti.o(i.EXTI_Init)
    FLASH_SetLatency                         0x0800135d   Thumb Code     6  stm32f4xx_flash.o(i.FLASH_SetLatency)
    GPIO_Init                                0x08001369   Thumb Code   144  stm32f4xx_gpio.o(i.GPIO_Init)
    GPIO_PinAFConfig                         0x080013f9   Thumb Code    70  stm32f4xx_gpio.o(i.GPIO_PinAFConfig)
    GPIO_ResetBits                           0x0800143f   Thumb Code     4  stm32f4xx_gpio.o(i.GPIO_ResetBits)
    GPIO_SetBits                             0x08001443   Thumb Code     4  stm32f4xx_gpio.o(i.GPIO_SetBits)
    HardFault_Handler                        0x08001447   Thumb Code     4  stm32f4xx_it.o(i.HardFault_Handler)
    MemManage_Handler                        0x0800144b   Thumb Code     4  stm32f4xx_it.o(i.MemManage_Handler)
    NMI_Handler                              0x0800144f   Thumb Code     2  stm32f4xx_it.o(i.NMI_Handler)
    NVIC_Init                                0x08001451   Thumb Code   106  misc.o(i.NVIC_Init)
    PendSV_Handler                           0x080014c9   Thumb Code     2  stm32f4xx_it.o(i.PendSV_Handler)
    RCC_AHB1PeriphClockCmd                   0x080014cd   Thumb Code    26  stm32f4xx_rcc.o(i.RCC_AHB1PeriphClockCmd)
    RCC_APB1PeriphClockCmd                   0x080014ed   Thumb Code    26  stm32f4xx_rcc.o(i.RCC_APB1PeriphClockCmd)
    RCC_APB1PeriphResetCmd                   0x0800150d   Thumb Code    26  stm32f4xx_rcc.o(i.RCC_APB1PeriphResetCmd)
    RCC_APB2PeriphClockCmd                   0x0800152d   Thumb Code    26  stm32f4xx_rcc.o(i.RCC_APB2PeriphClockCmd)
    RCC_DeInit                               0x0800154d   Thumb Code    82  stm32f4xx_rcc.o(i.RCC_DeInit)
    RCC_GetClocksFreq                        0x080015b1   Thumb Code   214  stm32f4xx_rcc.o(i.RCC_GetClocksFreq)
    RCC_GetFlagStatus                        0x08001699   Thumb Code    60  stm32f4xx_rcc.o(i.RCC_GetFlagStatus)
    RCC_HCLKConfig                           0x080016d9   Thumb Code    18  stm32f4xx_rcc.o(i.RCC_HCLKConfig)
    RCC_HSEConfig                            0x080016f1   Thumb Code    12  stm32f4xx_rcc.o(i.RCC_HSEConfig)
    RCC_PCLK1Config                          0x08001701   Thumb Code    18  stm32f4xx_rcc.o(i.RCC_PCLK1Config)
    RCC_PCLK2Config                          0x08001719   Thumb Code    20  stm32f4xx_rcc.o(i.RCC_PCLK2Config)
    RCC_PLLCmd                               0x08001731   Thumb Code     6  stm32f4xx_rcc.o(i.RCC_PLLCmd)
    RCC_PLLConfig                            0x0800173d   Thumb Code    30  stm32f4xx_rcc.o(i.RCC_PLLConfig)
    RCC_SYSCLKConfig                         0x08001761   Thumb Code    18  stm32f4xx_rcc.o(i.RCC_SYSCLKConfig)
    RCC_WaitForHSEStartUp                    0x08001779   Thumb Code    56  stm32f4xx_rcc.o(i.RCC_WaitForHSEStartUp)
    SVC_Handler                              0x080017b1   Thumb Code     2  stm32f4xx_it.o(i.SVC_Handler)
    SYSCFG_EXTILineConfig                    0x080017b5   Thumb Code    60  stm32f4xx_syscfg.o(i.SYSCFG_EXTILineConfig)
    SystemCoreClockUpdate                    0x0800185d   Thumb Code   170  system_stm32f4xx.o(i.SystemCoreClockUpdate)
    SystemInit                               0x0800191d   Thumb Code    82  system_stm32f4xx.o(i.SystemInit)
    TIM7_IRQHandler                          0x08001aa5   Thumb Code   208  my_pistonmotor.o(i.TIM7_IRQHandler)
    TIM_ARRPreloadConfig                     0x08001b9d   Thumb Code    24  stm32f4xx_tim.o(i.TIM_ARRPreloadConfig)
    TIM_CCxCmd                               0x08001bb5   Thumb Code    30  stm32f4xx_tim.o(i.TIM_CCxCmd)
    TIM_ClearFlag                            0x08001bd3   Thumb Code     6  stm32f4xx_tim.o(i.TIM_ClearFlag)
    TIM_ClearITPendingBit                    0x08001bd9   Thumb Code     6  stm32f4xx_tim.o(i.TIM_ClearITPendingBit)
    TIM_Cmd                                  0x08001bdf   Thumb Code    24  stm32f4xx_tim.o(i.TIM_Cmd)
    TIM_CtrlPWMOutputs                       0x08001bf7   Thumb Code    30  stm32f4xx_tim.o(i.TIM_CtrlPWMOutputs)
    TIM_EncoderInterfaceConfig               0x08001c15   Thumb Code    66  stm32f4xx_tim.o(i.TIM_EncoderInterfaceConfig)
    TIM_GetCounter                           0x08001c57   Thumb Code     6  stm32f4xx_tim.o(i.TIM_GetCounter)
    TIM_GetFlagStatus                        0x08001c5d   Thumb Code    18  stm32f4xx_tim.o(i.TIM_GetFlagStatus)
    TIM_GetITStatus                          0x08001c6f   Thumb Code    34  stm32f4xx_tim.o(i.TIM_GetITStatus)
    TIM_ICInit                               0x08001c91   Thumb Code   110  stm32f4xx_tim.o(i.TIM_ICInit)
    TIM_ICStructInit                         0x08001cff   Thumb Code    18  stm32f4xx_tim.o(i.TIM_ICStructInit)
    TIM_ITConfig                             0x08001d11   Thumb Code    18  stm32f4xx_tim.o(i.TIM_ITConfig)
    TIM_OC2Init                              0x08001d25   Thumb Code   154  stm32f4xx_tim.o(i.TIM_OC2Init)
    TIM_OC2PreloadConfig                     0x08001dc9   Thumb Code    26  stm32f4xx_tim.o(i.TIM_OC2PreloadConfig)
    TIM_SetCompare2                          0x08001de3   Thumb Code     4  stm32f4xx_tim.o(i.TIM_SetCompare2)
    TIM_SetCounter                           0x08001de7   Thumb Code     4  stm32f4xx_tim.o(i.TIM_SetCounter)
    TIM_SetIC1Prescaler                      0x08001deb   Thumb Code    18  stm32f4xx_tim.o(i.TIM_SetIC1Prescaler)
    TIM_SetIC2Prescaler                      0x08001dfd   Thumb Code    26  stm32f4xx_tim.o(i.TIM_SetIC2Prescaler)
    TIM_SetIC3Prescaler                      0x08001e17   Thumb Code    18  stm32f4xx_tim.o(i.TIM_SetIC3Prescaler)
    TIM_SetIC4Prescaler                      0x08001e29   Thumb Code    26  stm32f4xx_tim.o(i.TIM_SetIC4Prescaler)
    TIM_TimeBaseInit                         0x08001e45   Thumb Code   104  stm32f4xx_tim.o(i.TIM_TimeBaseInit)
    TIM_TimeBaseStructInit                   0x08001ec9   Thumb Code    18  stm32f4xx_tim.o(i.TIM_TimeBaseStructInit)
    UALTI_ArrangeData                        0x08001edb   Thumb Code    60  my_altimeter.o(i.UALTI_ArrangeData)
    UALTI_Checksum                           0x08001f17   Thumb Code    56  my_altimeter.o(i.UALTI_Checksum)
    UALTI_Convert2Int                        0x08001f4f   Thumb Code    58  my_altimeter.o(i.UALTI_Convert2Int)
    UALTI_ConvertData                        0x08001f89   Thumb Code   748  my_altimeter.o(i.UALTI_ConvertData)
    UBMS10_Checksum                          0x08002285   Thumb Code    30  my_bms24v10ah.o(i.UBMS10_Checksum)
    UBMS40_ArrangeData                       0x080022c3   Thumb Code   120  my_bms24v40ah.o(i.UBMS40_ArrangeData)
    UBMS40_Checksum                          0x0800233b   Thumb Code    30  my_bms24v40ah.o(i.UBMS40_Checksum)
    UCAN_Checksum                            0x08002379   Thumb Code    30  my_can.o(i.UCAN_Checksum)
    UCAN_Configure                           0x08002399   Thumb Code   328  my_can.o(i.UCAN_Configure)
    UCAN_Convert_Float_to_Bytes              0x080024ed   Thumb Code    32  my_can.o(i.UCAN_Convert_Float_to_Bytes)
    UCAN_Mass_OLoop_Duty                     0x0800250d   Thumb Code    64  my_can.o(i.UCAN_Mass_OLoop_Duty)
    UCAN_Pistol_OLoop_Duty                   0x08002555   Thumb Code    64  my_can.o(i.UCAN_Pistol_OLoop_Duty)
    UCAN_Transmit                            0x0800259d   Thumb Code    98  my_can.o(i.UCAN_Transmit)
    UDELAY_Configuration                     0x08002605   Thumb Code    24  my_delay.o(i.UDELAY_Configuration)
    UDELAY_ms                                0x08002625   Thumb Code    88  my_delay.o(i.UDELAY_ms)
    UDELAY_us                                0x0800268d   Thumb Code    86  my_delay.o(i.UDELAY_us)
    UHRST_ResetCNT                           0x080026f5   Thumb Code    10  my_hardwarereset.o(i.UHRST_ResetCNT)
    UIO_Configuration                        0x08002701   Thumb Code   750  my_io.o(i.UIO_Configuration)
    UIO_Emergency24V10Ah                     0x080029f9   Thumb Code    28  my_io.o(i.UIO_Emergency24V10Ah)
    UIO_Emergency24V40Ah                     0x08002a19   Thumb Code    28  my_io.o(i.UIO_Emergency24V40Ah)
    UIO_Light_Cmd                            0x08002a39   Thumb Code    30  my_io.o(i.UIO_Light_Cmd)
    UPIS_Configuration                       0x08002a5d   Thumb Code   742  my_pistonmotor.o(i.UPIS_Configuration)
    UPIS_GetCurrentPosition                  0x08002dc1   Thumb Code     8  my_pistonmotor.o(i.UPIS_GetCurrentPosition)
    UPIS_GetFlagUpdatePID                    0x08002dcd   Thumb Code     6  my_pistonmotor.o(i.UPIS_GetFlagUpdatePID)
    UPIS_GetLPFDesiredPosition               0x08002dd9   Thumb Code     8  my_pistonmotor.o(i.UPIS_GetLPFDesiredPosition)
    UPIS_PIDCaculation                       0x08002de5   Thumb Code   878  my_pistonmotor.o(i.UPIS_PIDCaculation)
    UPIS_ResetFlagUpdatePID                  0x080031c5   Thumb Code     8  my_pistonmotor.o(i.UPIS_ResetFlagUpdatePID)
    UPIS_SetDesiredPosition                  0x080031d1   Thumb Code     8  my_pistonmotor.o(i.UPIS_SetDesiredPosition)
    UPIS_SetDuty                             0x080031dd   Thumb Code   282  my_pistonmotor.o(i.UPIS_SetDuty)
    UPIS_SetGain                             0x08003315   Thumb Code    20  my_pistonmotor.o(i.UPIS_SetGain)
    UPIS_StartEncoder                        0x08003335   Thumb Code    38  my_pistonmotor.o(i.UPIS_StartEncoder)
    UsageFault_Handler                       0x08003365   Thumb Code     4  stm32f4xx_it.o(i.UsageFault_Handler)
    WWDG_ClearFlag                           0x08003369   Thumb Code     8  stm32f4xx_wwdg.o(i.WWDG_ClearFlag)
    WWDG_IRQHandler                          0x08003375   Thumb Code    12  my_hardwarereset.o(i.WWDG_IRQHandler)
    WWDG_SetCounter                          0x08003381   Thumb Code    10  stm32f4xx_wwdg.o(i.WWDG_SetCounter)
    __hardfp_fabs                            0x08003391   Thumb Code    20  fabs.o(i.__hardfp_fabs)
    __scatterload_copy                       0x080033a5   Thumb Code    14  handlers.o(i.__scatterload_copy)
    __scatterload_null                       0x080033b3   Thumb Code     2  handlers.o(i.__scatterload_null)
    __scatterload_zeroinit                   0x080033b5   Thumb Code    14  handlers.o(i.__scatterload_zeroinit)
    main                                     0x080033c5   Thumb Code   138  main.o(i.main)
    AHBPrescTable                            0x0800346c   Data          16  system_stm32f4xx.o(.constdata)
    APBPrescTable                            0x0800347c   Data           8  system_stm32f4xx.o(.constdata)
    Region$$Table$$Base                      0x08003484   Number         0  anon$$obj.o(Region$$Table)
    Region$$Table$$Limit                     0x080034a4   Number         0  anon$$obj.o(Region$$Table)
    CAN_DataTest                             0x20000005   Data           8  main.o(.data)
    _count_encoder                           0x2000000e   Data           2  main.o(.data)
    __Kp                                     0x20000010   Data           4  main.o(.data)
    __Ki                                     0x20000014   Data           4  main.o(.data)
    __Kd                                     0x20000018   Data           4  main.o(.data)
    __Desired_Position                       0x2000001c   Data           4  main.o(.data)
    __Desired_Position_LPF                   0x20000020   Data           4  main.o(.data)
    __position                               0x20000024   Data           4  main.o(.data)
    _can_respond_count                       0x2000002b   Data           1  my_can.o(.data)
    CAN_RxMessage                            0x20000044   Data           8  my_can.o(.data)
    CAN_TxMessage                            0x2000004c   Data           8  my_can.o(.data)
    SystemCoreClock                          0x200000dc   Data           4  system_stm32f4xx.o(.data)
    RCC_Clocks                               0x200000e0   Data          16  main.o(.bss)
    CAN_Data                                 0x200000f0   Data         116  main.o(.bss)
    RxMessage                                0x20000170   Data          20  my_can.o(.bss)
    UBMS10_Status                            0x200001f8   Data          28  my_bms24v10ah.o(.bss)
    UBMS40_Status                            0x2000025c   Data          24  my_bms24v40ah.o(.bss)
    __initial_sp                             0x200006d0   Data           0  startup_stm32f407xx.o(STACK)



==============================================================================

Memory Map of the image

  Image Entry point : 0x08000189

  Load Region LR_IROM1 (Base: 0x08000000, Size: 0x00003584, Max: 0x00100000, ABSOLUTE)

    Execution Region ER_IROM1 (Exec base: 0x08000000, Load base: 0x08000000, Size: 0x000034a4, Max: 0x00100000, ABSOLUTE)

    Exec Addr    Load Addr    Size         Type   Attr      Idx    E Section Name        Object

    0x08000000   0x08000000   0x00000188   Data   RO         3484    RESET               startup_stm32f407xx.o
    0x08000188   0x08000188   0x00000000   Code   RO         3532  * .ARM.Collect$$$$00000000  mc_w.l(entry.o)
    0x08000188   0x08000188   0x00000004   Code   RO         3553    .ARM.Collect$$$$00000001  mc_w.l(entry2.o)
    0x0800018c   0x0800018c   0x00000004   Code   RO         3556    .ARM.Collect$$$$00000004  mc_w.l(entry5.o)
    0x08000190   0x08000190   0x00000000   Code   RO         3558    .ARM.Collect$$$$00000008  mc_w.l(entry7b.o)
    0x08000190   0x08000190   0x00000000   Code   RO         3560    .ARM.Collect$$$$0000000A  mc_w.l(entry8b.o)
    0x08000190   0x08000190   0x00000008   Code   RO         3561    .ARM.Collect$$$$0000000B  mc_w.l(entry9a.o)
    0x08000198   0x08000198   0x00000000   Code   RO         3563    .ARM.Collect$$$$0000000D  mc_w.l(entry10a.o)
    0x08000198   0x08000198   0x00000000   Code   RO         3565    .ARM.Collect$$$$0000000F  mc_w.l(entry11a.o)
    0x08000198   0x08000198   0x00000004   Code   RO         3554    .ARM.Collect$$$$00002712  mc_w.l(entry2.o)
    0x0800019c   0x0800019c   0x00000024   Code   RO         3485    .text               startup_stm32f407xx.o
    0x080001c0   0x080001c0   0x0000014e   Code   RO         3535    .text               mf_w.l(dadd.o)
    0x0800030e   0x0800030e   0x000000e4   Code   RO         3537    .text               mf_w.l(dmul.o)
    0x080003f2   0x080003f2   0x000000de   Code   RO         3539    .text               mf_w.l(ddiv.o)
    0x080004d0   0x080004d0   0x0000001a   Code   RO         3541    .text               mf_w.l(dfltui.o)
    0x080004ea   0x080004ea   0x00000032   Code   RO         3543    .text               mf_w.l(dfixui.o)
    0x0800051c   0x0800051c   0x00000026   Code   RO         3545    .text               mf_w.l(f2d.o)
    0x08000542   0x08000542   0x00000002   PAD
    0x08000544   0x08000544   0x00000030   Code   RO         3547    .text               mf_w.l(cdcmple.o)
    0x08000574   0x08000574   0x00000030   Code   RO         3549    .text               mf_w.l(cdrcmple.o)
    0x080005a4   0x080005a4   0x00000038   Code   RO         3551    .text               mf_w.l(d2f.o)
    0x080005dc   0x080005dc   0x0000001e   Code   RO         3567    .text               mc_w.l(llshl.o)
    0x080005fa   0x080005fa   0x00000020   Code   RO         3569    .text               mc_w.l(llushr.o)
    0x0800061a   0x0800061a   0x00000024   Code   RO         3571    .text               mc_w.l(llsshr.o)
    0x0800063e   0x0800063e   0x00000000   Code   RO         3573    .text               mc_w.l(iusefp.o)
    0x0800063e   0x0800063e   0x0000006e   Code   RO         3574    .text               mf_w.l(fepilogue.o)
    0x080006ac   0x080006ac   0x000000ba   Code   RO         3576    .text               mf_w.l(depilogue.o)
    0x08000766   0x08000766   0x00000002   PAD
    0x08000768   0x08000768   0x00000024   Code   RO         3578    .text               mc_w.l(init.o)
    0x0800078c   0x0800078c   0x00000004   Code   RO          982    i.BusFault_Handler  stm32f4xx_it.o
    0x08000790   0x08000790   0x00000108   Code   RO          301    i.CAN1_RX0_IRQHandler  my_can.o
    0x08000898   0x08000898   0x00000038   Code   RO         1128    i.CAN_DeInit        stm32f4xx_can.o
    0x080008d0   0x080008d0   0x00000108   Code   RO         1130    i.CAN_FilterInit    stm32f4xx_can.o
    0x080009d8   0x080009d8   0x00000012   Code   RO         1136    i.CAN_ITConfig      stm32f4xx_can.o
    0x080009ea   0x080009ea   0x00000114   Code   RO         1137    i.CAN_Init          stm32f4xx_can.o
    0x08000afe   0x08000afe   0x000000f0   Code   RO         1140    i.CAN_Receive       stm32f4xx_can.o
    0x08000bee   0x08000bee   0x00000126   Code   RO         1145    i.CAN_Transmit      stm32f4xx_can.o
    0x08000d14   0x08000d14   0x000000a0   Code   RO         1146    i.CAN_TransmitStatus  stm32f4xx_can.o
    0x08000db4   0x08000db4   0x000000e4   Code   RO          664    i.DMA1_Stream0_IRQHandler  my_bms24v10ah.o
    0x08000e98   0x08000e98   0x000000dc   Code   RO          738    i.DMA1_Stream5_IRQHandler  my_bms24v40ah.o
    0x08000f74   0x08000f74   0x000000d4   Code   RO          848    i.DMA2_Stream0_IRQHandler  my_straingauge.o
    0x08001048   0x08001048   0x00000070   Code   RO          425    i.DMA2_Stream5_IRQHandler  my_altimeter.o
    0x080010b8   0x080010b8   0x00000034   Code   RO         1292    i.DMA_ClearITPendingBit  stm32f4xx_dma.o
    0x080010ec   0x080010ec   0x00000064   Code   RO         1303    i.DMA_GetITStatus   stm32f4xx_dma.o
    0x08001150   0x08001150   0x00000002   Code   RO          983    i.DebugMon_Handler  stm32f4xx_it.o
    0x08001152   0x08001152   0x00000002   PAD
    0x08001154   0x08001154   0x00000080   Code   RO          512    i.EXTI15_10_IRQHandler  my_io.o
    0x080011d4   0x080011d4   0x00000034   Code   RO          513    i.EXTI2_IRQHandler  my_io.o
    0x08001208   0x08001208   0x00000034   Code   RO          514    i.EXTI3_IRQHandler  my_io.o
    0x0800123c   0x0800123c   0x00000034   Code   RO          515    i.EXTI4_IRQHandler  my_io.o
    0x08001270   0x08001270   0x00000034   Code   RO          516    i.EXTI9_5_IRQHandler  my_io.o
    0x080012a4   0x080012a4   0x0000000c   Code   RO         2940    i.EXTI_ClearITPendingBit  stm32f4xx_exti.o
    0x080012b0   0x080012b0   0x00000018   Code   RO         2944    i.EXTI_GetITStatus  stm32f4xx_exti.o
    0x080012c8   0x080012c8   0x00000094   Code   RO         2945    i.EXTI_Init         stm32f4xx_exti.o
    0x0800135c   0x0800135c   0x0000000c   Code   RO         2718    i.FLASH_SetLatency  stm32f4xx_flash.o
    0x08001368   0x08001368   0x00000090   Code   RO         1424    i.GPIO_Init         stm32f4xx_gpio.o
    0x080013f8   0x080013f8   0x00000046   Code   RO         1425    i.GPIO_PinAFConfig  stm32f4xx_gpio.o
    0x0800143e   0x0800143e   0x00000004   Code   RO         1431    i.GPIO_ResetBits    stm32f4xx_gpio.o
    0x08001442   0x08001442   0x00000004   Code   RO         1432    i.GPIO_SetBits      stm32f4xx_gpio.o
    0x08001446   0x08001446   0x00000004   Code   RO          984    i.HardFault_Handler  stm32f4xx_it.o
    0x0800144a   0x0800144a   0x00000004   Code   RO          985    i.MemManage_Handler  stm32f4xx_it.o
    0x0800144e   0x0800144e   0x00000002   Code   RO          986    i.NMI_Handler       stm32f4xx_it.o
    0x08001450   0x08001450   0x00000078   Code   RO         1076    i.NVIC_Init         misc.o
    0x080014c8   0x080014c8   0x00000002   Code   RO          987    i.PendSV_Handler    stm32f4xx_it.o
    0x080014ca   0x080014ca   0x00000002   PAD
    0x080014cc   0x080014cc   0x00000020   Code   RO         2343    i.RCC_AHB1PeriphClockCmd  stm32f4xx_rcc.o
    0x080014ec   0x080014ec   0x00000020   Code   RO         2352    i.RCC_APB1PeriphClockCmd  stm32f4xx_rcc.o
    0x0800150c   0x0800150c   0x00000020   Code   RO         2354    i.RCC_APB1PeriphResetCmd  stm32f4xx_rcc.o
    0x0800152c   0x0800152c   0x00000020   Code   RO         2355    i.RCC_APB2PeriphClockCmd  stm32f4xx_rcc.o
    0x0800154c   0x0800154c   0x00000064   Code   RO         2363    i.RCC_DeInit        stm32f4xx_rcc.o
    0x080015b0   0x080015b0   0x000000e8   Code   RO         2364    i.RCC_GetClocksFreq  stm32f4xx_rcc.o
    0x08001698   0x08001698   0x00000040   Code   RO         2365    i.RCC_GetFlagStatus  stm32f4xx_rcc.o
    0x080016d8   0x080016d8   0x00000018   Code   RO         2368    i.RCC_HCLKConfig    stm32f4xx_rcc.o
    0x080016f0   0x080016f0   0x00000010   Code   RO         2369    i.RCC_HSEConfig     stm32f4xx_rcc.o
    0x08001700   0x08001700   0x00000018   Code   RO         2379    i.RCC_PCLK1Config   stm32f4xx_rcc.o
    0x08001718   0x08001718   0x00000018   Code   RO         2380    i.RCC_PCLK2Config   stm32f4xx_rcc.o
    0x08001730   0x08001730   0x0000000c   Code   RO         2381    i.RCC_PLLCmd        stm32f4xx_rcc.o
    0x0800173c   0x0800173c   0x00000024   Code   RO         2382    i.RCC_PLLConfig     stm32f4xx_rcc.o
    0x08001760   0x08001760   0x00000018   Code   RO         2393    i.RCC_SYSCLKConfig  stm32f4xx_rcc.o
    0x08001778   0x08001778   0x00000038   Code   RO         2395    i.RCC_WaitForHSEStartUp  stm32f4xx_rcc.o
    0x080017b0   0x080017b0   0x00000002   Code   RO          988    i.SVC_Handler       stm32f4xx_it.o
    0x080017b2   0x080017b2   0x00000002   PAD
    0x080017b4   0x080017b4   0x00000040   Code   RO         1528    i.SYSCFG_EXTILineConfig  stm32f4xx_syscfg.o
    0x080017f4   0x080017f4   0x00000068   Code   RO            4    i.SystemClock_Config  main.o
    0x0800185c   0x0800185c   0x000000c0   Code   RO         3492    i.SystemCoreClockUpdate  system_stm32f4xx.o
    0x0800191c   0x0800191c   0x00000064   Code   RO         3493    i.SystemInit        system_stm32f4xx.o
    0x08001980   0x08001980   0x0000003a   Code   RO         1585    i.TI1_Config        stm32f4xx_tim.o
    0x080019ba   0x080019ba   0x00000050   Code   RO         1586    i.TI2_Config        stm32f4xx_tim.o
    0x08001a0a   0x08001a0a   0x00000048   Code   RO         1587    i.TI3_Config        stm32f4xx_tim.o
    0x08001a52   0x08001a52   0x00000050   Code   RO         1588    i.TI4_Config        stm32f4xx_tim.o
    0x08001aa2   0x08001aa2   0x00000002   PAD
    0x08001aa4   0x08001aa4   0x000000f8   Code   RO          886    i.TIM7_IRQHandler   my_pistonmotor.o
    0x08001b9c   0x08001b9c   0x00000018   Code   RO         1589    i.TIM_ARRPreloadConfig  stm32f4xx_tim.o
    0x08001bb4   0x08001bb4   0x0000001e   Code   RO         1593    i.TIM_CCxCmd        stm32f4xx_tim.o
    0x08001bd2   0x08001bd2   0x00000006   Code   RO         1595    i.TIM_ClearFlag     stm32f4xx_tim.o
    0x08001bd8   0x08001bd8   0x00000006   Code   RO         1596    i.TIM_ClearITPendingBit  stm32f4xx_tim.o
    0x08001bde   0x08001bde   0x00000018   Code   RO         1601    i.TIM_Cmd           stm32f4xx_tim.o
    0x08001bf6   0x08001bf6   0x0000001e   Code   RO         1603    i.TIM_CtrlPWMOutputs  stm32f4xx_tim.o
    0x08001c14   0x08001c14   0x00000042   Code   RO         1610    i.TIM_EncoderInterfaceConfig  stm32f4xx_tim.o
    0x08001c56   0x08001c56   0x00000006   Code   RO         1620    i.TIM_GetCounter    stm32f4xx_tim.o
    0x08001c5c   0x08001c5c   0x00000012   Code   RO         1621    i.TIM_GetFlagStatus  stm32f4xx_tim.o
    0x08001c6e   0x08001c6e   0x00000022   Code   RO         1622    i.TIM_GetITStatus   stm32f4xx_tim.o
    0x08001c90   0x08001c90   0x0000006e   Code   RO         1624    i.TIM_ICInit        stm32f4xx_tim.o
    0x08001cfe   0x08001cfe   0x00000012   Code   RO         1625    i.TIM_ICStructInit  stm32f4xx_tim.o
    0x08001d10   0x08001d10   0x00000012   Code   RO         1626    i.TIM_ITConfig      stm32f4xx_tim.o
    0x08001d22   0x08001d22   0x00000002   PAD
    0x08001d24   0x08001d24   0x000000a4   Code   RO         1635    i.TIM_OC2Init       stm32f4xx_tim.o
    0x08001dc8   0x08001dc8   0x0000001a   Code   RO         1638    i.TIM_OC2PreloadConfig  stm32f4xx_tim.o
    0x08001de2   0x08001de2   0x00000004   Code   RO         1664    i.TIM_SetCompare2   stm32f4xx_tim.o
    0x08001de6   0x08001de6   0x00000004   Code   RO         1667    i.TIM_SetCounter    stm32f4xx_tim.o
    0x08001dea   0x08001dea   0x00000012   Code   RO         1668    i.TIM_SetIC1Prescaler  stm32f4xx_tim.o
    0x08001dfc   0x08001dfc   0x0000001a   Code   RO         1669    i.TIM_SetIC2Prescaler  stm32f4xx_tim.o
    0x08001e16   0x08001e16   0x00000012   Code   RO         1670    i.TIM_SetIC3Prescaler  stm32f4xx_tim.o
    0x08001e28   0x08001e28   0x0000001a   Code   RO         1671    i.TIM_SetIC4Prescaler  stm32f4xx_tim.o
    0x08001e42   0x08001e42   0x00000002   PAD
    0x08001e44   0x08001e44   0x00000084   Code   RO         1673    i.TIM_TimeBaseInit  stm32f4xx_tim.o
    0x08001ec8   0x08001ec8   0x00000012   Code   RO         1674    i.TIM_TimeBaseStructInit  stm32f4xx_tim.o
    0x08001eda   0x08001eda   0x0000003c   Code   RO          426    i.UALTI_ArrangeData  my_altimeter.o
    0x08001f16   0x08001f16   0x00000038   Code   RO          427    i.UALTI_Checksum    my_altimeter.o
    0x08001f4e   0x08001f4e   0x0000003a   Code   RO          429    i.UALTI_Convert2Int  my_altimeter.o
    0x08001f88   0x08001f88   0x000002fc   Code   RO          430    i.UALTI_ConvertData  my_altimeter.o
    0x08002284   0x08002284   0x0000001e   Code   RO          665    i.UBMS10_Checksum   my_bms24v10ah.o
    0x080022a2   0x080022a2   0x00000020   Code   RO          667    i.UBMS10_Convert_Bytes_to_Float  my_bms24v10ah.o
    0x080022c2   0x080022c2   0x00000078   Code   RO          739    i.UBMS40_ArrangeData  my_bms24v40ah.o
    0x0800233a   0x0800233a   0x0000001e   Code   RO          740    i.UBMS40_Checksum   my_bms24v40ah.o
    0x08002358   0x08002358   0x00000020   Code   RO          743    i.UBMS40_Convert_Bytes_to_Float  my_bms24v40ah.o
    0x08002378   0x08002378   0x0000001e   Code   RO          304    i.UCAN_Checksum     my_can.o
    0x08002396   0x08002396   0x00000002   PAD
    0x08002398   0x08002398   0x00000154   Code   RO          305    i.UCAN_Configure    my_can.o
    0x080024ec   0x080024ec   0x00000020   Code   RO          307    i.UCAN_Convert_Float_to_Bytes  my_can.o
    0x0800250c   0x0800250c   0x00000048   Code   RO          310    i.UCAN_Mass_OLoop_Duty  my_can.o
    0x08002554   0x08002554   0x00000048   Code   RO          313    i.UCAN_Pistol_OLoop_Duty  my_can.o
    0x0800259c   0x0800259c   0x00000068   Code   RO          317    i.UCAN_Transmit     my_can.o
    0x08002604   0x08002604   0x00000020   Code   RO          190    i.UDELAY_Configuration  my_delay.o
    0x08002624   0x08002624   0x00000068   Code   RO          191    i.UDELAY_ms         my_delay.o
    0x0800268c   0x0800268c   0x00000068   Code   RO          192    i.UDELAY_us         my_delay.o
    0x080026f4   0x080026f4   0x0000000a   Code   RO          813    i.UHRST_ResetCNT    my_hardwarereset.o
    0x080026fe   0x080026fe   0x00000002   PAD
    0x08002700   0x08002700   0x000002f8   Code   RO          521    i.UIO_Configuration  my_io.o
    0x080029f8   0x080029f8   0x00000020   Code   RO          522    i.UIO_Emergency24V10Ah  my_io.o
    0x08002a18   0x08002a18   0x00000020   Code   RO          523    i.UIO_Emergency24V40Ah  my_io.o
    0x08002a38   0x08002a38   0x00000024   Code   RO          533    i.UIO_Light_Cmd     my_io.o
    0x08002a5c   0x08002a5c   0x00000364   Code   RO          887    i.UPIS_Configuration  my_pistonmotor.o
    0x08002dc0   0x08002dc0   0x0000000c   Code   RO          888    i.UPIS_GetCurrentPosition  my_pistonmotor.o
    0x08002dcc   0x08002dcc   0x0000000c   Code   RO          889    i.UPIS_GetFlagUpdatePID  my_pistonmotor.o
    0x08002dd8   0x08002dd8   0x0000000c   Code   RO          890    i.UPIS_GetLPFDesiredPosition  my_pistonmotor.o
    0x08002de4   0x08002de4   0x000003e0   Code   RO          891    i.UPIS_PIDCaculation  my_pistonmotor.o
    0x080031c4   0x080031c4   0x0000000c   Code   RO          892    i.UPIS_ResetFlagUpdatePID  my_pistonmotor.o
    0x080031d0   0x080031d0   0x0000000c   Code   RO          893    i.UPIS_SetDesiredPosition  my_pistonmotor.o
    0x080031dc   0x080031dc   0x00000138   Code   RO          894    i.UPIS_SetDuty      my_pistonmotor.o
    0x08003314   0x08003314   0x00000020   Code   RO          895    i.UPIS_SetGain      my_pistonmotor.o
    0x08003334   0x08003334   0x00000030   Code   RO          896    i.UPIS_StartEncoder  my_pistonmotor.o
    0x08003364   0x08003364   0x00000004   Code   RO          989    i.UsageFault_Handler  stm32f4xx_it.o
    0x08003368   0x08003368   0x0000000c   Code   RO         3005    i.WWDG_ClearFlag    stm32f4xx_wwdg.o
    0x08003374   0x08003374   0x0000000c   Code   RO          814    i.WWDG_IRQHandler   my_hardwarereset.o
    0x08003380   0x08003380   0x00000010   Code   RO         3010    i.WWDG_SetCounter   stm32f4xx_wwdg.o
    0x08003390   0x08003390   0x00000014   Code   RO         3526    i.__hardfp_fabs     m_wm.l(fabs.o)
    0x080033a4   0x080033a4   0x0000000e   Code   RO         3582    i.__scatterload_copy  mc_w.l(handlers.o)
    0x080033b2   0x080033b2   0x00000002   Code   RO         3583    i.__scatterload_null  mc_w.l(handlers.o)
    0x080033b4   0x080033b4   0x0000000e   Code   RO         3584    i.__scatterload_zeroinit  mc_w.l(handlers.o)
    0x080033c2   0x080033c2   0x00000002   PAD
    0x080033c4   0x080033c4   0x000000a8   Code   RO            5    i.main              main.o
    0x0800346c   0x0800346c   0x00000018   Data   RO         3494    .constdata          system_stm32f4xx.o
    0x08003484   0x08003484   0x00000020   Data   RO         3580    Region$$Table       anon$$obj.o


    Execution Region RW_IRAM1 (Exec base: 0x20000000, Load base: 0x080034a4, Size: 0x000006d0, Max: 0x00020000, ABSOLUTE)

    Exec Addr    Load Addr    Size         Type   Attr      Idx    E Section Name        Object

    0x20000000   0x080034a4   0x00000028   Data   RW            7    .data               main.o
    0x20000028   0x080034cc   0x0000002c   Data   RW          319    .data               my_can.o
    0x20000054   0x080034f8   0x0000000c   Data   RW          437    .data               my_altimeter.o
    0x20000060   0x08003504   0x00000001   Data   RW          534    .data               my_io.o
    0x20000061   0x08003505   0x00000003   PAD
    0x20000064   0x08003508   0x00000068   Data   RW          898    .data               my_pistonmotor.o
    0x200000cc   0x08003570   0x00000010   Data   RW         2396    .data               stm32f4xx_rcc.o
    0x200000dc   0x08003580   0x00000004   Data   RW         3495    .data               system_stm32f4xx.o
    0x200000e0        -       0x00000084   Zero   RW            6    .bss                main.o
    0x20000164        -       0x0000000c   Zero   RW          193    .bss                my_delay.o
    0x20000170        -       0x00000014   Zero   RW          318    .bss                my_can.o
    0x20000184        -       0x0000004c   Zero   RW          436    .bss                my_altimeter.o
    0x200001d0        -       0x00000044   Zero   RW          673    .bss                my_bms24v10ah.o
    0x20000214        -       0x00000060   Zero   RW          747    .bss                my_bms24v40ah.o
    0x20000274        -       0x0000005c   Zero   RW          851    .bss                my_straingauge.o
    0x200002d0        -       0x00000400   Zero   RW         3482    STACK               startup_stm32f407xx.o


==============================================================================

Image component sizes


      Code (inc. data)   RO Data    RW Data    ZI Data      Debug   Object Name

       272         30          0         40        132     316305   main.o
       120         14          0          0          0       1152   misc.o
      1050         54          0         12         76       5387   my_altimeter.o
       290         20          0          0         68       3508   my_bms24v10ah.o
       402         24          0          0         96       4437   my_bms24v40ah.o
       914         56          0         44         20       6588   my_can.o
       240         42          0          0         12       1939   my_delay.o
        22          0          0          0          0       1027   my_hardwarereset.o
      1196         52          0          1          0       5807   my_io.o
      2560        354          0        104          0       7725   my_pistonmotor.o
       212         24          0          0         92       3590   my_straingauge.o
        36          8        392          0       1024        896   startup_stm32f407xx.o
      1308         34          0          0          0       6254   stm32f4xx_can.o
       152         32          0          0          0       2798   stm32f4xx_dma.o
       184         16          0          0          0       2364   stm32f4xx_exti.o
        12          6          0          0          0        599   stm32f4xx_flash.o
       222          0          0          0          0       3207   stm32f4xx_gpio.o
        24          0          0          0          0       3920   stm32f4xx_it.o
       740        102          0         16          0      12154   stm32f4xx_rcc.o
        64          4          0          0          0        716   stm32f4xx_syscfg.o
      1116         38          0          0          0      19266   stm32f4xx_tim.o
        28         10          0          0          0       1139   stm32f4xx_wwdg.o
       292         40         24          4          0       2063   system_stm32f4xx.o

    ----------------------------------------------------------------------
     11472        960        448        224       1520     412841   Object Totals
         0          0         32          0          0          0   (incl. Generated)
        16          0          0          3          0          0   (incl. Padding)

    ----------------------------------------------------------------------

      Code (inc. data)   RO Data    RW Data    ZI Data      Debug   Library Member Name

        20          0          0          0          0        124   fabs.o
         0          0          0          0          0          0   entry.o
         0          0          0          0          0          0   entry10a.o
         0          0          0          0          0          0   entry11a.o
         8          4          0          0          0          0   entry2.o
         4          0          0          0          0          0   entry5.o
         0          0          0          0          0          0   entry7b.o
         0          0          0          0          0          0   entry8b.o
         8          4          0          0          0          0   entry9a.o
        30          0          0          0          0          0   handlers.o
        36          8          0          0          0         68   init.o
         0          0          0          0          0          0   iusefp.o
        30          0          0          0          0         68   llshl.o
        36          0          0          0          0         68   llsshr.o
        32          0          0          0          0         68   llushr.o
        48          0          0          0          0         68   cdcmple.o
        48          0          0          0          0         68   cdrcmple.o
        56          0          0          0          0         88   d2f.o
       334          0          0          0          0        148   dadd.o
       222          0          0          0          0        100   ddiv.o
       186          0          0          0          0        176   depilogue.o
        50          0          0          0          0         76   dfixui.o
        26          0          0          0          0         76   dfltui.o
       228          0          0          0          0         96   dmul.o
        38          0          0          0          0         68   f2d.o
       110          0          0          0          0        168   fepilogue.o

    ----------------------------------------------------------------------
      1556         16          0          0          0       1528   Library Totals
         6          0          0          0          0          0   (incl. Padding)

    ----------------------------------------------------------------------

      Code (inc. data)   RO Data    RW Data    ZI Data      Debug   Library Name

        20          0          0          0          0        124   m_wm.l
       184         16          0          0          0        272   mc_w.l
      1346          0          0          0          0       1132   mf_w.l

    ----------------------------------------------------------------------
      1556         16          0          0          0       1528   Library Totals

    ----------------------------------------------------------------------

==============================================================================


      Code (inc. data)   RO Data    RW Data    ZI Data      Debug   

     13028        976        448        224       1520     402749   Grand Totals
     13028        976        448        224       1520     402749   ELF Image Totals
     13028        976        448        224          0          0   ROM Totals

==============================================================================

    Total RO  Size (Code + RO Data)                13476 (  13.16kB)
    Total RW  Size (RW Data + ZI Data)              1744 (   1.70kB)
    Total ROM Size (Code + RO Data + RW Data)      13700 (  13.38kB)

==============================================================================

