<html>
<body>
<pre>
<h1>µVision Build Log</h1>
<h2>Tool Versions:</h2>
IDE-Version: µVision V5.27.1.0
Copyright (C) 2019 ARM Ltd and ARM Germany GmbH. All rights reserved.
License Information: Hai Chau Thanh, BKU, LIC=ATT9U-SM7PQ-WD5K8-3M9TH-CJLCN-FB6AB
 
Tool Versions:
Toolchain:       MDK-ARM Plus  Version: 5.31.0.0
Toolchain Path:  C:\Keil_v5\ARM\ARMCC\Bin
C Compiler:      Armcc.exe V5.06 update 6 (build 750)
Assembler:       Armasm.exe V5.06 update 6 (build 750)
Linker/Locator:  ArmLink.exe V5.06 update 6 (build 750)
Library Manager: ArmAr.exe V5.06 update 6 (build 750)
Hex Converter:   FromElf.exe V5.06 update 6 (build 750)
CPU DLL:         SARMCM3.DLL V5.31.0.0
Dialog DLL:      DCM.DLL V1.17.3.0
Target DLL:      STLink\ST-LINKIII-KEIL_SWO.dll V3.0.7.0
Dialog DLL:      TCM.DLL V1.46.0.0
 
<h2>Project:</h2>
E:\Master\VIAMLAB\AUV Project\AUV_Coding\AUV_BMS_DIY\Official\BMS_Head\AUV_BMSv2\AUV_BMS.uvprojx
Project File Date:  03/17/2021

<h2>Output:</h2>
*** Using Compiler 'V5.06 update 6 (build 750)', folder: 'C:\Keil_v5\ARM\ARMCC\Bin'
Rebuild target 'AUV_BMS'
compiling User_ResetHardfault.c...
compiling User_Delay.c...
compiling main.c...
main.c(41): warning:  #177-D: variable "URTC_Time_Init"  was declared but never referenced
  static URTC_Time_Typedef					URTC_Time_Now, URTC_Time_Init;
main.c: 1 warning, 0 errors
compiling User_RTC.c...
compiling User_COM.c...
User_COM.c(91): warning:  #177-D: function "UCOM_Convert_Bytes_to_Float"  was declared but never referenced
  static float UCOM_Convert_Bytes_to_Float(uint8_t* _data_in)
User_COM.c: 1 warning, 0 errors
compiling User_BMS.c...
compiling core_cm3.c...
compiling User_FlashData.c...
compiling stm32f10x_it.c...
CMSIS\stm32f10x_it.c(137): warning:  #223-D: function "TimingDelay_Decrement" declared implicitly
    TimingDelay_Decrement();
CMSIS\stm32f10x_it.c: 1 warning, 0 errors
compiling misc.c...
compiling stm32f10x_adc.c...
compiling stm32f10x_can.c...
compiling stm32f10x_dma.c...
compiling stm32f10x_flash.c...
compiling stm32f10x_iwdg.c...
compiling stm32f10x_gpio.c...
compiling stm32f10x_wwdg.c...
compiling stm32f10x_rcc.c...
compiling stm32f10x_usart.c...
compiling stm32f10x_bkp.c...
compiling stm32f10x_rtc.c...
assembling startup_stm32f10x_md.s...
compiling stm32f10x_tim.c...
compiling stm32f10x_pwr.c...
compiling system_stm32f10x.c...
linking...
Program Size: Code=10752 RO-data=268 RW-data=212 ZI-data=5028  
FromELF: creating hex file...
".\Objects\AUV_BMS.axf" - 0 Error(s), 3 Warning(s).

<h2>Software Packages used:</h2>

Package Vendor: ARM
                http://www.keil.com/pack/ARM.CMSIS.5.7.0.pack
                ARM.CMSIS.5.7.0
                CMSIS (Cortex Microcontroller Software Interface Standard)
   * Component: CORE Version: 5.4.0

Package Vendor: Keil
                http://www.keil.com/pack/Keil.STM32F1xx_DFP.2.3.0.pack
                Keil.STM32F1xx_DFP.2.3.0
                STMicroelectronics STM32F1 Series Device Support, Drivers and Examples
   * Component: Startup Version: 1.0.0

<h2>Collection of Component include folders:</h2>
  .\RTE\Device\STM32F103C8
  .\RTE\_AUV_BMS
  C:\Users\Hai\AppData\Local\Arm\Packs\ARM\CMSIS\5.7.0\CMSIS\Core\Include
  C:\Users\Hai\AppData\Local\Arm\Packs\Keil\STM32F1xx_DFP\2.3.0\Device\Include

<h2>Collection of Component Files used:</h2>

   * Component: ARM::CMSIS:CORE:5.4.0

   * Component: Keil::Device:Startup:1.0.0
      Source file:   Device\Source\ARM\STM32F1xx_OPT.s
      Source file:   Device\Source\system_stm32f10x.c
      Include file:  RTE_Driver\Config\RTE_Device.h
      Source file:   Device\Source\ARM\startup_stm32f10x_md.s
Build Time Elapsed:  00:00:41
</pre>
</body>
</html>
