Component: ARM Compiler 5.06 update 6 (build 750) Tool: armlink [4d35ed]

==============================================================================

Section Cross References

    main.o(i.Clock_HSE_Configuration) refers to stm32f10x_rcc.o(i.RCC_DeInit) for RCC_DeInit
    main.o(i.Clock_HSE_Configuration) refers to stm32f10x_rcc.o(i.RCC_HSEConfig) for RCC_HSEConfig
    main.o(i.Clock_HSE_Configuration) refers to stm32f10x_rcc.o(i.RCC_WaitForHSEStartUp) for RCC_WaitForHSEStartUp
    main.o(i.Clock_HSE_Configuration) refers to stm32f10x_flash.o(i.FLASH_PrefetchBufferCmd) for FLASH_PrefetchBufferCmd
    main.o(i.Clock_HSE_Configuration) refers to stm32f10x_flash.o(i.FLASH_SetLatency) for FLASH_SetLatency
    main.o(i.Clock_HSE_Configuration) refers to stm32f10x_rcc.o(i.RCC_HCLKConfig) for RCC_HCLKConfig
    main.o(i.Clock_HSE_Configuration) refers to stm32f10x_rcc.o(i.RCC_PCLK2Config) for RCC_PCLK2Config
    main.o(i.Clock_HSE_Configuration) refers to stm32f10x_rcc.o(i.RCC_PCLK1Config) for RCC_PCLK1Config
    main.o(i.Clock_HSE_Configuration) refers to stm32f10x_rcc.o(i.RCC_PLLConfig) for RCC_PLLConfig
    main.o(i.Clock_HSE_Configuration) refers to stm32f10x_rcc.o(i.RCC_PLLCmd) for RCC_PLLCmd
    main.o(i.Clock_HSE_Configuration) refers to stm32f10x_rcc.o(i.RCC_GetFlagStatus) for RCC_GetFlagStatus
    main.o(i.Clock_HSE_Configuration) refers to stm32f10x_rcc.o(i.RCC_SYSCLKConfig) for RCC_SYSCLKConfig
    main.o(i.Clock_HSE_Configuration) refers to stm32f10x_rcc.o(i.RCC_GetSYSCLKSource) for RCC_GetSYSCLKSource
    main.o(i.Clock_HSE_Configuration) refers to main.o(.data) for HSEStartUpStatus
    main.o(i.Delay) refers to main.o(.data) for TimingDelay
    main.o(i.TimingDelay_Decrement) refers to main.o(.data) for TimingDelay
    main.o(i.main) refers to main.o(i.Clock_HSE_Configuration) for Clock_HSE_Configuration
    main.o(i.main) refers to stm32f10x_rcc.o(i.RCC_GetClocksFreq) for RCC_GetClocksFreq
    main.o(i.main) refers to system_stm32f10x.o(i.SystemCoreClockUpdate) for SystemCoreClockUpdate
    main.o(i.main) refers to user_delay.o(i.UDELAY_Configure) for UDELAY_Configure
    main.o(i.main) refers to user_bms.o(i.UBMS_Configure) for UBMS_Configure
    main.o(i.main) refers to user_delay.o(i.UDELAY_ms) for UDELAY_ms
    main.o(i.main) refers to user_com.o(i.UCOM_Configure) for UCOM_Configure
    main.o(i.main) refers to user_com.o(i.UCOM_Get_Flag) for UCOM_Get_Flag
    main.o(i.main) refers to user_bms.o(i.UBMS_GetStatus) for UBMS_GetStatus
    main.o(i.main) refers to user_com.o(i.UCOM_SendStatusBaterry) for UCOM_SendStatusBaterry
    main.o(i.main) refers to main.o(.bss) for RCC_ClockFreq
    main.o(i.main) refers to main.o(.data) for clock_source
    user_delay.o(i.UDELAY_Configure) refers to stm32f10x_rcc.o(i.RCC_APB1PeriphClockCmd) for RCC_APB1PeriphClockCmd
    user_delay.o(i.UDELAY_Configure) refers to stm32f10x_tim.o(i.TIM_TimeBaseInit) for TIM_TimeBaseInit
    user_delay.o(i.UDELAY_Configure) refers to user_delay.o(.bss) for TIM_TimeBaseStructure
    user_delay.o(i.UDELAY_ms) refers to stm32f10x_rcc.o(i.RCC_APB1PeriphClockCmd) for RCC_APB1PeriphClockCmd
    user_delay.o(i.UDELAY_us) refers to stm32f10x_tim.o(i.TIM_TimeBaseInit) for TIM_TimeBaseInit
    user_delay.o(i.UDELAY_us) refers to stm32f10x_tim.o(i.TIM_ClearFlag) for TIM_ClearFlag
    user_delay.o(i.UDELAY_us) refers to stm32f10x_tim.o(i.TIM_Cmd) for TIM_Cmd
    user_delay.o(i.UDELAY_us) refers to stm32f10x_tim.o(i.TIM_GetFlagStatus) for TIM_GetFlagStatus
    user_delay.o(i.UDELAY_us) refers to user_delay.o(.bss) for TIM_TimeBaseStructure
    user_resethardfault.o(i.UWWDG_CheckResumed) refers to stm32f10x_rcc.o(i.RCC_GetFlagStatus) for RCC_GetFlagStatus
    user_resethardfault.o(i.UWWDG_CheckResumed) refers to stm32f10x_rcc.o(i.RCC_ClearFlag) for RCC_ClearFlag
    user_resethardfault.o(i.UWWDG_CheckResumed) refers to user_resethardfault.o(.data) for Flag_ResetHardfault
    user_resethardfault.o(i.UWWDG_CheckResumed) refers to system_stm32f10x.o(.data) for SystemCoreClock
    user_resethardfault.o(i.UWWDG_Configure) refers to stm32f10x_rcc.o(i.RCC_APB1PeriphClockCmd) for RCC_APB1PeriphClockCmd
    user_resethardfault.o(i.UWWDG_Configure) refers to stm32f10x_wwdg.o(i.WWDG_SetPrescaler) for WWDG_SetPrescaler
    user_resethardfault.o(i.UWWDG_Configure) refers to stm32f10x_wwdg.o(i.WWDG_SetWindowValue) for WWDG_SetWindowValue
    user_resethardfault.o(i.UWWDG_Configure) refers to stm32f10x_wwdg.o(i.WWDG_Enable) for WWDG_Enable
    user_resethardfault.o(i.UWWDG_GetFlagReset) refers to user_resethardfault.o(.data) for Flag_ResetHardfault
    user_resethardfault.o(i.UWWDG_UpdateWWDG) refers to stm32f10x_wwdg.o(i.WWDG_SetCounter) for WWDG_SetCounter
    user_com.o(i.UCOM_Configure) refers to stm32f10x_rcc.o(i.RCC_APB2PeriphClockCmd) for RCC_APB2PeriphClockCmd
    user_com.o(i.UCOM_Configure) refers to stm32f10x_gpio.o(i.GPIO_Init) for GPIO_Init
    user_com.o(i.UCOM_Configure) refers to stm32f10x_usart.o(i.USART_Init) for USART_Init
[...]
    Removing stm32f10x_tim.o(i.TIM_ForcedOC3Config), (18 bytes).
    Removing stm32f10x_tim.o(i.TIM_ForcedOC4Config), (26 bytes).
    Removing stm32f10x_tim.o(i.TIM_GenerateEvent), (4 bytes).
    Removing stm32f10x_tim.o(i.TIM_GetCapture1), (6 bytes).
    Removing stm32f10x_tim.o(i.TIM_GetCapture2), (6 bytes).
    Removing stm32f10x_tim.o(i.TIM_GetCapture3), (6 bytes).
    Removing stm32f10x_tim.o(i.TIM_GetCapture4), (8 bytes).
    Removing stm32f10x_tim.o(i.TIM_GetCounter), (6 bytes).
    Removing stm32f10x_tim.o(i.TIM_GetFlagStatus), (18 bytes).
    Removing stm32f10x_tim.o(i.TIM_GetPrescaler), (6 bytes).
    Removing stm32f10x_tim.o(i.TIM_ICInit), (172 bytes).
    Removing stm32f10x_tim.o(i.TIM_ICStructInit), (18 bytes).
    Removing stm32f10x_tim.o(i.TIM_ITRxExternalClockConfig), (24 bytes).
    Removing stm32f10x_tim.o(i.TIM_InternalClockConfig), (12 bytes).
    Removing stm32f10x_tim.o(i.TIM_OC1FastConfig), (18 bytes).
    Removing stm32f10x_tim.o(i.TIM_OC1Init), (152 bytes).
    Removing stm32f10x_tim.o(i.TIM_OC1NPolarityConfig), (18 bytes).
    Removing stm32f10x_tim.o(i.TIM_OC1PolarityConfig), (18 bytes).
    Removing stm32f10x_tim.o(i.TIM_OC1PreloadConfig), (18 bytes).
    Removing stm32f10x_tim.o(i.TIM_OC2FastConfig), (26 bytes).
    Removing stm32f10x_tim.o(i.TIM_OC2Init), (164 bytes).
    Removing stm32f10x_tim.o(i.TIM_OC2NPolarityConfig), (26 bytes).
    Removing stm32f10x_tim.o(i.TIM_OC2PolarityConfig), (26 bytes).
    Removing stm32f10x_tim.o(i.TIM_OC2PreloadConfig), (26 bytes).
    Removing stm32f10x_tim.o(i.TIM_OC3FastConfig), (18 bytes).
    Removing stm32f10x_tim.o(i.TIM_OC3Init), (160 bytes).
    Removing stm32f10x_tim.o(i.TIM_OC3NPolarityConfig), (26 bytes).
    Removing stm32f10x_tim.o(i.TIM_OC3PolarityConfig), (26 bytes).
    Removing stm32f10x_tim.o(i.TIM_OC3PreloadConfig), (18 bytes).
    Removing stm32f10x_tim.o(i.TIM_OC4FastConfig), (26 bytes).
    Removing stm32f10x_tim.o(i.TIM_OC4Init), (124 bytes).
    Removing stm32f10x_tim.o(i.TIM_OC4PolarityConfig), (26 bytes).
    Removing stm32f10x_tim.o(i.TIM_OC4PreloadConfig), (26 bytes).
    Removing stm32f10x_tim.o(i.TIM_OCStructInit), (20 bytes).
    Removing stm32f10x_tim.o(i.TIM_PWMIConfig), (124 bytes).
    Removing stm32f10x_tim.o(i.TIM_PrescalerConfig), (6 bytes).
    Removing stm32f10x_tim.o(i.TIM_SelectCCDMA), (24 bytes).
    Removing stm32f10x_tim.o(i.TIM_SelectCOM), (24 bytes).
    Removing stm32f10x_tim.o(i.TIM_SelectHallSensor), (24 bytes).
    Removing stm32f10x_tim.o(i.TIM_SelectInputTrigger), (18 bytes).
    Removing stm32f10x_tim.o(i.TIM_SelectMasterSlaveMode), (18 bytes).
    Removing stm32f10x_tim.o(i.TIM_SelectOCxM), (82 bytes).
    Removing stm32f10x_tim.o(i.TIM_SelectOnePulseMode), (18 bytes).
    Removing stm32f10x_tim.o(i.TIM_SelectOutputTrigger), (18 bytes).
    Removing stm32f10x_tim.o(i.TIM_SelectSlaveMode), (18 bytes).
    Removing stm32f10x_tim.o(i.TIM_SetAutoreload), (4 bytes).
    Removing stm32f10x_tim.o(i.TIM_SetClockDivision), (18 bytes).
    Removing stm32f10x_tim.o(i.TIM_SetCompare1), (4 bytes).
    Removing stm32f10x_tim.o(i.TIM_SetCompare2), (4 bytes).
    Removing stm32f10x_tim.o(i.TIM_SetCompare3), (4 bytes).
    Removing stm32f10x_tim.o(i.TIM_SetCompare4), (6 bytes).
    Removing stm32f10x_tim.o(i.TIM_SetCounter), (4 bytes).
    Removing stm32f10x_tim.o(i.TIM_SetIC1Prescaler), (18 bytes).
    Removing stm32f10x_tim.o(i.TIM_SetIC2Prescaler), (26 bytes).
    Removing stm32f10x_tim.o(i.TIM_SetIC3Prescaler), (18 bytes).
    Removing stm32f10x_tim.o(i.TIM_SetIC4Prescaler), (26 bytes).
    Removing stm32f10x_tim.o(i.TIM_TIxExternalClockConfig), (62 bytes).
    Removing stm32f10x_tim.o(i.TIM_TimeBaseStructInit), (18 bytes).
    Removing stm32f10x_tim.o(i.TIM_UpdateDisableConfig), (24 bytes).
    Removing stm32f10x_tim.o(i.TIM_UpdateRequestConfig), (24 bytes).
    Removing stm32f10x_bkp.o(i.BKP_ClearFlag), (20 bytes).
    Removing stm32f10x_bkp.o(i.BKP_ClearITPendingBit), (20 bytes).
    Removing stm32f10x_bkp.o(i.BKP_DeInit), (16 bytes).
    Removing stm32f10x_bkp.o(i.BKP_GetFlagStatus), (12 bytes).
    Removing stm32f10x_bkp.o(i.BKP_GetITStatus), (12 bytes).
    Removing stm32f10x_bkp.o(i.BKP_ITConfig), (12 bytes).
    Removing stm32f10x_bkp.o(i.BKP_RTCOutputConfig), (28 bytes).
    Removing stm32f10x_bkp.o(i.BKP_ReadBackupRegister), (28 bytes).
    Removing stm32f10x_bkp.o(i.BKP_SetRTCCalibrationValue), (28 bytes).
    Removing stm32f10x_bkp.o(i.BKP_TamperPinCmd), (12 bytes).
    Removing stm32f10x_bkp.o(i.BKP_TamperPinLevelConfig), (12 bytes).
    Removing stm32f10x_bkp.o(i.BKP_WriteBackupRegister), (28 bytes).
    Removing stm32f10x_rtc.o(i.RTC_ClearFlag), (16 bytes).
    Removing stm32f10x_rtc.o(i.RTC_ClearITPendingBit), (16 bytes).
    Removing stm32f10x_rtc.o(i.RTC_EnterConfigMode), (20 bytes).
    Removing stm32f10x_rtc.o(i.RTC_ExitConfigMode), (20 bytes).
    Removing stm32f10x_rtc.o(i.RTC_GetCounter), (20 bytes).
    Removing stm32f10x_rtc.o(i.RTC_GetDivider), (24 bytes).
    Removing stm32f10x_rtc.o(i.RTC_GetFlagStatus), (24 bytes).
    Removing stm32f10x_rtc.o(i.RTC_GetITStatus), (36 bytes).
    Removing stm32f10x_rtc.o(i.RTC_ITConfig), (32 bytes).
    Removing stm32f10x_rtc.o(i.RTC_SetAlarm), (28 bytes).
    Removing stm32f10x_rtc.o(i.RTC_SetCounter), (28 bytes).
    Removing stm32f10x_rtc.o(i.RTC_SetPrescaler), (32 bytes).
    Removing stm32f10x_rtc.o(i.RTC_WaitForLastTask), (20 bytes).
    Removing stm32f10x_rtc.o(i.RTC_WaitForSynchro), (36 bytes).
    Removing stm32f10x_pwr.o(i.PWR_BackupAccessCmd), (12 bytes).
    Removing stm32f10x_pwr.o(i.PWR_ClearFlag), (20 bytes).
    Removing stm32f10x_pwr.o(i.PWR_DeInit), (22 bytes).
    Removing stm32f10x_pwr.o(i.PWR_EnterSTANDBYMode), (52 bytes).
    Removing stm32f10x_pwr.o(i.PWR_EnterSTOPMode), (64 bytes).
    Removing stm32f10x_pwr.o(i.PWR_GetFlagStatus), (24 bytes).
    Removing stm32f10x_pwr.o(i.PWR_PVDCmd), (12 bytes).
    Removing stm32f10x_pwr.o(i.PWR_PVDLevelConfig), (24 bytes).
    Removing stm32f10x_pwr.o(i.PWR_WakeUpPinCmd), (12 bytes).

295 unused section(s) (total 12182 bytes) removed from the image.

==============================================================================

Image Symbol Table

    Local Symbols

    Symbol Name                              Value     Ov Type        Size  Object(Section)

    ../clib/angel/boardlib.s                 0x00000000   Number         0  boardshut.o ABSOLUTE
    ../clib/angel/boardlib.s                 0x00000000   Number         0  boardinit3.o ABSOLUTE
    ../clib/angel/boardlib.s                 0x00000000   Number         0  boardinit2.o ABSOLUTE
    ../clib/angel/boardlib.s                 0x00000000   Number         0  boardinit1.o ABSOLUTE
    ../clib/angel/handlers.s                 0x00000000   Number         0  __scatter_zi.o ABSOLUTE
    ../clib/angel/handlers.s                 0x00000000   Number         0  __scatter_copy.o ABSOLUTE
    ../clib/angel/kernel.s                   0x00000000   Number         0  __rtentry4.o ABSOLUTE
    ../clib/angel/kernel.s                   0x00000000   Number         0  __rtentry2.o ABSOLUTE
    ../clib/angel/kernel.s                   0x00000000   Number         0  rtexit.o ABSOLUTE
    ../clib/angel/kernel.s                   0x00000000   Number         0  __rtentry.o ABSOLUTE
    ../clib/angel/kernel.s                   0x00000000   Number         0  rtexit2.o ABSOLUTE
    ../clib/angel/rt.s                       0x00000000   Number         0  rt_raise.o ABSOLUTE
    ../clib/angel/scatter.s                  0x00000000   Number         0  __scatter.o ABSOLUTE
    ../clib/angel/startup.s                  0x00000000   Number         0  __main.o ABSOLUTE
    ../clib/angel/sys.s                      0x00000000   Number         0  indicate_semi.o ABSOLUTE
    ../clib/angel/sys.s                      0x00000000   Number         0  libspace.o ABSOLUTE
    ../clib/angel/sys.s                      0x00000000   Number         0  use_no_semi.o ABSOLUTE
    ../clib/angel/sys.s                      0x00000000   Number         0  sys_stackheap_outer.o ABSOLUTE
    ../clib/angel/sysapp.c                   0x00000000   Number         0  sys_wrch.o ABSOLUTE
    ../clib/angel/sysapp.c                   0x00000000   Number         0  sys_exit.o ABSOLUTE
    ../clib/angel/sysapp.c                   0x00000000   Number         0  sys_command.o ABSOLUTE
    ../clib/armsys.c                         0x00000000   Number         0  _get_argv_nomalloc.o ABSOLUTE
    ../clib/armsys.c                         0x00000000   Number         0  argv_veneer.o ABSOLUTE
    ../clib/armsys.c                         0x00000000   Number         0  argv_veneer.o ABSOLUTE
    ../clib/armsys.c                         0x00000000   Number         0  no_argv.o ABSOLUTE
    ../clib/heapalloc.c                      0x00000000   Number         0  hrguard.o ABSOLUTE
    ../clib/heapaux.c                        0x00000000   Number         0  heapauxi.o ABSOLUTE
    ../clib/libinit.s                        0x00000000   Number         0  libshutdown2.o ABSOLUTE
    ../clib/libinit.s                        0x00000000   Number         0  libinit2.o ABSOLUTE
    ../clib/libinit.s                        0x00000000   Number         0  libshutdown.o ABSOLUTE
    ../clib/libinit.s                        0x00000000   Number         0  libinit.o ABSOLUTE
    ../clib/signal.c                         0x00000000   Number         0  defsig_rtmem_outer.o ABSOLUTE
    ../clib/signal.c                         0x00000000   Number         0  defsig_stak_inner.o ABSOLUTE
    ../clib/signal.c                         0x00000000   Number         0  defsig_other.o ABSOLUTE
    ../clib/signal.c                         0x00000000   Number         0  defsig_segv_inner.o ABSOLUTE
    ../clib/signal.c                         0x00000000   Number         0  defsig_cppl_inner.o ABSOLUTE
    ../clib/signal.c                         0x00000000   Number         0  defsig_pvfn_inner.o ABSOLUTE
    ../clib/signal.c                         0x00000000   Number         0  defsig_rtred_inner.o ABSOLUTE
    ../clib/signal.c                         0x00000000   Number         0  defsig_fpe_inner.o ABSOLUTE
    ../clib/signal.c                         0x00000000   Number         0  defsig_abrt_inner.o ABSOLUTE
    ../clib/signal.c                         0x00000000   Number         0  defsig_general.o ABSOLUTE
    ../clib/signal.c                         0x00000000   Number         0  __raise.o ABSOLUTE
    ../clib/signal.c                         0x00000000   Number         0  defsig_rtmem_inner.o ABSOLUTE
    ../clib/signal.c                         0x00000000   Number         0  defsig_exit.o ABSOLUTE
    ../clib/signal.c                         0x00000000   Number         0  defsig_rtmem_formal.o ABSOLUTE
    ../clib/signal.s                         0x00000000   Number         0  defsig.o ABSOLUTE
    ../clib/stdlib.c                         0x00000000   Number         0  exit.o ABSOLUTE
    ../fplib/d2f.s                           0x00000000   Number         0  d2f.o ABSOLUTE
    ../fplib/daddsub.s                       0x00000000   Number         0  daddsub_clz.o ABSOLUTE
    ../fplib/ddiv.s                          0x00000000   Number         0  ddiv.o ABSOLUTE
    ../fplib/dfix.s                          0x00000000   Number         0  dfix.o ABSOLUTE
    ../fplib/dmul.s                          0x00000000   Number         0  dmul.o ABSOLUTE
    ../fplib/dnaninf.s                       0x00000000   Number         0  dnaninf.o ABSOLUTE
    ../fplib/dretinf.s                       0x00000000   Number         0  dretinf.o ABSOLUTE
    ../fplib/f2d.s                           0x00000000   Number         0  f2d.o ABSOLUTE
    ../fplib/faddsub.s                       0x00000000   Number         0  faddsub_clz.o ABSOLUTE
    ../fplib/fcmpi.s                         0x00000000   Number         0  fcmpi.o ABSOLUTE
    ../fplib/fdiv.s                          0x00000000   Number         0  fdiv.o ABSOLUTE
    ../fplib/fflt.s                          0x00000000   Number         0  fflt_clz.o ABSOLUTE
    ../fplib/fleqf.s                         0x00000000   Number         0  fleqf.o ABSOLUTE
    ../fplib/fmul.s                          0x00000000   Number         0  fmul.o ABSOLUTE
    ../fplib/fnaninf.s                       0x00000000   Number         0  fnaninf.o ABSOLUTE
    ../fplib/fpinit.s                        0x00000000   Number         0  fpinit.o ABSOLUTE
    ../fplib/fretinf.s                       0x00000000   Number         0  fretinf.o ABSOLUTE
    ../fplib/frleqf.s                        0x00000000   Number         0  frleqf.o ABSOLUTE
    ../fplib/usenofp.s                       0x00000000   Number         0  usenofp.o ABSOLUTE
    CMSIS\\core_cm3.c                        0x00000000   Number         0  core_cm3.o ABSOLUTE
    CMSIS\core_cm3.c                         0x00000000   Number         0  core_cm3.o ABSOLUTE
    CMSIS\stm32f10x_it.c                     0x00000000   Number         0  stm32f10x_it.o ABSOLUTE
    RTE\Device\STM32F103C8\startup_stm32f10x_md.s 0x00000000   Number         0  startup_stm32f10x_md.o ABSOLUTE
    RTE\Device\STM32F103C8\system_stm32f10x.c 0x00000000   Number         0  system_stm32f10x.o ABSOLUTE
    STM32F10x_StdPeriph_Driver\src\misc.c    0x00000000   Number         0  misc.o ABSOLUTE
    STM32F10x_StdPeriph_Driver\src\stm32f10x_adc.c 0x00000000   Number         0  stm32f10x_adc.o ABSOLUTE
    STM32F10x_StdPeriph_Driver\src\stm32f10x_bkp.c 0x00000000   Number         0  stm32f10x_bkp.o ABSOLUTE
    STM32F10x_StdPeriph_Driver\src\stm32f10x_can.c 0x00000000   Number         0  stm32f10x_can.o ABSOLUTE
    STM32F10x_StdPeriph_Driver\src\stm32f10x_dma.c 0x00000000   Number         0  stm32f10x_dma.o ABSOLUTE
    STM32F10x_StdPeriph_Driver\src\stm32f10x_flash.c 0x00000000   Number         0  stm32f10x_flash.o ABSOLUTE
    STM32F10x_StdPeriph_Driver\src\stm32f10x_gpio.c 0x00000000   Number         0  stm32f10x_gpio.o ABSOLUTE
    STM32F10x_StdPeriph_Driver\src\stm32f10x_iwdg.c 0x00000000   Number         0  stm32f10x_iwdg.o ABSOLUTE
    STM32F10x_StdPeriph_Driver\src\stm32f10x_pwr.c 0x00000000   Number         0  stm32f10x_pwr.o ABSOLUTE
    STM32F10x_StdPeriph_Driver\src\stm32f10x_rcc.c 0x00000000   Number         0  stm32f10x_rcc.o ABSOLUTE
    STM32F10x_StdPeriph_Driver\src\stm32f10x_rtc.c 0x00000000   Number         0  stm32f10x_rtc.o ABSOLUTE
    STM32F10x_StdPeriph_Driver\src\stm32f10x_tim.c 0x00000000   Number         0  stm32f10x_tim.o ABSOLUTE
    STM32F10x_StdPeriph_Driver\src\stm32f10x_usart.c 0x00000000   Number         0  stm32f10x_usart.o ABSOLUTE
    STM32F10x_StdPeriph_Driver\src\stm32f10x_wwdg.c 0x00000000   Number         0  stm32f10x_wwdg.o ABSOLUTE
    User_BMS.c                               0x00000000   Number         0  user_bms.o ABSOLUTE
    User_COM.c                               0x00000000   Number         0  user_com.o ABSOLUTE
    User_Delay.c                             0x00000000   Number         0  user_delay.o ABSOLUTE
    User_FlashData.c                         0x00000000   Number         0  user_flashdata.o ABSOLUTE
    User_RTC.c                               0x00000000   Number         0  user_rtc.o ABSOLUTE
    User_ResetHardfault.c                    0x00000000   Number         0  user_resethardfault.o ABSOLUTE
    dc.s                                     0x00000000   Number         0  dc.o ABSOLUTE
    main.c                                   0x00000000   Number         0  main.o ABSOLUTE
    RESET                                    0x08000000   Section      236  startup_stm32f10x_md.o(RESET)
    !!!main                                  0x080000ec   Section        8  __main.o(!!!main)
    !!!scatter                               0x080000f4   Section       52  __scatter.o(!!!scatter)
    !!handler_copy                           0x08000128   Section       26  __scatter_copy.o(!!handler_copy)
    !!handler_zi                             0x08000144   Section       28  __scatter_zi.o(!!handler_zi)
    .ARM.Collect$$libinit$$00000000          0x08000160   Section        2  libinit.o(.ARM.Collect$$libinit$$00000000)
    .ARM.Collect$$libinit$$00000002          0x08000162   Section        0  libinit2.o(.ARM.Collect$$libinit$$00000002)
    .ARM.Collect$$libinit$$00000004          0x08000162   Section        0  libinit2.o(.ARM.Collect$$libinit$$00000004)
    .ARM.Collect$$libinit$$0000000A          0x08000162   Section        0  libinit2.o(.ARM.Collect$$libinit$$0000000A)
    .ARM.Collect$$libinit$$0000000C          0x08000162   Section        0  libinit2.o(.ARM.Collect$$libinit$$0000000C)
    .ARM.Collect$$libinit$$0000000E          0x08000162   Section        0  libinit2.o(.ARM.Collect$$libinit$$0000000E)
    .ARM.Collect$$libinit$$00000011          0x08000162   Section        0  libinit2.o(.ARM.Collect$$libinit$$00000011)
    .ARM.Collect$$libinit$$00000013          0x08000162   Section        0  libinit2.o(.ARM.Collect$$libinit$$00000013)
    .ARM.Collect$$libinit$$00000015          0x08000162   Section        0  libinit2.o(.ARM.Collect$$libinit$$00000015)
    .ARM.Collect$$libinit$$00000017          0x08000162   Section        0  libinit2.o(.ARM.Collect$$libinit$$00000017)
    .ARM.Collect$$libinit$$00000019          0x08000162   Section        0  libinit2.o(.ARM.Collect$$libinit$$00000019)
    .ARM.Collect$$libinit$$0000001B          0x08000162   Section        0  libinit2.o(.ARM.Collect$$libinit$$0000001B)
    .ARM.Collect$$libinit$$0000001D          0x08000162   Section        0  libinit2.o(.ARM.Collect$$libinit$$0000001D)
    .ARM.Collect$$libinit$$0000001F          0x08000162   Section        0  libinit2.o(.ARM.Collect$$libinit$$0000001F)
    .ARM.Collect$$libinit$$00000021          0x08000162   Section        0  libinit2.o(.ARM.Collect$$libinit$$00000021)
    .ARM.Collect$$libinit$$00000023          0x08000162   Section        0  libinit2.o(.ARM.Collect$$libinit$$00000023)
    .ARM.Collect$$libinit$$00000025          0x08000162   Section        0  libinit2.o(.ARM.Collect$$libinit$$00000025)
    .ARM.Collect$$libinit$$0000002C          0x08000162   Section        0  libinit2.o(.ARM.Collect$$libinit$$0000002C)
    .ARM.Collect$$libinit$$0000002E          0x08000162   Section        0  libinit2.o(.ARM.Collect$$libinit$$0000002E)
    .ARM.Collect$$libinit$$00000030          0x08000162   Section        0  libinit2.o(.ARM.Collect$$libinit$$00000030)
    .ARM.Collect$$libinit$$00000032          0x08000162   Section        0  libinit2.o(.ARM.Collect$$libinit$$00000032)
    .ARM.Collect$$libinit$$00000033          0x08000162   Section        2  libinit2.o(.ARM.Collect$$libinit$$00000033)
    .ARM.Collect$$libshutdown$$00000000      0x08000164   Section        2  libshutdown.o(.ARM.Collect$$libshutdown$$00000000)
    .ARM.Collect$$libshutdown$$00000002      0x08000166   Section        0  libshutdown2.o(.ARM.Collect$$libshutdown$$00000002)
    .ARM.Collect$$libshutdown$$00000004      0x08000166   Section        0  libshutdown2.o(.ARM.Collect$$libshutdown$$00000004)
    .ARM.Collect$$libshutdown$$00000007      0x08000166   Section        0  libshutdown2.o(.ARM.Collect$$libshutdown$$00000007)
    .ARM.Collect$$libshutdown$$0000000A      0x08000166   Section        0  libshutdown2.o(.ARM.Collect$$libshutdown$$0000000A)
    .ARM.Collect$$libshutdown$$0000000C      0x08000166   Section        0  libshutdown2.o(.ARM.Collect$$libshutdown$$0000000C)
    .ARM.Collect$$libshutdown$$0000000F      0x08000166   Section        0  libshutdown2.o(.ARM.Collect$$libshutdown$$0000000F)
    .ARM.Collect$$libshutdown$$00000010      0x08000166   Section        2  libshutdown2.o(.ARM.Collect$$libshutdown$$00000010)
    .ARM.Collect$$rtentry$$00000000          0x08000168   Section        0  __rtentry.o(.ARM.Collect$$rtentry$$00000000)
    .ARM.Collect$$rtentry$$00000002          0x08000168   Section        0  __rtentry2.o(.ARM.Collect$$rtentry$$00000002)
    .ARM.Collect$$rtentry$$00000004          0x08000168   Section        6  __rtentry4.o(.ARM.Collect$$rtentry$$00000004)
    .ARM.Collect$$rtentry$$00000009          0x0800016e   Section        0  __rtentry2.o(.ARM.Collect$$rtentry$$00000009)
    .ARM.Collect$$rtentry$$0000000A          0x0800016e   Section        4  __rtentry2.o(.ARM.Collect$$rtentry$$0000000A)
    .ARM.Collect$$rtentry$$0000000C          0x08000172   Section        0  __rtentry2.o(.ARM.Collect$$rtentry$$0000000C)
    .ARM.Collect$$rtentry$$0000000D          0x08000172   Section        8  __rtentry2.o(.ARM.Collect$$rtentry$$0000000D)
    .ARM.Collect$$rtexit$$00000000           0x0800017a   Section        2  rtexit.o(.ARM.Collect$$rtexit$$00000000)
    .ARM.Collect$$rtexit$$00000002           0x0800017c   Section        0  rtexit2.o(.ARM.Collect$$rtexit$$00000002)
    .ARM.Collect$$rtexit$$00000003           0x0800017c   Section        4  rtexit2.o(.ARM.Collect$$rtexit$$00000003)
    .ARM.Collect$$rtexit$$00000004           0x08000180   Section        6  rtexit2.o(.ARM.Collect$$rtexit$$00000004)
    .text                                    0x08000188   Section       64  startup_stm32f10x_md.o(.text)
    .text                                    0x080001c8   Section        0  heapauxi.o(.text)
    .text                                    0x080001ce   Section       74  sys_stackheap_outer.o(.text)
    .text                                    0x08000218   Section        0  exit.o(.text)
    .text                                    0x0800022c   Section        8  libspace.o(.text)
    .text                                    0x08000234   Section        0  sys_exit.o(.text)
    .text                                    0x08000240   Section        2  use_no_semi.o(.text)
    .text                                    0x08000242   Section        0  indicate_semi.o(.text)
    i.ADC_Cmd                                0x08000242   Section        0  stm32f10x_adc.o(i.ADC_Cmd)
    i.ADC_DMACmd                             0x08000258   Section        0  stm32f10x_adc.o(i.ADC_DMACmd)
    i.ADC_GetCalibrationStatus               0x0800026e   Section        0  stm32f10x_adc.o(i.ADC_GetCalibrationStatus)
    i.ADC_GetResetCalibrationStatus          0x08000282   Section        0  stm32f10x_adc.o(i.ADC_GetResetCalibrationStatus)
    i.ADC_Init                               0x08000298   Section        0  stm32f10x_adc.o(i.ADC_Init)
    i.ADC_RegularChannelConfig               0x080002e8   Section        0  stm32f10x_adc.o(i.ADC_RegularChannelConfig)
    i.ADC_ResetCalibration                   0x080003a0   Section        0  stm32f10x_adc.o(i.ADC_ResetCalibration)
    i.ADC_SoftwareStartConvCmd               0x080003aa   Section        0  stm32f10x_adc.o(i.ADC_SoftwareStartConvCmd)
    i.ADC_StartCalibration                   0x080003c0   Section        0  stm32f10x_adc.o(i.ADC_StartCalibration)
    i.BusFault_Handler                       0x080003ca   Section        0  stm32f10x_it.o(i.BusFault_Handler)
    i.Clock_HSE_Configuration                0x080003d0   Section        0  main.o(i.Clock_HSE_Configuration)
    i.DMA1_Channel1_IRQHandler               0x08000448   Section        0  user_bms.o(i.DMA1_Channel1_IRQHandler)
    i.DMA_ClearITPendingBit                  0x08000604   Section        0  stm32f10x_dma.o(i.DMA_ClearITPendingBit)
    i.DMA_Cmd                                0x08000620   Section        0  stm32f10x_dma.o(i.DMA_Cmd)
    i.DMA_DeInit                             0x08000638   Section        0  stm32f10x_dma.o(i.DMA_DeInit)
    i.DMA_GetITStatus                        0x08000784   Section        0  stm32f10x_dma.o(i.DMA_GetITStatus)
    i.DMA_ITConfig                           0x080007b0   Section        0  stm32f10x_dma.o(i.DMA_ITConfig)
    i.DMA_Init                               0x080007c2   Section        0  stm32f10x_dma.o(i.DMA_Init)
    i.DebugMon_Handler                       0x080007fe   Section        0  stm32f10x_it.o(i.DebugMon_Handler)
    i.FLASH_PrefetchBufferCmd                0x08000800   Section        0  stm32f10x_flash.o(i.FLASH_PrefetchBufferCmd)
    i.FLASH_SetLatency                       0x0800081c   Section        0  stm32f10x_flash.o(i.FLASH_SetLatency)
    i.GPIO_Init                              0x08000834   Section        0  stm32f10x_gpio.o(i.GPIO_Init)
    i.GPIO_ResetBits                         0x0800094a   Section        0  stm32f10x_gpio.o(i.GPIO_ResetBits)
    i.GPIO_SetBits                           0x0800094e   Section        0  stm32f10x_gpio.o(i.GPIO_SetBits)
    i.HardFault_Handler                      0x08000952   Section        0  stm32f10x_it.o(i.HardFault_Handler)
    i.MemManage_Handler                      0x08000956   Section        0  stm32f10x_it.o(i.MemManage_Handler)
    i.NMI_Handler                            0x0800095a   Section        0  stm32f10x_it.o(i.NMI_Handler)
    i.NVIC_Init                              0x0800095c   Section        0  misc.o(i.NVIC_Init)
    i.NVIC_PriorityGroupConfig               0x080009cc   Section        0  misc.o(i.NVIC_PriorityGroupConfig)
    i.PendSV_Handler                         0x080009e0   Section        0  stm32f10x_it.o(i.PendSV_Handler)
    i.RCC_ADCCLKConfig                       0x080009e4   Section        0  stm32f10x_rcc.o(i.RCC_ADCCLKConfig)
    i.RCC_AHBPeriphClockCmd                  0x080009fc   Section        0  stm32f10x_rcc.o(i.RCC_AHBPeriphClockCmd)
    i.RCC_APB1PeriphClockCmd                 0x08000a1c   Section        0  stm32f10x_rcc.o(i.RCC_APB1PeriphClockCmd)
    i.RCC_APB2PeriphClockCmd                 0x08000a3c   Section        0  stm32f10x_rcc.o(i.RCC_APB2PeriphClockCmd)
    i.RCC_DeInit                             0x08000a5c   Section        0  stm32f10x_rcc.o(i.RCC_DeInit)
    i.RCC_GetClocksFreq                      0x08000aa8   Section        0  stm32f10x_rcc.o(i.RCC_GetClocksFreq)
    i.RCC_GetFlagStatus                      0x08000b7c   Section        0  stm32f10x_rcc.o(i.RCC_GetFlagStatus)
    i.RCC_GetSYSCLKSource                    0x08000bb8   Section        0  stm32f10x_rcc.o(i.RCC_GetSYSCLKSource)
    i.RCC_HCLKConfig                         0x08000bc8   Section        0  stm32f10x_rcc.o(i.RCC_HCLKConfig)
    i.RCC_HSEConfig                          0x08000be0   Section        0  stm32f10x_rcc.o(i.RCC_HSEConfig)
    i.RCC_PCLK1Config                        0x08000c2c   Section        0  stm32f10x_rcc.o(i.RCC_PCLK1Config)
    i.RCC_PCLK2Config                        0x08000c44   Section        0  stm32f10x_rcc.o(i.RCC_PCLK2Config)
    i.RCC_PLLCmd                             0x08000c5c   Section        0  stm32f10x_rcc.o(i.RCC_PLLCmd)
    i.RCC_PLLConfig                          0x08000c68   Section        0  stm32f10x_rcc.o(i.RCC_PLLConfig)
    i.RCC_SYSCLKConfig                       0x08000c84   Section        0  stm32f10x_rcc.o(i.RCC_SYSCLKConfig)
    i.RCC_WaitForHSEStartUp                  0x08000c9c   Section        0  stm32f10x_rcc.o(i.RCC_WaitForHSEStartUp)
    i.SVC_Handler                            0x08000cd4   Section        0  stm32f10x_it.o(i.SVC_Handler)
    i.SetSysClock                            0x08000cd6   Section        0  system_stm32f10x.o(i.SetSysClock)
    SetSysClock                              0x08000cd7   Thumb Code     8  system_stm32f10x.o(i.SetSysClock)
    i.SetSysClockTo72                        0x08000ce0   Section        0  system_stm32f10x.o(i.SetSysClockTo72)
    SetSysClockTo72                          0x08000ce1   Thumb Code   214  system_stm32f10x.o(i.SetSysClockTo72)
    i.SysTick_Handler                        0x08000dc0   Section        0  stm32f10x_it.o(i.SysTick_Handler)
    i.SystemCoreClockUpdate                  0x08000dc8   Section        0  system_stm32f10x.o(i.SystemCoreClockUpdate)
    i.SystemInit                             0x08000e6c   Section        0  system_stm32f10x.o(i.SystemInit)
    i.TIM4_IRQHandler                        0x08000ecc   Section        0  user_bms.o(i.TIM4_IRQHandler)
    i.TIM_ClearITPendingBit                  0x080010a4   Section        0  stm32f10x_tim.o(i.TIM_ClearITPendingBit)
    i.TIM_Cmd                                0x080010aa   Section        0  stm32f10x_tim.o(i.TIM_Cmd)
    i.TIM_GetITStatus                        0x080010c2   Section        0  stm32f10x_tim.o(i.TIM_GetITStatus)
    i.TIM_ITConfig                           0x080010e4   Section        0  stm32f10x_tim.o(i.TIM_ITConfig)
    i.TIM_TimeBaseInit                       0x080010f8   Section        0  stm32f10x_tim.o(i.TIM_TimeBaseInit)
    i.TimingDelay_Decrement                  0x0800119c   Section        0  main.o(i.TimingDelay_Decrement)
    i.UBMS_Configure                         0x080011b4   Section        0  user_bms.o(i.UBMS_Configure)
    i.UBMS_Display                           0x0800142c   Section        0  user_bms.o(i.UBMS_Display)
    i.UBMS_GetStatus                         0x08001578   Section        0  user_bms.o(i.UBMS_GetStatus)
    i.UBMS_SetBatteryTotal                   0x080015a4   Section        0  user_bms.o(i.UBMS_SetBatteryTotal)
    i.UBMS_StartBMS                          0x080015b0   Section        0  user_bms.o(i.UBMS_StartBMS)
    i.UBMS_ToggleLeds                        0x080015cc   Section        0  user_bms.o(i.UBMS_ToggleLeds)
    i.UCOM_Checksum                          0x08001654   Section        0  user_com.o(i.UCOM_Checksum)
    i.UCOM_Configure                         0x08001674   Section        0  user_com.o(i.UCOM_Configure)
    i.UCOM_Convert_Float_to_Bytes            0x0800173c   Section        0  user_com.o(i.UCOM_Convert_Float_to_Bytes)
    UCOM_Convert_Float_to_Bytes              0x0800173d   Thumb Code    30  user_com.o(i.UCOM_Convert_Float_to_Bytes)
    i.UCOM_Get_Flag                          0x0800175c   Section        0  user_com.o(i.UCOM_Get_Flag)
    i.UCOM_ProcessUSARTData                  0x08001768   Section        0  user_com.o(i.UCOM_ProcessUSARTData)
    i.UCOM_SendStatusBaterry                 0x080017e0   Section        0  user_com.o(i.UCOM_SendStatusBaterry)
    i.UCOM_Transmit                          0x08001890   Section        0  user_com.o(i.UCOM_Transmit)
    i.UDELAY_Configure                       0x080018c8   Section        0  user_delay.o(i.UDELAY_Configure)
    i.UDELAY_ms                              0x080018e8   Section        0  user_delay.o(i.UDELAY_ms)
    i.USART1_IRQHandler                      0x08001948   Section        0  user_com.o(i.USART1_IRQHandler)
    i.USART_ClearITPendingBit                0x080019c8   Section        0  stm32f10x_usart.o(i.USART_ClearITPendingBit)
    i.USART_Cmd                              0x080019e6   Section        0  stm32f10x_usart.o(i.USART_Cmd)
    i.USART_GetFlagStatus                    0x080019fe   Section        0  stm32f10x_usart.o(i.USART_GetFlagStatus)
    i.USART_GetITStatus                      0x08001a18   Section        0  stm32f10x_usart.o(i.USART_GetITStatus)
    i.USART_ITConfig                         0x08001a6c   Section        0  stm32f10x_usart.o(i.USART_ITConfig)
    i.USART_Init                             0x08001ab8   Section        0  stm32f10x_usart.o(i.USART_Init)
    i.USART_ReceiveData                      0x08001b90   Section        0  stm32f10x_usart.o(i.USART_ReceiveData)
    i.USART_SendData                         0x08001b9a   Section        0  stm32f10x_usart.o(i.USART_SendData)
    i.UsageFault_Handler                     0x08001ba2   Section        0  stm32f10x_it.o(i.UsageFault_Handler)
    i.main                                   0x08001ba8   Section        0  main.o(i.main)
    x$fpl$d2f                                0x08001c0c   Section       98  d2f.o(x$fpl$d2f)
    x$fpl$dadd                               0x08001c70   Section      336  daddsub_clz.o(x$fpl$dadd)
    _dadd1                                   0x08001c81   Thumb Code     0  daddsub_clz.o(x$fpl$dadd)
    x$fpl$ddiv                               0x08001dc0   Section      688  ddiv.o(x$fpl$ddiv)
    ddiv_entry                               0x08001dc7   Thumb Code     0  ddiv.o(x$fpl$ddiv)
    x$fpl$dfix                               0x08002070   Section       94  dfix.o(x$fpl$dfix)
    x$fpl$dmul                               0x080020d0   Section      340  dmul.o(x$fpl$dmul)
    x$fpl$dnaninf                            0x08002224   Section      156  dnaninf.o(x$fpl$dnaninf)
    x$fpl$dretinf                            0x080022c0   Section       12  dretinf.o(x$fpl$dretinf)
    x$fpl$dsub                               0x080022cc   Section      468  daddsub_clz.o(x$fpl$dsub)
    _dsub1                                   0x080022dd   Thumb Code     0  daddsub_clz.o(x$fpl$dsub)
    x$fpl$f2d                                0x080024a0   Section       86  f2d.o(x$fpl$f2d)
    x$fpl$fadd                               0x080024f8   Section      196  faddsub_clz.o(x$fpl$fadd)
    _fadd1                                   0x08002507   Thumb Code     0  faddsub_clz.o(x$fpl$fadd)
    x$fpl$fcmpinf                            0x080025bc   Section       24  fcmpi.o(x$fpl$fcmpinf)
    x$fpl$fdiv                               0x080025d4   Section      388  fdiv.o(x$fpl$fdiv)
    _fdiv1                                   0x080025d5   Thumb Code     0  fdiv.o(x$fpl$fdiv)
    x$fpl$fflt                               0x08002758   Section       48  fflt_clz.o(x$fpl$fflt)
    x$fpl$fleqf                              0x08002788   Section      104  fleqf.o(x$fpl$fleqf)
    x$fpl$fmul                               0x080027f0   Section      258  fmul.o(x$fpl$fmul)
    x$fpl$fnaninf                            0x080028f2   Section      140  fnaninf.o(x$fpl$fnaninf)
    x$fpl$fretinf                            0x0800297e   Section       10  fretinf.o(x$fpl$fretinf)
    x$fpl$frleqf                             0x08002988   Section       98  frleqf.o(x$fpl$frleqf)
    x$fpl$frsb                               0x080029ea   Section       20  faddsub_clz.o(x$fpl$frsb)
    x$fpl$fsub                               0x08002a00   Section      234  faddsub_clz.o(x$fpl$fsub)
    _fsub1                                   0x08002a0f   Thumb Code     0  faddsub_clz.o(x$fpl$fsub)
    x$fpl$usenofp                            0x08002aea   Section        0  usenofp.o(x$fpl$usenofp)
    .data                                    0x20000000   Section       28  main.o(.data)
    URTC_Time_Now                            0x2000000c   Data           3  main.o(.data)
    URTC_Time_Init                           0x2000000f   Data           3  main.o(.data)
    TimingDelay                              0x20000014   Data           4  main.o(.data)
    .data                                    0x2000001c   Section       81  user_com.o(.data)
    UCOM_TransmitDataBuffer                  0x2000001d   Data          36  user_com.o(.data)
    .data                                    0x20000070   Section       60  user_bms.o(.data)
    _total_time_convert                      0x20000080   Data           4  user_bms.o(.data)
    vref                                     0x20000084   Data           4  user_bms.o(.data)
    _tempADC1                                0x20000094   Data           4  user_bms.o(.data)
    _tempADC2                                0x20000098   Data           4  user_bms.o(.data)
    _config_status                           0x2000009c   Data           1  user_bms.o(.data)
    _toggle_leds                             0x2000009d   Data           1  user_bms.o(.data)
    _initial_ACS712_Voltage                  0x200000a0   Data           4  user_bms.o(.data)
    _calib_done                              0x200000a4   Data           1  user_bms.o(.data)
    _calib_count                             0x200000a5   Data           1  user_bms.o(.data)
    _calib_ADCI                              0x200000a8   Data           4  user_bms.o(.data)
    .data                                    0x200000ac   Section       20  stm32f10x_rcc.o(.data)
    APBAHBPrescTable                         0x200000ac   Data          16  stm32f10x_rcc.o(.data)
    ADCPrescTable                            0x200000bc   Data           4  stm32f10x_rcc.o(.data)
    .data                                    0x200000c0   Section       20  system_stm32f10x.o(.data)
    .bss                                     0x200000d4   Section       44  main.o(.bss)
    UBMS_Status_Now                          0x200000e8   Data          24  main.o(.bss)
    .bss                                     0x20000100   Section       10  user_delay.o(.bss)
    TIM_TimeBaseStructure                    0x20000100   Data          10  user_delay.o(.bss)
    .bss                                     0x2000010a   Section      144  user_com.o(.bss)
    UCOM_USARTBuffer                         0x2000010a   Data          36  user_com.o(.bss)
    .bss                                     0x2000019c   Section      120  user_bms.o(.bss)
    ADC_ConvertedValue                       0x2000019c   Data          40  user_bms.o(.bss)
    UBMS_Status                              0x200001ec   Data          24  user_bms.o(.bss)
    .bss                                     0x20000214   Section       96  libspace.o(.bss)
    HEAP                                     0x20000278   Section      512  startup_stm32f10x_md.o(HEAP)
    Heap_Mem                                 0x20000278   Data         512  startup_stm32f10x_md.o(HEAP)
    STACK                                    0x20000478   Section     4095  startup_stm32f10x_md.o(STACK)
    Stack_Mem                                0x20000478   Data        4095  startup_stm32f10x_md.o(STACK)
    __initial_sp                             0x20001477   Data           0  startup_stm32f10x_md.o(STACK)

    Global Symbols

    Symbol Name                              Value     Ov Type        Size  Object(Section)

    BuildAttributes$$THM_ISAv4$P$D$K$B$S$PE$A:L22UL41UL21$X:L11$S22US41US21$IEEE1$IW$USESV6$~STKCKD$USESV7$~SHL$OSPACE$ROPI$EBA8$UX$STANDARDLIB$REQ8$PRES8$EABIv2 0x00000000   Number         0  anon$$obj.o ABSOLUTE
    __ARM_use_no_argv                        0x00000000   Number         0  main.o ABSOLUTE
    __ARM_exceptions_init                     - Undefined Weak Reference
    __alloca_initialize                       - Undefined Weak Reference
    __arm_preinit_                            - Undefined Weak Reference
    __cpp_initialize__aeabi_                  - Undefined Weak Reference
    __cxa_finalize                            - Undefined Weak Reference
    __rt_locale                               - Undefined Weak Reference
    __sigvec_lookup                           - Undefined Weak Reference
    _atexit_init                              - Undefined Weak Reference
    _call_atexit_fns                          - Undefined Weak Reference
    _clock_init                               - Undefined Weak Reference
    _fp_trap_init                             - Undefined Weak Reference
    _fp_trap_shutdown                         - Undefined Weak Reference
    _get_lc_collate                           - Undefined Weak Reference
    _get_lc_ctype                             - Undefined Weak Reference
    _get_lc_monetary                          - Undefined Weak Reference
    _get_lc_numeric                           - Undefined Weak Reference
    _get_lc_time                              - Undefined Weak Reference
    _getenv_init                              - Undefined Weak Reference
    _handle_redirection                       - Undefined Weak Reference
    _init_alloc                               - Undefined Weak Reference
    _init_user_alloc                          - Undefined Weak Reference
    _initio                                   - Undefined Weak Reference
    _rand_init                                - Undefined Weak Reference
    _signal_finish                            - Undefined Weak Reference
    _signal_init                              - Undefined Weak Reference
    _terminate_alloc                          - Undefined Weak Reference
    _terminate_user_alloc                     - Undefined Weak Reference
    _terminateio                              - Undefined Weak Reference
    __Vectors_Size                           0x000000ec   Number         0  startup_stm32f10x_md.o ABSOLUTE
    __Vectors                                0x08000000   Data           4  startup_stm32f10x_md.o(RESET)
    __Vectors_End                            0x080000ec   Data           0  startup_stm32f10x_md.o(RESET)
    __main                                   0x080000ed   Thumb Code     8  __main.o(!!!main)
    __scatterload                            0x080000f5   Thumb Code     0  __scatter.o(!!!scatter)
    __scatterload_rt2                        0x080000f5   Thumb Code    44  __scatter.o(!!!scatter)
    __scatterload_rt2_thumb_only             0x080000f5   Thumb Code     0  __scatter.o(!!!scatter)
    __scatterload_null                       0x08000103   Thumb Code     0  __scatter.o(!!!scatter)
    __scatterload_copy                       0x08000129   Thumb Code    26  __scatter_copy.o(!!handler_copy)
    __scatterload_zeroinit                   0x08000145   Thumb Code    28  __scatter_zi.o(!!handler_zi)
    __rt_lib_init                            0x08000161   Thumb Code     0  libinit.o(.ARM.Collect$$libinit$$00000000)
    __rt_lib_init_alloca_1                   0x08000163   Thumb Code     0  libinit2.o(.ARM.Collect$$libinit$$0000002E)
    __rt_lib_init_argv_1                     0x08000163   Thumb Code     0  libinit2.o(.ARM.Collect$$libinit$$0000002C)
    __rt_lib_init_atexit_1                   0x08000163   Thumb Code     0  libinit2.o(.ARM.Collect$$libinit$$0000001B)
    __rt_lib_init_clock_1                    0x08000163   Thumb Code     0  libinit2.o(.ARM.Collect$$libinit$$00000021)
    __rt_lib_init_cpp_1                      0x08000163   Thumb Code     0  libinit2.o(.ARM.Collect$$libinit$$00000032)
    __rt_lib_init_exceptions_1               0x08000163   Thumb Code     0  libinit2.o(.ARM.Collect$$libinit$$00000030)
    __rt_lib_init_fp_1                       0x08000163   Thumb Code     0  libinit2.o(.ARM.Collect$$libinit$$00000002)
    __rt_lib_init_fp_trap_1                  0x08000163   Thumb Code     0  libinit2.o(.ARM.Collect$$libinit$$0000001F)
    __rt_lib_init_getenv_1                   0x08000163   Thumb Code     0  libinit2.o(.ARM.Collect$$libinit$$00000023)
    __rt_lib_init_heap_1                     0x08000163   Thumb Code     0  libinit2.o(.ARM.Collect$$libinit$$0000000A)
    __rt_lib_init_lc_collate_1               0x08000163   Thumb Code     0  libinit2.o(.ARM.Collect$$libinit$$00000011)
    __rt_lib_init_lc_ctype_1                 0x08000163   Thumb Code     0  libinit2.o(.ARM.Collect$$libinit$$00000013)
    __rt_lib_init_lc_monetary_1              0x08000163   Thumb Code     0  libinit2.o(.ARM.Collect$$libinit$$00000015)
    __rt_lib_init_lc_numeric_1               0x08000163   Thumb Code     0  libinit2.o(.ARM.Collect$$libinit$$00000017)
    __rt_lib_init_lc_time_1                  0x08000163   Thumb Code     0  libinit2.o(.ARM.Collect$$libinit$$00000019)
    __rt_lib_init_preinit_1                  0x08000163   Thumb Code     0  libinit2.o(.ARM.Collect$$libinit$$00000004)
    __rt_lib_init_rand_1                     0x08000163   Thumb Code     0  libinit2.o(.ARM.Collect$$libinit$$0000000E)
    __rt_lib_init_return                     0x08000163   Thumb Code     0  libinit2.o(.ARM.Collect$$libinit$$00000033)
    __rt_lib_init_signal_1                   0x08000163   Thumb Code     0  libinit2.o(.ARM.Collect$$libinit$$0000001D)
    __rt_lib_init_stdio_1                    0x08000163   Thumb Code     0  libinit2.o(.ARM.Collect$$libinit$$00000025)
    __rt_lib_init_user_alloc_1               0x08000163   Thumb Code     0  libinit2.o(.ARM.Collect$$libinit$$0000000C)
    __rt_lib_shutdown                        0x08000165   Thumb Code     0  libshutdown.o(.ARM.Collect$$libshutdown$$00000000)
    __rt_lib_shutdown_cpp_1                  0x08000167   Thumb Code     0  libshutdown2.o(.ARM.Collect$$libshutdown$$00000002)
    __rt_lib_shutdown_fp_trap_1              0x08000167   Thumb Code     0  libshutdown2.o(.ARM.Collect$$libshutdown$$00000007)
    __rt_lib_shutdown_heap_1                 0x08000167   Thumb Code     0  libshutdown2.o(.ARM.Collect$$libshutdown$$0000000F)
    __rt_lib_shutdown_return                 0x08000167   Thumb Code     0  libshutdown2.o(.ARM.Collect$$libshutdown$$00000010)
    __rt_lib_shutdown_signal_1               0x08000167   Thumb Code     0  libshutdown2.o(.ARM.Collect$$libshutdown$$0000000A)
    __rt_lib_shutdown_stdio_1                0x08000167   Thumb Code     0  libshutdown2.o(.ARM.Collect$$libshutdown$$00000004)
    __rt_lib_shutdown_user_alloc_1           0x08000167   Thumb Code     0  libshutdown2.o(.ARM.Collect$$libshutdown$$0000000C)
    __rt_entry                               0x08000169   Thumb Code     0  __rtentry.o(.ARM.Collect$$rtentry$$00000000)
    __rt_entry_presh_1                       0x08000169   Thumb Code     0  __rtentry2.o(.ARM.Collect$$rtentry$$00000002)
    __rt_entry_sh                            0x08000169   Thumb Code     0  __rtentry4.o(.ARM.Collect$$rtentry$$00000004)
    __rt_entry_li                            0x0800016f   Thumb Code     0  __rtentry2.o(.ARM.Collect$$rtentry$$0000000A)
    __rt_entry_postsh_1                      0x0800016f   Thumb Code     0  __rtentry2.o(.ARM.Collect$$rtentry$$00000009)
    __rt_entry_main                          0x08000173   Thumb Code     0  __rtentry2.o(.ARM.Collect$$rtentry$$0000000D)
    __rt_entry_postli_1                      0x08000173   Thumb Code     0  __rtentry2.o(.ARM.Collect$$rtentry$$0000000C)
    __rt_exit                                0x0800017b   Thumb Code     0  rtexit.o(.ARM.Collect$$rtexit$$00000000)
    __rt_exit_ls                             0x0800017d   Thumb Code     0  rtexit2.o(.ARM.Collect$$rtexit$$00000003)
    __rt_exit_prels_1                        0x0800017d   Thumb Code     0  rtexit2.o(.ARM.Collect$$rtexit$$00000002)
    __rt_exit_exit                           0x08000181   Thumb Code     0  rtexit2.o(.ARM.Collect$$rtexit$$00000004)
    Reset_Handler                            0x08000189   Thumb Code     8  startup_stm32f10x_md.o(.text)
    ADC1_2_IRQHandler                        0x080001a3   Thumb Code     0  startup_stm32f10x_md.o(.text)
    CAN1_RX1_IRQHandler                      0x080001a3   Thumb Code     0  startup_stm32f10x_md.o(.text)
    CAN1_SCE_IRQHandler                      0x080001a3   Thumb Code     0  startup_stm32f10x_md.o(.text)
    DMA1_Channel2_IRQHandler                 0x080001a3   Thumb Code     0  startup_stm32f10x_md.o(.text)
    DMA1_Channel3_IRQHandler                 0x080001a3   Thumb Code     0  startup_stm32f10x_md.o(.text)
    DMA1_Channel4_IRQHandler                 0x080001a3   Thumb Code     0  startup_stm32f10x_md.o(.text)
    DMA1_Channel5_IRQHandler                 0x080001a3   Thumb Code     0  startup_stm32f10x_md.o(.text)
    DMA1_Channel6_IRQHandler                 0x080001a3   Thumb Code     0  startup_stm32f10x_md.o(.text)
    DMA1_Channel7_IRQHandler                 0x080001a3   Thumb Code     0  startup_stm32f10x_md.o(.text)
    EXTI0_IRQHandler                         0x080001a3   Thumb Code     0  startup_stm32f10x_md.o(.text)
    EXTI15_10_IRQHandler                     0x080001a3   Thumb Code     0  startup_stm32f10x_md.o(.text)
    EXTI1_IRQHandler                         0x080001a3   Thumb Code     0  startup_stm32f10x_md.o(.text)
    EXTI2_IRQHandler                         0x080001a3   Thumb Code     0  startup_stm32f10x_md.o(.text)
    EXTI3_IRQHandler                         0x080001a3   Thumb Code     0  startup_stm32f10x_md.o(.text)
    EXTI4_IRQHandler                         0x080001a3   Thumb Code     0  startup_stm32f10x_md.o(.text)
    EXTI9_5_IRQHandler                       0x080001a3   Thumb Code     0  startup_stm32f10x_md.o(.text)
    FLASH_IRQHandler                         0x080001a3   Thumb Code     0  startup_stm32f10x_md.o(.text)
    I2C1_ER_IRQHandler                       0x080001a3   Thumb Code     0  startup_stm32f10x_md.o(.text)
    I2C1_EV_IRQHandler                       0x080001a3   Thumb Code     0  startup_stm32f10x_md.o(.text)
    I2C2_ER_IRQHandler                       0x080001a3   Thumb Code     0  startup_stm32f10x_md.o(.text)
    I2C2_EV_IRQHandler                       0x080001a3   Thumb Code     0  startup_stm32f10x_md.o(.text)
    PVD_IRQHandler                           0x080001a3   Thumb Code     0  startup_stm32f10x_md.o(.text)
    RCC_IRQHandler                           0x080001a3   Thumb Code     0  startup_stm32f10x_md.o(.text)
    RTCAlarm_IRQHandler                      0x080001a3   Thumb Code     0  startup_stm32f10x_md.o(.text)
    RTC_IRQHandler                           0x080001a3   Thumb Code     0  startup_stm32f10x_md.o(.text)
    SPI1_IRQHandler                          0x080001a3   Thumb Code     0  startup_stm32f10x_md.o(.text)
    SPI2_IRQHandler                          0x080001a3   Thumb Code     0  startup_stm32f10x_md.o(.text)
    TAMPER_IRQHandler                        0x080001a3   Thumb Code     0  startup_stm32f10x_md.o(.text)
    TIM1_BRK_IRQHandler                      0x080001a3   Thumb Code     0  startup_stm32f10x_md.o(.text)
    TIM1_CC_IRQHandler                       0x080001a3   Thumb Code     0  startup_stm32f10x_md.o(.text)
    TIM1_TRG_COM_IRQHandler                  0x080001a3   Thumb Code     0  startup_stm32f10x_md.o(.text)
    TIM1_UP_IRQHandler                       0x080001a3   Thumb Code     0  startup_stm32f10x_md.o(.text)
    TIM2_IRQHandler                          0x080001a3   Thumb Code     0  startup_stm32f10x_md.o(.text)
    TIM3_IRQHandler                          0x080001a3   Thumb Code     0  startup_stm32f10x_md.o(.text)
    USART2_IRQHandler                        0x080001a3   Thumb Code     0  startup_stm32f10x_md.o(.text)
    USART3_IRQHandler                        0x080001a3   Thumb Code     0  startup_stm32f10x_md.o(.text)
    USBWakeUp_IRQHandler                     0x080001a3   Thumb Code     0  startup_stm32f10x_md.o(.text)
    USB_HP_CAN1_TX_IRQHandler                0x080001a3   Thumb Code     0  startup_stm32f10x_md.o(.text)
    USB_LP_CAN1_RX0_IRQHandler               0x080001a3   Thumb Code     0  startup_stm32f10x_md.o(.text)
    WWDG_IRQHandler                          0x080001a3   Thumb Code     0  startup_stm32f10x_md.o(.text)
    __user_initial_stackheap                 0x080001a5   Thumb Code     0  startup_stm32f10x_md.o(.text)
    __use_two_region_memory                  0x080001c9   Thumb Code     2  heapauxi.o(.text)
    __rt_heap_escrow$2region                 0x080001cb   Thumb Code     2  heapauxi.o(.text)
    __rt_heap_expand$2region                 0x080001cd   Thumb Code     2  heapauxi.o(.text)
    __user_setup_stackheap                   0x080001cf   Thumb Code    74  sys_stackheap_outer.o(.text)
    exit                                     0x08000219   Thumb Code    18  exit.o(.text)
    __user_libspace                          0x0800022d   Thumb Code     8  libspace.o(.text)
    __user_perproc_libspace                  0x0800022d   Thumb Code     0  libspace.o(.text)
    __user_perthread_libspace                0x0800022d   Thumb Code     0  libspace.o(.text)
    _sys_exit                                0x08000235   Thumb Code     8  sys_exit.o(.text)
    __I$use$semihosting                      0x08000241   Thumb Code     0  use_no_semi.o(.text)
    __use_no_semihosting_swi                 0x08000241   Thumb Code     2  use_no_semi.o(.text)
    ADC_Cmd                                  0x08000243   Thumb Code    22  stm32f10x_adc.o(i.ADC_Cmd)
    __semihosting_library_function           0x08000243   Thumb Code     0  indicate_semi.o(.text)
    ADC_DMACmd                               0x08000259   Thumb Code    22  stm32f10x_adc.o(i.ADC_DMACmd)
    ADC_GetCalibrationStatus                 0x0800026f   Thumb Code    20  stm32f10x_adc.o(i.ADC_GetCalibrationStatus)
    ADC_GetResetCalibrationStatus            0x08000283   Thumb Code    20  stm32f10x_adc.o(i.ADC_GetResetCalibrationStatus)
    ADC_Init                                 0x08000299   Thumb Code    70  stm32f10x_adc.o(i.ADC_Init)
    ADC_RegularChannelConfig                 0x080002e9   Thumb Code   184  stm32f10x_adc.o(i.ADC_RegularChannelConfig)
    ADC_ResetCalibration                     0x080003a1   Thumb Code    10  stm32f10x_adc.o(i.ADC_ResetCalibration)
    ADC_SoftwareStartConvCmd                 0x080003ab   Thumb Code    22  stm32f10x_adc.o(i.ADC_SoftwareStartConvCmd)
    ADC_StartCalibration                     0x080003c1   Thumb Code    10  stm32f10x_adc.o(i.ADC_StartCalibration)
    BusFault_Handler                         0x080003cb   Thumb Code     4  stm32f10x_it.o(i.BusFault_Handler)
    Clock_HSE_Configuration                  0x080003d1   Thumb Code   116  main.o(i.Clock_HSE_Configuration)
    DMA1_Channel1_IRQHandler                 0x08000449   Thumb Code   392  user_bms.o(i.DMA1_Channel1_IRQHandler)
    DMA_ClearITPendingBit                    0x08000605   Thumb Code    18  stm32f10x_dma.o(i.DMA_ClearITPendingBit)
    DMA_Cmd                                  0x08000621   Thumb Code    24  stm32f10x_dma.o(i.DMA_Cmd)
    DMA_DeInit                               0x08000639   Thumb Code   324  stm32f10x_dma.o(i.DMA_DeInit)
    DMA_GetITStatus                          0x08000785   Thumb Code    36  stm32f10x_dma.o(i.DMA_GetITStatus)
    DMA_ITConfig                             0x080007b1   Thumb Code    18  stm32f10x_dma.o(i.DMA_ITConfig)
    DMA_Init                                 0x080007c3   Thumb Code    60  stm32f10x_dma.o(i.DMA_Init)
    DebugMon_Handler                         0x080007ff   Thumb Code     2  stm32f10x_it.o(i.DebugMon_Handler)
    FLASH_PrefetchBufferCmd                  0x08000801   Thumb Code    22  stm32f10x_flash.o(i.FLASH_PrefetchBufferCmd)
    FLASH_SetLatency                         0x0800081d   Thumb Code    18  stm32f10x_flash.o(i.FLASH_SetLatency)
    GPIO_Init                                0x08000835   Thumb Code   278  stm32f10x_gpio.o(i.GPIO_Init)
    GPIO_ResetBits                           0x0800094b   Thumb Code     4  stm32f10x_gpio.o(i.GPIO_ResetBits)
    GPIO_SetBits                             0x0800094f   Thumb Code     4  stm32f10x_gpio.o(i.GPIO_SetBits)
    HardFault_Handler                        0x08000953   Thumb Code     4  stm32f10x_it.o(i.HardFault_Handler)
    MemManage_Handler                        0x08000957   Thumb Code     4  stm32f10x_it.o(i.MemManage_Handler)
    NMI_Handler                              0x0800095b   Thumb Code     2  stm32f10x_it.o(i.NMI_Handler)
    NVIC_Init                                0x0800095d   Thumb Code   100  misc.o(i.NVIC_Init)
    NVIC_PriorityGroupConfig                 0x080009cd   Thumb Code    10  misc.o(i.NVIC_PriorityGroupConfig)
    PendSV_Handler                           0x080009e1   Thumb Code     2  stm32f10x_it.o(i.PendSV_Handler)
    RCC_ADCCLKConfig                         0x080009e5   Thumb Code    18  stm32f10x_rcc.o(i.RCC_ADCCLKConfig)
    RCC_AHBPeriphClockCmd                    0x080009fd   Thumb Code    26  stm32f10x_rcc.o(i.RCC_AHBPeriphClockCmd)
    RCC_APB1PeriphClockCmd                   0x08000a1d   Thumb Code    26  stm32f10x_rcc.o(i.RCC_APB1PeriphClockCmd)
    RCC_APB2PeriphClockCmd                   0x08000a3d   Thumb Code    26  stm32f10x_rcc.o(i.RCC_APB2PeriphClockCmd)
    RCC_DeInit                               0x08000a5d   Thumb Code    64  stm32f10x_rcc.o(i.RCC_DeInit)
    RCC_GetClocksFreq                        0x08000aa9   Thumb Code   192  stm32f10x_rcc.o(i.RCC_GetClocksFreq)
    RCC_GetFlagStatus                        0x08000b7d   Thumb Code    56  stm32f10x_rcc.o(i.RCC_GetFlagStatus)
    RCC_GetSYSCLKSource                      0x08000bb9   Thumb Code    10  stm32f10x_rcc.o(i.RCC_GetSYSCLKSource)
    RCC_HCLKConfig                           0x08000bc9   Thumb Code    18  stm32f10x_rcc.o(i.RCC_HCLKConfig)
    RCC_HSEConfig                            0x08000be1   Thumb Code    70  stm32f10x_rcc.o(i.RCC_HSEConfig)
    RCC_PCLK1Config                          0x08000c2d   Thumb Code    18  stm32f10x_rcc.o(i.RCC_PCLK1Config)
    RCC_PCLK2Config                          0x08000c45   Thumb Code    20  stm32f10x_rcc.o(i.RCC_PCLK2Config)
    RCC_PLLCmd                               0x08000c5d   Thumb Code     6  stm32f10x_rcc.o(i.RCC_PLLCmd)
    RCC_PLLConfig                            0x08000c69   Thumb Code    24  stm32f10x_rcc.o(i.RCC_PLLConfig)
    RCC_SYSCLKConfig                         0x08000c85   Thumb Code    18  stm32f10x_rcc.o(i.RCC_SYSCLKConfig)
    RCC_WaitForHSEStartUp                    0x08000c9d   Thumb Code    56  stm32f10x_rcc.o(i.RCC_WaitForHSEStartUp)
    SVC_Handler                              0x08000cd5   Thumb Code     2  stm32f10x_it.o(i.SVC_Handler)
    SysTick_Handler                          0x08000dc1   Thumb Code     8  stm32f10x_it.o(i.SysTick_Handler)
    SystemCoreClockUpdate                    0x08000dc9   Thumb Code   142  system_stm32f10x.o(i.SystemCoreClockUpdate)
    SystemInit                               0x08000e6d   Thumb Code    78  system_stm32f10x.o(i.SystemInit)
    TIM4_IRQHandler                          0x08000ecd   Thumb Code   390  user_bms.o(i.TIM4_IRQHandler)
    TIM_ClearITPendingBit                    0x080010a5   Thumb Code     6  stm32f10x_tim.o(i.TIM_ClearITPendingBit)
    TIM_Cmd                                  0x080010ab   Thumb Code    24  stm32f10x_tim.o(i.TIM_Cmd)
    TIM_GetITStatus                          0x080010c3   Thumb Code    34  stm32f10x_tim.o(i.TIM_GetITStatus)
    TIM_ITConfig                             0x080010e5   Thumb Code    18  stm32f10x_tim.o(i.TIM_ITConfig)
    TIM_TimeBaseInit                         0x080010f9   Thumb Code   122  stm32f10x_tim.o(i.TIM_TimeBaseInit)
    TimingDelay_Decrement                    0x0800119d   Thumb Code    18  main.o(i.TimingDelay_Decrement)
    UBMS_Configure                           0x080011b5   Thumb Code   602  user_bms.o(i.UBMS_Configure)
    UBMS_Display                             0x0800142d   Thumb Code   292  user_bms.o(i.UBMS_Display)
    UBMS_GetStatus                           0x08001579   Thumb Code    38  user_bms.o(i.UBMS_GetStatus)
    UBMS_SetBatteryTotal                     0x080015a5   Thumb Code     6  user_bms.o(i.UBMS_SetBatteryTotal)
    UBMS_StartBMS                            0x080015b1   Thumb Code    18  user_bms.o(i.UBMS_StartBMS)
    UBMS_ToggleLeds                          0x080015cd   Thumb Code   124  user_bms.o(i.UBMS_ToggleLeds)
    UCOM_Checksum                            0x08001655   Thumb Code    30  user_com.o(i.UCOM_Checksum)
    UCOM_Configure                           0x08001675   Thumb Code   192  user_com.o(i.UCOM_Configure)
    UCOM_Get_Flag                            0x0800175d   Thumb Code     6  user_com.o(i.UCOM_Get_Flag)
    UCOM_ProcessUSARTData                    0x08001769   Thumb Code   116  user_com.o(i.UCOM_ProcessUSARTData)
    UCOM_SendStatusBaterry                   0x080017e1   Thumb Code   146  user_com.o(i.UCOM_SendStatusBaterry)
    UCOM_Transmit                            0x08001891   Thumb Code    48  user_com.o(i.UCOM_Transmit)
    UDELAY_Configure                         0x080018c9   Thumb Code    24  user_delay.o(i.UDELAY_Configure)
    UDELAY_ms                                0x080018e9   Thumb Code    92  user_delay.o(i.UDELAY_ms)
    USART1_IRQHandler                        0x08001949   Thumb Code   114  user_com.o(i.USART1_IRQHandler)
    USART_ClearITPendingBit                  0x080019c9   Thumb Code    30  stm32f10x_usart.o(i.USART_ClearITPendingBit)
    USART_Cmd                                0x080019e7   Thumb Code    24  stm32f10x_usart.o(i.USART_Cmd)
    USART_GetFlagStatus                      0x080019ff   Thumb Code    26  stm32f10x_usart.o(i.USART_GetFlagStatus)
    USART_GetITStatus                        0x08001a19   Thumb Code    84  stm32f10x_usart.o(i.USART_GetITStatus)
    USART_ITConfig                           0x08001a6d   Thumb Code    74  stm32f10x_usart.o(i.USART_ITConfig)
    USART_Init                               0x08001ab9   Thumb Code   210  stm32f10x_usart.o(i.USART_Init)
    USART_ReceiveData                        0x08001b91   Thumb Code    10  stm32f10x_usart.o(i.USART_ReceiveData)
    USART_SendData                           0x08001b9b   Thumb Code     8  stm32f10x_usart.o(i.USART_SendData)
    UsageFault_Handler                       0x08001ba3   Thumb Code     4  stm32f10x_it.o(i.UsageFault_Handler)
    main                                     0x08001ba9   Thumb Code    82  main.o(i.main)
    __aeabi_d2f                              0x08001c0d   Thumb Code     0  d2f.o(x$fpl$d2f)
    _d2f                                     0x08001c0d   Thumb Code    98  d2f.o(x$fpl$d2f)
    __aeabi_dadd                             0x08001c71   Thumb Code     0  daddsub_clz.o(x$fpl$dadd)
    _dadd                                    0x08001c71   Thumb Code   332  daddsub_clz.o(x$fpl$dadd)
    __aeabi_ddiv                             0x08001dc1   Thumb Code     0  ddiv.o(x$fpl$ddiv)
    _ddiv                                    0x08001dc1   Thumb Code   552  ddiv.o(x$fpl$ddiv)
    __aeabi_d2iz                             0x08002071   Thumb Code     0  dfix.o(x$fpl$dfix)
    _dfix                                    0x08002071   Thumb Code    94  dfix.o(x$fpl$dfix)
    __aeabi_dmul                             0x080020d1   Thumb Code     0  dmul.o(x$fpl$dmul)
    _dmul                                    0x080020d1   Thumb Code   332  dmul.o(x$fpl$dmul)
    __fpl_dnaninf                            0x08002225   Thumb Code   156  dnaninf.o(x$fpl$dnaninf)
    __fpl_dretinf                            0x080022c1   Thumb Code    12  dretinf.o(x$fpl$dretinf)
    __aeabi_dsub                             0x080022cd   Thumb Code     0  daddsub_clz.o(x$fpl$dsub)
    _dsub                                    0x080022cd   Thumb Code   464  daddsub_clz.o(x$fpl$dsub)
    __aeabi_f2d                              0x080024a1   Thumb Code     0  f2d.o(x$fpl$f2d)
    _f2d                                     0x080024a1   Thumb Code    86  f2d.o(x$fpl$f2d)
    __aeabi_fadd                             0x080024f9   Thumb Code     0  faddsub_clz.o(x$fpl$fadd)
    _fadd                                    0x080024f9   Thumb Code   196  faddsub_clz.o(x$fpl$fadd)
    __fpl_fcmp_Inf                           0x080025bd   Thumb Code    24  fcmpi.o(x$fpl$fcmpinf)
    __aeabi_fdiv                             0x080025d5   Thumb Code     0  fdiv.o(x$fpl$fdiv)
    _fdiv                                    0x080025d5   Thumb Code   384  fdiv.o(x$fpl$fdiv)
    __aeabi_i2f                              0x08002759   Thumb Code     0  fflt_clz.o(x$fpl$fflt)
    _fflt                                    0x08002759   Thumb Code    48  fflt_clz.o(x$fpl$fflt)
    __aeabi_cfcmple                          0x08002789   Thumb Code     0  fleqf.o(x$fpl$fleqf)
    _fcmple                                  0x08002789   Thumb Code   104  fleqf.o(x$fpl$fleqf)
    __fpl_fcmple_InfNaN                      0x080027db   Thumb Code     0  fleqf.o(x$fpl$fleqf)
    __aeabi_fmul                             0x080027f1   Thumb Code     0  fmul.o(x$fpl$fmul)
    _fmul                                    0x080027f1   Thumb Code   258  fmul.o(x$fpl$fmul)
    __fpl_fnaninf                            0x080028f3   Thumb Code   140  fnaninf.o(x$fpl$fnaninf)
    __fpl_fretinf                            0x0800297f   Thumb Code    10  fretinf.o(x$fpl$fretinf)
    __aeabi_cfrcmple                         0x08002989   Thumb Code     0  frleqf.o(x$fpl$frleqf)
    _frcmple                                 0x08002989   Thumb Code    98  frleqf.o(x$fpl$frleqf)
    __aeabi_frsub                            0x080029eb   Thumb Code     0  faddsub_clz.o(x$fpl$frsb)
    _frsb                                    0x080029eb   Thumb Code    20  faddsub_clz.o(x$fpl$frsb)
    __aeabi_fsub                             0x08002a01   Thumb Code     0  faddsub_clz.o(x$fpl$fsub)
    _fsub                                    0x08002a01   Thumb Code   234  faddsub_clz.o(x$fpl$fsub)
    __I$use$fp                               0x08002aea   Number         0  usenofp.o(x$fpl$usenofp)
    Region$$Table$$Base                      0x08002aec   Number         0  anon$$obj.o(Region$$Table)
    Region$$Table$$Limit                     0x08002b0c   Number         0  anon$$obj.o(Region$$Table)
    HSEStartUpStatus                         0x20000000   Data           1  main.o(.data)
    a                                        0x20000004   Data           4  main.o(.data)
    dem2                                     0x20000008   Data           4  main.o(.data)
    clock_source                             0x20000018   Data           4  main.o(.data)
    count                                    0x2000001c   Data           1  user_com.o(.data)
    ComData_BatteryTotal                     0x20000041   Data           4  user_com.o(.data)
    ComData_BatteryCapacity                  0x20000045   Data           4  user_com.o(.data)
    ComData_BatteryUsed                      0x20000049   Data           4  user_com.o(.data)
    ComData_BatteryPercentage                0x2000004d   Data           4  user_com.o(.data)
    ComData_BatteryCurrent                   0x20000051   Data           4  user_com.o(.data)
    ComData_BaterryVoltage                   0x20000055   Data           4  user_com.o(.data)
    ComData_BatteryTotal_Init                0x20000059   Data           4  user_com.o(.data)
    bt                                       0x20000060   Data           4  user_com.o(.data)
    dem_xx                                   0x20000064   Data           4  user_com.o(.data)
    dem                                      0x20000068   Data           4  user_com.o(.data)
    start_flag                               0x2000006c   Data           1  user_com.o(.data)
    first_Status                             0x20000070   Data           1  user_bms.o(.data)
    RawData                                  0x20000074   Data           4  user_bms.o(.data)
    SmoothData                               0x20000078   Data           4  user_bms.o(.data)
    LPF_Beta                                 0x2000007c   Data           4  user_bms.o(.data)
    tempa                                    0x20000088   Data           4  user_bms.o(.data)
    tempcurrent                              0x2000008c   Data           4  user_bms.o(.data)
    tempcurrentV                             0x20000090   Data           4  user_bms.o(.data)
    _config_status_dis                       0x2000009e   Data           1  user_bms.o(.data)
    SystemCoreClock                          0x200000c0   Data           4  system_stm32f10x.o(.data)
    AHBPrescTable                            0x200000c4   Data          16  system_stm32f10x.o(.data)
    RCC_ClockFreq                            0x200000d4   Data          20  main.o(.bss)
    UCOM_USARTBuffer_dis                     0x2000012e   Data          36  user_com.o(.bss)
    buffer_dis                               0x20000152   Data          36  user_com.o(.bss)
    buffer_dis2                              0x20000176   Data          36  user_com.o(.bss)
    ADC_ConvertedValue_debug                 0x200001c4   Data          40  user_bms.o(.bss)
    tempadcvalue                             0x20000204   Data          16  user_bms.o(.bss)
    __libspace_start                         0x20000214   Data          96  libspace.o(.bss)
    __temporary_stack_top$libspace           0x20000274   Data           0  libspace.o(.bss)



==============================================================================

Memory Map of the image

  Image Entry point : 0x080000ed

  Load Region LR_IROM1 (Base: 0x08000000, Size: 0x00002be0, Max: 0x00010000, ABSOLUTE)

    Execution Region ER_IROM1 (Exec base: 0x08000000, Load base: 0x08000000, Size: 0x00002b0c, Max: 0x00010000, ABSOLUTE)

    Exec Addr    Load Addr    Size         Type   Attr      Idx    E Section Name        Object

    0x08000000   0x08000000   0x000000ec   Data   RO         2550    RESET               startup_stm32f10x_md.o
    0x080000ec   0x080000ec   0x00000008   Code   RO         2593  * !!!main             c_w.l(__main.o)
    0x080000f4   0x080000f4   0x00000034   Code   RO         2803    !!!scatter          c_w.l(__scatter.o)
    0x08000128   0x08000128   0x0000001a   Code   RO         2805    !!handler_copy      c_w.l(__scatter_copy.o)
    0x08000142   0x08000142   0x00000002   PAD
    0x08000144   0x08000144   0x0000001c   Code   RO         2807    !!handler_zi        c_w.l(__scatter_zi.o)
    0x08000160   0x08000160   0x00000002   Code   RO         2673    .ARM.Collect$$libinit$$00000000  c_w.l(libinit.o)
    0x08000162   0x08000162   0x00000000   Code   RO         2680    .ARM.Collect$$libinit$$00000002  c_w.l(libinit2.o)
    0x08000162   0x08000162   0x00000000   Code   RO         2682    .ARM.Collect$$libinit$$00000004  c_w.l(libinit2.o)
    0x08000162   0x08000162   0x00000000   Code   RO         2685    .ARM.Collect$$libinit$$0000000A  c_w.l(libinit2.o)
    0x08000162   0x08000162   0x00000000   Code   RO         2687    .ARM.Collect$$libinit$$0000000C  c_w.l(libinit2.o)
    0x08000162   0x08000162   0x00000000   Code   RO         2689    .ARM.Collect$$libinit$$0000000E  c_w.l(libinit2.o)
    0x08000162   0x08000162   0x00000000   Code   RO         2692    .ARM.Collect$$libinit$$00000011  c_w.l(libinit2.o)
    0x08000162   0x08000162   0x00000000   Code   RO         2694    .ARM.Collect$$libinit$$00000013  c_w.l(libinit2.o)
    0x08000162   0x08000162   0x00000000   Code   RO         2696    .ARM.Collect$$libinit$$00000015  c_w.l(libinit2.o)
    0x08000162   0x08000162   0x00000000   Code   RO         2698    .ARM.Collect$$libinit$$00000017  c_w.l(libinit2.o)
    0x08000162   0x08000162   0x00000000   Code   RO         2700    .ARM.Collect$$libinit$$00000019  c_w.l(libinit2.o)
    0x08000162   0x08000162   0x00000000   Code   RO         2702    .ARM.Collect$$libinit$$0000001B  c_w.l(libinit2.o)
    0x08000162   0x08000162   0x00000000   Code   RO         2704    .ARM.Collect$$libinit$$0000001D  c_w.l(libinit2.o)
    0x08000162   0x08000162   0x00000000   Code   RO         2706    .ARM.Collect$$libinit$$0000001F  c_w.l(libinit2.o)
    0x08000162   0x08000162   0x00000000   Code   RO         2708    .ARM.Collect$$libinit$$00000021  c_w.l(libinit2.o)
    0x08000162   0x08000162   0x00000000   Code   RO         2710    .ARM.Collect$$libinit$$00000023  c_w.l(libinit2.o)
    0x08000162   0x08000162   0x00000000   Code   RO         2712    .ARM.Collect$$libinit$$00000025  c_w.l(libinit2.o)
    0x08000162   0x08000162   0x00000000   Code   RO         2716    .ARM.Collect$$libinit$$0000002C  c_w.l(libinit2.o)
    0x08000162   0x08000162   0x00000000   Code   RO         2718    .ARM.Collect$$libinit$$0000002E  c_w.l(libinit2.o)
    0x08000162   0x08000162   0x00000000   Code   RO         2720    .ARM.Collect$$libinit$$00000030  c_w.l(libinit2.o)
    0x08000162   0x08000162   0x00000000   Code   RO         2722    .ARM.Collect$$libinit$$00000032  c_w.l(libinit2.o)
    0x08000162   0x08000162   0x00000002   Code   RO         2723    .ARM.Collect$$libinit$$00000033  c_w.l(libinit2.o)
    0x08000164   0x08000164   0x00000002   Code   RO         2743    .ARM.Collect$$libshutdown$$00000000  c_w.l(libshutdown.o)
    0x08000166   0x08000166   0x00000000   Code   RO         2756    .ARM.Collect$$libshutdown$$00000002  c_w.l(libshutdown2.o)
    0x08000166   0x08000166   0x00000000   Code   RO         2758    .ARM.Collect$$libshutdown$$00000004  c_w.l(libshutdown2.o)
    0x08000166   0x08000166   0x00000000   Code   RO         2761    .ARM.Collect$$libshutdown$$00000007  c_w.l(libshutdown2.o)
    0x08000166   0x08000166   0x00000000   Code   RO         2764    .ARM.Collect$$libshutdown$$0000000A  c_w.l(libshutdown2.o)
    0x08000166   0x08000166   0x00000000   Code   RO         2766    .ARM.Collect$$libshutdown$$0000000C  c_w.l(libshutdown2.o)
    0x08000166   0x08000166   0x00000000   Code   RO         2769    .ARM.Collect$$libshutdown$$0000000F  c_w.l(libshutdown2.o)
    0x08000166   0x08000166   0x00000002   Code   RO         2770    .ARM.Collect$$libshutdown$$00000010  c_w.l(libshutdown2.o)
    0x08000168   0x08000168   0x00000000   Code   RO         2637    .ARM.Collect$$rtentry$$00000000  c_w.l(__rtentry.o)
    0x08000168   0x08000168   0x00000000   Code   RO         2650    .ARM.Collect$$rtentry$$00000002  c_w.l(__rtentry2.o)
    0x08000168   0x08000168   0x00000006   Code   RO         2662    .ARM.Collect$$rtentry$$00000004  c_w.l(__rtentry4.o)
    0x0800016e   0x0800016e   0x00000000   Code   RO         2652    .ARM.Collect$$rtentry$$00000009  c_w.l(__rtentry2.o)
    0x0800016e   0x0800016e   0x00000004   Code   RO         2653    .ARM.Collect$$rtentry$$0000000A  c_w.l(__rtentry2.o)
    0x08000172   0x08000172   0x00000000   Code   RO         2655    .ARM.Collect$$rtentry$$0000000C  c_w.l(__rtentry2.o)
    0x08000172   0x08000172   0x00000008   Code   RO         2656    .ARM.Collect$$rtentry$$0000000D  c_w.l(__rtentry2.o)
    0x0800017a   0x0800017a   0x00000002   Code   RO         2677    .ARM.Collect$$rtexit$$00000000  c_w.l(rtexit.o)
    0x0800017c   0x0800017c   0x00000000   Code   RO         2725    .ARM.Collect$$rtexit$$00000002  c_w.l(rtexit2.o)
    0x0800017c   0x0800017c   0x00000004   Code   RO         2726    .ARM.Collect$$rtexit$$00000003  c_w.l(rtexit2.o)
    0x08000180   0x08000180   0x00000006   Code   RO         2727    .ARM.Collect$$rtexit$$00000004  c_w.l(rtexit2.o)
    0x08000186   0x08000186   0x00000002   PAD
    0x08000188   0x08000188   0x00000040   Code   RO         2551    .text               startup_stm32f10x_md.o
    0x080001c8   0x080001c8   0x00000006   Code   RO         2591    .text               c_w.l(heapauxi.o)
    0x080001ce   0x080001ce   0x0000004a   Code   RO         2664    .text               c_w.l(sys_stackheap_outer.o)
    0x08000218   0x08000218   0x00000012   Code   RO         2666    .text               c_w.l(exit.o)
    0x0800022a   0x0800022a   0x00000002   PAD
    0x0800022c   0x0800022c   0x00000008   Code   RO         2674    .text               c_w.l(libspace.o)
    0x08000234   0x08000234   0x0000000c   Code   RO         2735    .text               c_w.l(sys_exit.o)
    0x08000240   0x08000240   0x00000002   Code   RO         2746    .text               c_w.l(use_no_semi.o)
    0x08000242   0x08000242   0x00000000   Code   RO         2748    .text               c_w.l(indicate_semi.o)
    0x08000242   0x08000242   0x00000016   Code   RO          565    i.ADC_Cmd           stm32f10x_adc.o
    0x08000258   0x08000258   0x00000016   Code   RO          566    i.ADC_DMACmd        stm32f10x_adc.o
    0x0800026e   0x0800026e   0x00000014   Code   RO          573    i.ADC_GetCalibrationStatus  stm32f10x_adc.o
    0x08000282   0x08000282   0x00000014   Code   RO          579    i.ADC_GetResetCalibrationStatus  stm32f10x_adc.o
    0x08000296   0x08000296   0x00000002   PAD
    0x08000298   0x08000298   0x00000050   Code   RO          583    i.ADC_Init          stm32f10x_adc.o
    0x080002e8   0x080002e8   0x000000b8   Code   RO          587    i.ADC_RegularChannelConfig  stm32f10x_adc.o
    0x080003a0   0x080003a0   0x0000000a   Code   RO          588    i.ADC_ResetCalibration  stm32f10x_adc.o
    0x080003aa   0x080003aa   0x00000016   Code   RO          590    i.ADC_SoftwareStartConvCmd  stm32f10x_adc.o
    0x080003c0   0x080003c0   0x0000000a   Code   RO          592    i.ADC_StartCalibration  stm32f10x_adc.o
    0x080003ca   0x080003ca   0x00000004   Code   RO          434    i.BusFault_Handler  stm32f10x_it.o
    0x080003ce   0x080003ce   0x00000002   PAD
    0x080003d0   0x080003d0   0x00000078   Code   RO            1    i.Clock_HSE_Configuration  main.o
    0x08000448   0x08000448   0x000001bc   Code   RO          295    i.DMA1_Channel1_IRQHandler  user_bms.o
    0x08000604   0x08000604   0x0000001c   Code   RO          937    i.DMA_ClearITPendingBit  stm32f10x_dma.o
    0x08000620   0x08000620   0x00000018   Code   RO          938    i.DMA_Cmd           stm32f10x_dma.o
    0x08000638   0x08000638   0x0000014c   Code   RO          939    i.DMA_DeInit        stm32f10x_dma.o
    0x08000784   0x08000784   0x0000002c   Code   RO          942    i.DMA_GetITStatus   stm32f10x_dma.o
    0x080007b0   0x080007b0   0x00000012   Code   RO          943    i.DMA_ITConfig      stm32f10x_dma.o
    0x080007c2   0x080007c2   0x0000003c   Code   RO          944    i.DMA_Init          stm32f10x_dma.o
    0x080007fe   0x080007fe   0x00000002   Code   RO          435    i.DebugMon_Handler  stm32f10x_it.o
    0x08000800   0x08000800   0x0000001c   Code   RO         1025    i.FLASH_PrefetchBufferCmd  stm32f10x_flash.o
    0x0800081c   0x0800081c   0x00000018   Code   RO         1030    i.FLASH_SetLatency  stm32f10x_flash.o
    0x08000834   0x08000834   0x00000116   Code   RO         1188    i.GPIO_Init         stm32f10x_gpio.o
    0x0800094a   0x0800094a   0x00000004   Code   RO         1195    i.GPIO_ResetBits    stm32f10x_gpio.o
    0x0800094e   0x0800094e   0x00000004   Code   RO         1196    i.GPIO_SetBits      stm32f10x_gpio.o
    0x08000952   0x08000952   0x00000004   Code   RO          436    i.HardFault_Handler  stm32f10x_it.o
    0x08000956   0x08000956   0x00000004   Code   RO          437    i.MemManage_Handler  stm32f10x_it.o
    0x0800095a   0x0800095a   0x00000002   Code   RO          438    i.NMI_Handler       stm32f10x_it.o
    0x0800095c   0x0800095c   0x00000070   Code   RO          523    i.NVIC_Init         misc.o
    0x080009cc   0x080009cc   0x00000014   Code   RO          524    i.NVIC_PriorityGroupConfig  misc.o
    0x080009e0   0x080009e0   0x00000002   Code   RO          439    i.PendSV_Handler    stm32f10x_it.o
    0x080009e2   0x080009e2   0x00000002   PAD
    0x080009e4   0x080009e4   0x00000018   Code   RO         1338    i.RCC_ADCCLKConfig  stm32f10x_rcc.o
    0x080009fc   0x080009fc   0x00000020   Code   RO         1339    i.RCC_AHBPeriphClockCmd  stm32f10x_rcc.o
    0x08000a1c   0x08000a1c   0x00000020   Code   RO         1340    i.RCC_APB1PeriphClockCmd  stm32f10x_rcc.o
    0x08000a3c   0x08000a3c   0x00000020   Code   RO         1342    i.RCC_APB2PeriphClockCmd  stm32f10x_rcc.o
    0x08000a5c   0x08000a5c   0x0000004c   Code   RO         1349    i.RCC_DeInit        stm32f10x_rcc.o
    0x08000aa8   0x08000aa8   0x000000d4   Code   RO         1350    i.RCC_GetClocksFreq  stm32f10x_rcc.o
    0x08000b7c   0x08000b7c   0x0000003c   Code   RO         1351    i.RCC_GetFlagStatus  stm32f10x_rcc.o
    0x08000bb8   0x08000bb8   0x00000010   Code   RO         1353    i.RCC_GetSYSCLKSource  stm32f10x_rcc.o
    0x08000bc8   0x08000bc8   0x00000018   Code   RO         1354    i.RCC_HCLKConfig    stm32f10x_rcc.o
    0x08000be0   0x08000be0   0x0000004c   Code   RO         1355    i.RCC_HSEConfig     stm32f10x_rcc.o
    0x08000c2c   0x08000c2c   0x00000018   Code   RO         1361    i.RCC_PCLK1Config   stm32f10x_rcc.o
    0x08000c44   0x08000c44   0x00000018   Code   RO         1362    i.RCC_PCLK2Config   stm32f10x_rcc.o
    0x08000c5c   0x08000c5c   0x0000000c   Code   RO         1363    i.RCC_PLLCmd        stm32f10x_rcc.o
    0x08000c68   0x08000c68   0x0000001c   Code   RO         1364    i.RCC_PLLConfig     stm32f10x_rcc.o
    0x08000c84   0x08000c84   0x00000018   Code   RO         1367    i.RCC_SYSCLKConfig  stm32f10x_rcc.o
    0x08000c9c   0x08000c9c   0x00000038   Code   RO         1369    i.RCC_WaitForHSEStartUp  stm32f10x_rcc.o
    0x08000cd4   0x08000cd4   0x00000002   Code   RO          440    i.SVC_Handler       stm32f10x_it.o
    0x08000cd6   0x08000cd6   0x00000008   Code   RO         2555    i.SetSysClock       system_stm32f10x.o
    0x08000cde   0x08000cde   0x00000002   PAD
    0x08000ce0   0x08000ce0   0x000000e0   Code   RO         2556    i.SetSysClockTo72   system_stm32f10x.o
    0x08000dc0   0x08000dc0   0x00000008   Code   RO          441    i.SysTick_Handler   stm32f10x_it.o
    0x08000dc8   0x08000dc8   0x000000a4   Code   RO         2557    i.SystemCoreClockUpdate  system_stm32f10x.o
    0x08000e6c   0x08000e6c   0x00000060   Code   RO         2558    i.SystemInit        system_stm32f10x.o
    0x08000ecc   0x08000ecc   0x000001d8   Code   RO          296    i.TIM4_IRQHandler   user_bms.o
    0x080010a4   0x080010a4   0x00000006   Code   RO         1783    i.TIM_ClearITPendingBit  stm32f10x_tim.o
    0x080010aa   0x080010aa   0x00000018   Code   RO         1788    i.TIM_Cmd           stm32f10x_tim.o
    0x080010c2   0x080010c2   0x00000022   Code   RO         1809    i.TIM_GetITStatus   stm32f10x_tim.o
    0x080010e4   0x080010e4   0x00000012   Code   RO         1813    i.TIM_ITConfig      stm32f10x_tim.o
    0x080010f6   0x080010f6   0x00000002   PAD
    0x080010f8   0x080010f8   0x000000a4   Code   RO         1859    i.TIM_TimeBaseInit  stm32f10x_tim.o
    0x0800119c   0x0800119c   0x00000018   Code   RO            3    i.TimingDelay_Decrement  main.o
    0x080011b4   0x080011b4   0x00000278   Code   RO          298    i.UBMS_Configure    user_bms.o
    0x0800142c   0x0800142c   0x0000014c   Code   RO          299    i.UBMS_Display      user_bms.o
    0x08001578   0x08001578   0x0000002c   Code   RO          300    i.UBMS_GetStatus    user_bms.o
    0x080015a4   0x080015a4   0x0000000c   Code   RO          302    i.UBMS_SetBatteryTotal  user_bms.o
    0x080015b0   0x080015b0   0x0000001c   Code   RO          304    i.UBMS_StartBMS     user_bms.o
    0x080015cc   0x080015cc   0x00000088   Code   RO          305    i.UBMS_ToggleLeds   user_bms.o
    0x08001654   0x08001654   0x0000001e   Code   RO          220    i.UCOM_Checksum     user_com.o
    0x08001672   0x08001672   0x00000002   PAD
    0x08001674   0x08001674   0x000000c8   Code   RO          221    i.UCOM_Configure    user_com.o
    0x0800173c   0x0800173c   0x0000001e   Code   RO          223    i.UCOM_Convert_Float_to_Bytes  user_com.o
    0x0800175a   0x0800175a   0x00000002   PAD
    0x0800175c   0x0800175c   0x0000000c   Code   RO          224    i.UCOM_Get_Flag     user_com.o
    0x08001768   0x08001768   0x00000078   Code   RO          225    i.UCOM_ProcessUSARTData  user_com.o
    0x080017e0   0x080017e0   0x000000b0   Code   RO          227    i.UCOM_SendStatusBaterry  user_com.o
    0x08001890   0x08001890   0x00000038   Code   RO          228    i.UCOM_Transmit     user_com.o
    0x080018c8   0x080018c8   0x00000020   Code   RO          148    i.UDELAY_Configure  user_delay.o
    0x080018e8   0x080018e8   0x00000060   Code   RO          149    i.UDELAY_ms         user_delay.o
    0x08001948   0x08001948   0x00000080   Code   RO          229    i.USART1_IRQHandler  user_com.o
    0x080019c8   0x080019c8   0x0000001e   Code   RO         1539    i.USART_ClearITPendingBit  stm32f10x_usart.o
    0x080019e6   0x080019e6   0x00000018   Code   RO         1542    i.USART_Cmd         stm32f10x_usart.o
    0x080019fe   0x080019fe   0x0000001a   Code   RO         1545    i.USART_GetFlagStatus  stm32f10x_usart.o
    0x08001a18   0x08001a18   0x00000054   Code   RO         1546    i.USART_GetITStatus  stm32f10x_usart.o
    0x08001a6c   0x08001a6c   0x0000004a   Code   RO         1548    i.USART_ITConfig    stm32f10x_usart.o
    0x08001ab6   0x08001ab6   0x00000002   PAD
    0x08001ab8   0x08001ab8   0x000000d8   Code   RO         1549    i.USART_Init        stm32f10x_usart.o
    0x08001b90   0x08001b90   0x0000000a   Code   RO         1556    i.USART_ReceiveData  stm32f10x_usart.o
    0x08001b9a   0x08001b9a   0x00000008   Code   RO         1559    i.USART_SendData    stm32f10x_usart.o
    0x08001ba2   0x08001ba2   0x00000004   Code   RO          442    i.UsageFault_Handler  stm32f10x_it.o
    0x08001ba6   0x08001ba6   0x00000002   PAD
    0x08001ba8   0x08001ba8   0x00000064   Code   RO            4    i.main              main.o
    0x08001c0c   0x08001c0c   0x00000062   Code   RO         2595    x$fpl$d2f           fz_ws.l(d2f.o)
    0x08001c6e   0x08001c6e   0x00000002   PAD
    0x08001c70   0x08001c70   0x00000150   Code   RO         2597    x$fpl$dadd          fz_ws.l(daddsub_clz.o)
    0x08001dc0   0x08001dc0   0x000002b0   Code   RO         2604    x$fpl$ddiv          fz_ws.l(ddiv.o)
    0x08002070   0x08002070   0x0000005e   Code   RO         2607    x$fpl$dfix          fz_ws.l(dfix.o)
    0x080020ce   0x080020ce   0x00000002   PAD
    0x080020d0   0x080020d0   0x00000154   Code   RO         2611    x$fpl$dmul          fz_ws.l(dmul.o)
    0x08002224   0x08002224   0x0000009c   Code   RO         2638    x$fpl$dnaninf       fz_ws.l(dnaninf.o)
    0x080022c0   0x080022c0   0x0000000c   Code   RO         2640    x$fpl$dretinf       fz_ws.l(dretinf.o)
    0x080022cc   0x080022cc   0x000001d4   Code   RO         2599    x$fpl$dsub          fz_ws.l(daddsub_clz.o)
    0x080024a0   0x080024a0   0x00000056   Code   RO         2613    x$fpl$f2d           fz_ws.l(f2d.o)
    0x080024f6   0x080024f6   0x00000002   PAD
    0x080024f8   0x080024f8   0x000000c4   Code   RO         2615    x$fpl$fadd          fz_ws.l(faddsub_clz.o)
    0x080025bc   0x080025bc   0x00000018   Code   RO         2642    x$fpl$fcmpinf       fz_ws.l(fcmpi.o)
    0x080025d4   0x080025d4   0x00000184   Code   RO         2622    x$fpl$fdiv          fz_ws.l(fdiv.o)
    0x08002758   0x08002758   0x00000030   Code   RO         2626    x$fpl$fflt          fz_ws.l(fflt_clz.o)
    0x08002788   0x08002788   0x00000068   Code   RO         2631    x$fpl$fleqf         fz_ws.l(fleqf.o)
    0x080027f0   0x080027f0   0x00000102   Code   RO         2633    x$fpl$fmul          fz_ws.l(fmul.o)
    0x080028f2   0x080028f2   0x0000008c   Code   RO         2644    x$fpl$fnaninf       fz_ws.l(fnaninf.o)
    0x0800297e   0x0800297e   0x0000000a   Code   RO         2646    x$fpl$fretinf       fz_ws.l(fretinf.o)
    0x08002988   0x08002988   0x00000062   Code   RO         2635    x$fpl$frleqf        fz_ws.l(frleqf.o)
    0x080029ea   0x080029ea   0x00000014   Code   RO         2616    x$fpl$frsb          fz_ws.l(faddsub_clz.o)
    0x080029fe   0x080029fe   0x00000002   PAD
    0x08002a00   0x08002a00   0x000000ea   Code   RO         2617    x$fpl$fsub          fz_ws.l(faddsub_clz.o)
    0x08002aea   0x08002aea   0x00000000   Code   RO         2648    x$fpl$usenofp       fz_ws.l(usenofp.o)
    0x08002aea   0x08002aea   0x00000002   PAD
    0x08002aec   0x08002aec   0x00000020   Data   RO         2801    Region$$Table       anon$$obj.o


    Execution Region RW_IRAM1 (Exec base: 0x20000000, Load base: 0x08002b0c, Size: 0x00001478, Max: 0x00005000, ABSOLUTE)

    Exec Addr    Load Addr    Size         Type   Attr      Idx    E Section Name        Object

    0x20000000   0x08002b0c   0x0000001c   Data   RW            6    .data               main.o
    0x2000001c   0x08002b28   0x00000051   Data   RW          231    .data               user_com.o
    0x2000006d   0x08002b79   0x00000003   PAD
    0x20000070   0x08002b7c   0x0000003c   Data   RW          307    .data               user_bms.o
    0x200000ac   0x08002bb8   0x00000014   Data   RW         1370    .data               stm32f10x_rcc.o
    0x200000c0   0x08002bcc   0x00000014   Data   RW         2559    .data               system_stm32f10x.o
    0x200000d4        -       0x0000002c   Zero   RW            5    .bss                main.o
    0x20000100        -       0x0000000a   Zero   RW          151    .bss                user_delay.o
    0x2000010a        -       0x00000090   Zero   RW          230    .bss                user_com.o
    0x2000019a   0x08002be0   0x00000002   PAD
    0x2000019c        -       0x00000078   Zero   RW          306    .bss                user_bms.o
    0x20000214        -       0x00000060   Zero   RW         2675    .bss                c_w.l(libspace.o)
    0x20000274   0x08002be0   0x00000004   PAD
    0x20000278        -       0x00000200   Zero   RW         2549    HEAP                startup_stm32f10x_md.o
    0x20000478        -       0x00000fff   Zero   RW         2548    STACK               startup_stm32f10x_md.o


==============================================================================

Image component sizes


      Code (inc. data)   RO Data    RW Data    ZI Data      Debug   Object Name

         0          0          0          0          0         32   core_cm3.o
       244         28          0         28         44     274326   main.o
       132         22          0          0          0       1635   misc.o
        64         26        236          0       4607        848   startup_stm32f10x_md.o
       390         10          0          0          0       7721   stm32f10x_adc.o
       506         26          0          0          0       5371   stm32f10x_dma.o
        52         12          0          0          0       1161   stm32f10x_flash.o
       286          0          0          0          0       3168   stm32f10x_gpio.o
        32          0          0          0          0       3990   stm32f10x_it.o
       752        104          0         20          0      12185   stm32f10x_rcc.o
       246         42          0          0          0       3750   stm32f10x_tim.o
       472          6          0          0          0       7107   stm32f10x_usart.o
       492         50          0         20          0       3033   system_stm32f10x.o
      2100        238          0         60        120       7754   user_bms.o
       752         70          0         81        144       6890   user_com.o
       128         12          0          0         10       1203   user_delay.o

    ----------------------------------------------------------------------
      6666        646        268        212       4928     340174   Object Totals
         0          0         32          0          0          0   (incl. Generated)
        18          0          0          3          3          0   (incl. Padding)

    ----------------------------------------------------------------------

      Code (inc. data)   RO Data    RW Data    ZI Data      Debug   Library Member Name

         8          0          0          0          0         68   __main.o
         0          0          0          0          0          0   __rtentry.o
        12          0          0          0          0          0   __rtentry2.o
         6          0          0          0          0          0   __rtentry4.o
        52          8          0          0          0          0   __scatter.o
        26          0          0          0          0          0   __scatter_copy.o
        28          0          0          0          0          0   __scatter_zi.o
        18          0          0          0          0         80   exit.o
         6          0          0          0          0        152   heapauxi.o
         0          0          0          0          0          0   indicate_semi.o
         2          0          0          0          0          0   libinit.o
         2          0          0          0          0          0   libinit2.o
         2          0          0          0          0          0   libshutdown.o
         2          0          0          0          0          0   libshutdown2.o
         8          4          0          0         96         68   libspace.o
         2          0          0          0          0          0   rtexit.o
        10          0          0          0          0          0   rtexit2.o
        12          4          0          0          0         68   sys_exit.o
        74          0          0          0          0         80   sys_stackheap_outer.o
         2          0          0          0          0         68   use_no_semi.o
        98          4          0          0          0         92   d2f.o
       804         16          0          0          0        272   daddsub_clz.o
       688        140          0          0          0        208   ddiv.o
        94          4          0          0          0         92   dfix.o
       340         12          0          0          0        104   dmul.o
       156          4          0          0          0         92   dnaninf.o
        12          0          0          0          0         68   dretinf.o
        86          4          0          0          0         84   f2d.o
       450          8          0          0          0        236   faddsub_clz.o
        24          0          0          0          0         68   fcmpi.o
       388         76          0          0          0         96   fdiv.o
        48          0          0          0          0         68   fflt_clz.o
       104          4          0          0          0         84   fleqf.o
       258          4          0          0          0         84   fmul.o
       140          4          0          0          0         84   fnaninf.o
        10          0          0          0          0         68   fretinf.o
        98          0          0          0          0         68   frleqf.o
         0          0          0          0          0          0   usenofp.o

    ----------------------------------------------------------------------
      4086        296          0          0        100       2452   Library Totals
        16          0          0          0          4          0   (incl. Padding)

    ----------------------------------------------------------------------

      Code (inc. data)   RO Data    RW Data    ZI Data      Debug   Library Name

       272         16          0          0         96        584   c_w.l
      3798        280          0          0          0       1868   fz_ws.l

    ----------------------------------------------------------------------
      4086        296          0          0        100       2452   Library Totals

    ----------------------------------------------------------------------

==============================================================================


      Code (inc. data)   RO Data    RW Data    ZI Data      Debug   

     10752        942        268        212       5028     337266   Grand Totals
     10752        942        268        212       5028     337266   ELF Image Totals
     10752        942        268        212          0          0   ROM Totals

==============================================================================

    Total RO  Size (Code + RO Data)                11020 (  10.76kB)
    Total RW  Size (RW Data + ZI Data)              5240 (   5.12kB)
    Total ROM Size (Code + RO Data + RW Data)      11232 (  10.97kB)

==============================================================================

